Archive member included to satisfy reference by file (symbol)

/Applications/STM32CubeIDE.app/Contents/Eclipse/plugins/com.st.stm32cube.ide.mcu.externaltools.gnu-tools-for-stm32.7-2018-q2-update.macos64_1.5.0.202011040924/tools/bin/../lib/gcc/arm-none-eabi/7.3.1/../../../../arm-none-eabi/lib/thumb/v7e-m/fpv4-sp/hard/libc_nano.a(lib_a-errno.o)
                              Core/Src/syscalls.o (__errno)
/Applications/STM32CubeIDE.app/Contents/Eclipse/plugins/com.st.stm32cube.ide.mcu.externaltools.gnu-tools-for-stm32.7-2018-q2-update.macos64_1.5.0.202011040924/tools/bin/../lib/gcc/arm-none-eabi/7.3.1/../../../../arm-none-eabi/lib/thumb/v7e-m/fpv4-sp/hard/libc_nano.a(lib_a-exit.o)
                              /Applications/STM32CubeIDE.app/Contents/Eclipse/plugins/com.st.stm32cube.ide.mcu.externaltools.gnu-tools-for-stm32.7-2018-q2-update.macos64_1.5.0.202011040924/tools/bin/../lib/gcc/arm-none-eabi/7.3.1/../../../../arm-none-eabi/lib/thumb/v7e-m/fpv4-sp/hard/crt0.o (exit)
/Applications/STM32CubeIDE.app/Contents/Eclipse/plugins/com.st.stm32cube.ide.mcu.externaltools.gnu-tools-for-stm32.7-2018-q2-update.macos64_1.5.0.202011040924/tools/bin/../lib/gcc/arm-none-eabi/7.3.1/../../../../arm-none-eabi/lib/thumb/v7e-m/fpv4-sp/hard/libc_nano.a(lib_a-impure.o)
                              /Applications/STM32CubeIDE.app/Contents/Eclipse/plugins/com.st.stm32cube.ide.mcu.externaltools.gnu-tools-for-stm32.7-2018-q2-update.macos64_1.5.0.202011040924/tools/bin/../lib/gcc/arm-none-eabi/7.3.1/../../../../arm-none-eabi/lib/thumb/v7e-m/fpv4-sp/hard/libc_nano.a(lib_a-exit.o) (_global_impure_ptr)
/Applications/STM32CubeIDE.app/Contents/Eclipse/plugins/com.st.stm32cube.ide.mcu.externaltools.gnu-tools-for-stm32.7-2018-q2-update.macos64_1.5.0.202011040924/tools/bin/../lib/gcc/arm-none-eabi/7.3.1/../../../../arm-none-eabi/lib/thumb/v7e-m/fpv4-sp/hard/libc_nano.a(lib_a-init.o)
                              /Applications/STM32CubeIDE.app/Contents/Eclipse/plugins/com.st.stm32cube.ide.mcu.externaltools.gnu-tools-for-stm32.7-2018-q2-update.macos64_1.5.0.202011040924/tools/bin/../lib/gcc/arm-none-eabi/7.3.1/../../../../arm-none-eabi/lib/thumb/v7e-m/fpv4-sp/hard/crt0.o (__libc_init_array)
/Applications/STM32CubeIDE.app/Contents/Eclipse/plugins/com.st.stm32cube.ide.mcu.externaltools.gnu-tools-for-stm32.7-2018-q2-update.macos64_1.5.0.202011040924/tools/bin/../lib/gcc/arm-none-eabi/7.3.1/../../../../arm-none-eabi/lib/thumb/v7e-m/fpv4-sp/hard/libc_nano.a(lib_a-memcpy-stub.o)
                              Middlewares/Third_Party/FreeRTOS/cmsis_os2.o (memcpy)
/Applications/STM32CubeIDE.app/Contents/Eclipse/plugins/com.st.stm32cube.ide.mcu.externaltools.gnu-tools-for-stm32.7-2018-q2-update.macos64_1.5.0.202011040924/tools/bin/../lib/gcc/arm-none-eabi/7.3.1/../../../../arm-none-eabi/lib/thumb/v7e-m/fpv4-sp/hard/libc_nano.a(lib_a-memset.o)
                              /Applications/STM32CubeIDE.app/Contents/Eclipse/plugins/com.st.stm32cube.ide.mcu.externaltools.gnu-tools-for-stm32.7-2018-q2-update.macos64_1.5.0.202011040924/tools/bin/../lib/gcc/arm-none-eabi/7.3.1/../../../../arm-none-eabi/lib/thumb/v7e-m/fpv4-sp/hard/crt0.o (memset)

Allocating common symbols
Common symbol       size              file

defaultTaskHandle   0x4               Core/Src/main.o
uwTick              0x4               Drivers/STM32H7xx_HAL_Driver/stm32h7xx_hal.o
xQueueRegistry      0x40              Middlewares/Third_Party/FreeRTOS/queue.o
pFlash              0x1c              Drivers/STM32H7xx_HAL_Driver/stm32h7xx_hal_flash.o
htim2               0x4c              Core/Src/stm32h7xx_hal_timebase_tim.o
blinkHandle         0x4               Core/Src/main.o

Discarded input sections

 .text          0x0000000000000000        0x0 /Applications/STM32CubeIDE.app/Contents/Eclipse/plugins/com.st.stm32cube.ide.mcu.externaltools.gnu-tools-for-stm32.7-2018-q2-update.macos64_1.5.0.202011040924/tools/bin/../lib/gcc/arm-none-eabi/7.3.1/thumb/v7e-m/fpv4-sp/hard/crti.o
 .data          0x0000000000000000        0x0 /Applications/STM32CubeIDE.app/Contents/Eclipse/plugins/com.st.stm32cube.ide.mcu.externaltools.gnu-tools-for-stm32.7-2018-q2-update.macos64_1.5.0.202011040924/tools/bin/../lib/gcc/arm-none-eabi/7.3.1/thumb/v7e-m/fpv4-sp/hard/crti.o
 .bss           0x0000000000000000        0x0 /Applications/STM32CubeIDE.app/Contents/Eclipse/plugins/com.st.stm32cube.ide.mcu.externaltools.gnu-tools-for-stm32.7-2018-q2-update.macos64_1.5.0.202011040924/tools/bin/../lib/gcc/arm-none-eabi/7.3.1/thumb/v7e-m/fpv4-sp/hard/crti.o
 .data          0x0000000000000000        0x4 /Applications/STM32CubeIDE.app/Contents/Eclipse/plugins/com.st.stm32cube.ide.mcu.externaltools.gnu-tools-for-stm32.7-2018-q2-update.macos64_1.5.0.202011040924/tools/bin/../lib/gcc/arm-none-eabi/7.3.1/thumb/v7e-m/fpv4-sp/hard/crtbegin.o
[...]
Memory Configuration

Name             Origin             Length             Attributes
FLASH            0x0000000008100000 0x0000000000100000 xr
RAM              0x0000000010000000 0x0000000000048000 xrw
*default*        0x0000000000000000 0xffffffffffffffff

Linker script and memory map

LOAD /Applications/STM32CubeIDE.app/Contents/Eclipse/plugins/com.st.stm32cube.ide.mcu.externaltools.gnu-tools-for-stm32.7-2018-q2-update.macos64_1.5.0.202011040924/tools/bin/../lib/gcc/arm-none-eabi/7.3.1/thumb/v7e-m/fpv4-sp/hard/crti.o
LOAD /Applications/STM32CubeIDE.app/Contents/Eclipse/plugins/com.st.stm32cube.ide.mcu.externaltools.gnu-tools-for-stm32.7-2018-q2-update.macos64_1.5.0.202011040924/tools/bin/../lib/gcc/arm-none-eabi/7.3.1/thumb/v7e-m/fpv4-sp/hard/crtbegin.o
LOAD /Applications/STM32CubeIDE.app/Contents/Eclipse/plugins/com.st.stm32cube.ide.mcu.externaltools.gnu-tools-for-stm32.7-2018-q2-update.macos64_1.5.0.202011040924/tools/bin/../lib/gcc/arm-none-eabi/7.3.1/../../../../arm-none-eabi/lib/thumb/v7e-m/fpv4-sp/hard/crt0.o
LOAD Common/Src/system_stm32h7xx_dualcore_boot_cm4_cm7.o
LOAD Core/Src/freertos.o
LOAD Core/Src/main.o
LOAD Core/Src/stm32h7xx_hal_msp.o
LOAD Core/Src/stm32h7xx_hal_timebase_tim.o
LOAD Core/Src/stm32h7xx_it.o
LOAD Core/Src/syscalls.o
LOAD Core/Src/sysmem.o
LOAD Core/Startup/startup_stm32h745zitx.o
LOAD Drivers/STM32H7xx_HAL_Driver/stm32h7xx_hal.o
LOAD Drivers/STM32H7xx_HAL_Driver/stm32h7xx_hal_cortex.o
LOAD Drivers/STM32H7xx_HAL_Driver/stm32h7xx_hal_dma.o
LOAD Drivers/STM32H7xx_HAL_Driver/stm32h7xx_hal_dma_ex.o
LOAD Drivers/STM32H7xx_HAL_Driver/stm32h7xx_hal_exti.o
LOAD Drivers/STM32H7xx_HAL_Driver/stm32h7xx_hal_flash.o
LOAD Drivers/STM32H7xx_HAL_Driver/stm32h7xx_hal_flash_ex.o
LOAD Drivers/STM32H7xx_HAL_Driver/stm32h7xx_hal_gpio.o
LOAD Drivers/STM32H7xx_HAL_Driver/stm32h7xx_hal_hsem.o
LOAD Drivers/STM32H7xx_HAL_Driver/stm32h7xx_hal_i2c.o
LOAD Drivers/STM32H7xx_HAL_Driver/stm32h7xx_hal_i2c_ex.o
LOAD Drivers/STM32H7xx_HAL_Driver/stm32h7xx_hal_mdma.o
LOAD Drivers/STM32H7xx_HAL_Driver/stm32h7xx_hal_pwr.o
LOAD Drivers/STM32H7xx_HAL_Driver/stm32h7xx_hal_pwr_ex.o
LOAD Drivers/STM32H7xx_HAL_Driver/stm32h7xx_hal_rcc.o
LOAD Drivers/STM32H7xx_HAL_Driver/stm32h7xx_hal_rcc_ex.o
LOAD Drivers/STM32H7xx_HAL_Driver/stm32h7xx_hal_tim.o
LOAD Drivers/STM32H7xx_HAL_Driver/stm32h7xx_hal_tim_ex.o
LOAD Middlewares/Third_Party/FreeRTOS/cmsis_os2.o
LOAD Middlewares/Third_Party/FreeRTOS/croutine.o
LOAD Middlewares/Third_Party/FreeRTOS/event_groups.o
LOAD Middlewares/Third_Party/FreeRTOS/heap_4.o
LOAD Middlewares/Third_Party/FreeRTOS/list.o
LOAD Middlewares/Third_Party/FreeRTOS/port.o
LOAD Middlewares/Third_Party/FreeRTOS/queue.o
LOAD Middlewares/Third_Party/FreeRTOS/stream_buffer.o
LOAD Middlewares/Third_Party/FreeRTOS/tasks.o
LOAD Middlewares/Third_Party/FreeRTOS/timers.o
START GROUP
LOAD /Applications/STM32CubeIDE.app/Contents/Eclipse/plugins/com.st.stm32cube.ide.mcu.externaltools.gnu-tools-for-stm32.7-2018-q2-update.macos64_1.5.0.202011040924/tools/bin/../lib/gcc/arm-none-eabi/7.3.1/../../../../arm-none-eabi/lib/thumb/v7e-m/fpv4-sp/hard/libc_nano.a
LOAD /Applications/STM32CubeIDE.app/Contents/Eclipse/plugins/com.st.stm32cube.ide.mcu.externaltools.gnu-tools-for-stm32.7-2018-q2-update.macos64_1.5.0.202011040924/tools/bin/../lib/gcc/arm-none-eabi/7.3.1/../../../../arm-none-eabi/lib/thumb/v7e-m/fpv4-sp/hard/libm.a
END GROUP
START GROUP
LOAD /Applications/STM32CubeIDE.app/Contents/Eclipse/plugins/com.st.stm32cube.ide.mcu.externaltools.gnu-tools-for-stm32.7-2018-q2-update.macos64_1.5.0.202011040924/tools/bin/../lib/gcc/arm-none-eabi/7.3.1/thumb/v7e-m/fpv4-sp/hard/libgcc.a
LOAD /Applications/STM32CubeIDE.app/Contents/Eclipse/plugins/com.st.stm32cube.ide.mcu.externaltools.gnu-tools-for-stm32.7-2018-q2-update.macos64_1.5.0.202011040924/tools/bin/../lib/gcc/arm-none-eabi/7.3.1/../../../../arm-none-eabi/lib/thumb/v7e-m/fpv4-sp/hard/libc_nano.a
END GROUP
START GROUP
LOAD /Applications/STM32CubeIDE.app/Contents/Eclipse/plugins/com.st.stm32cube.ide.mcu.externaltools.gnu-tools-for-stm32.7-2018-q2-update.macos64_1.5.0.202011040924/tools/bin/../lib/gcc/arm-none-eabi/7.3.1/thumb/v7e-m/fpv4-sp/hard/libgcc.a
LOAD /Applications/STM32CubeIDE.app/Contents/Eclipse/plugins/com.st.stm32cube.ide.mcu.externaltools.gnu-tools-for-stm32.7-2018-q2-update.macos64_1.5.0.202011040924/tools/bin/../lib/gcc/arm-none-eabi/7.3.1/../../../../arm-none-eabi/lib/thumb/v7e-m/fpv4-sp/hard/libc_nano.a
LOAD /Applications/STM32CubeIDE.app/Contents/Eclipse/plugins/com.st.stm32cube.ide.mcu.externaltools.gnu-tools-for-stm32.7-2018-q2-update.macos64_1.5.0.202011040924/tools/bin/../lib/gcc/arm-none-eabi/7.3.1/../../../../arm-none-eabi/lib/thumb/v7e-m/fpv4-sp/hard/libnosys.a
END GROUP
START GROUP
LOAD /Applications/STM32CubeIDE.app/Contents/Eclipse/plugins/com.st.stm32cube.ide.mcu.externaltools.gnu-tools-for-stm32.7-2018-q2-update.macos64_1.5.0.202011040924/tools/bin/../lib/gcc/arm-none-eabi/7.3.1/thumb/v7e-m/fpv4-sp/hard/libgcc.a
LOAD /Applications/STM32CubeIDE.app/Contents/Eclipse/plugins/com.st.stm32cube.ide.mcu.externaltools.gnu-tools-for-stm32.7-2018-q2-update.macos64_1.5.0.202011040924/tools/bin/../lib/gcc/arm-none-eabi/7.3.1/../../../../arm-none-eabi/lib/thumb/v7e-m/fpv4-sp/hard/libc_nano.a
LOAD /Applications/STM32CubeIDE.app/Contents/Eclipse/plugins/com.st.stm32cube.ide.mcu.externaltools.gnu-tools-for-stm32.7-2018-q2-update.macos64_1.5.0.202011040924/tools/bin/../lib/gcc/arm-none-eabi/7.3.1/../../../../arm-none-eabi/lib/thumb/v7e-m/fpv4-sp/hard/libnosys.a
END GROUP
LOAD /Applications/STM32CubeIDE.app/Contents/Eclipse/plugins/com.st.stm32cube.ide.mcu.externaltools.gnu-tools-for-stm32.7-2018-q2-update.macos64_1.5.0.202011040924/tools/bin/../lib/gcc/arm-none-eabi/7.3.1/thumb/v7e-m/fpv4-sp/hard/crtend.o
LOAD /Applications/STM32CubeIDE.app/Contents/Eclipse/plugins/com.st.stm32cube.ide.mcu.externaltools.gnu-tools-for-stm32.7-2018-q2-update.macos64_1.5.0.202011040924/tools/bin/../lib/gcc/arm-none-eabi/7.3.1/thumb/v7e-m/fpv4-sp/hard/crtn.o
                0x0000000010048000                _estack = 0x10048000
                0x0000000000000200                _Min_Heap_Size = 0x200
                0x0000000000000400                _Min_Stack_Size = 0x400

.isr_vector     0x0000000008100000      0x298
                0x0000000008100000                . = ALIGN (0x4)
 *(.isr_vector)
 .isr_vector    0x0000000008100000      0x298 Core/Startup/startup_stm32h745zitx.o
                0x0000000008100000                g_pfnVectors
                0x0000000008100298                . = ALIGN (0x4)

.text           0x00000000081002a0     0x4088
                0x00000000081002a0                . = ALIGN (0x4)
 *(.text)
 .text          0x00000000081002a0       0x40 /Applications/STM32CubeIDE.app/Contents/Eclipse/plugins/com.st.stm32cube.ide.mcu.externaltools.gnu-tools-for-stm32.7-2018-q2-update.macos64_1.5.0.202011040924/tools/bin/../lib/gcc/arm-none-eabi/7.3.1/thumb/v7e-m/fpv4-sp/hard/crtbegin.o
 *(.text*)
 .text.SystemInit
                0x00000000081002e0       0x38 Common/Src/system_stm32h7xx_dualcore_boot_cm4_cm7.o
                0x00000000081002e0                SystemInit
 .text.main     0x0000000008100318       0xc4 Core/Src/main.o
                0x0000000008100318                main
 .text.MX_GPIO_Init
                0x00000000081003dc       0xb4 Core/Src/main.o
 .text.init_shared_memory
                0x0000000008100490       0x18 Core/Src/main.o
                0x0000000008100490                init_shared_memory
 .text.get_M7   0x00000000081004a8       0x64 Core/Src/main.o
                0x00000000081004a8                get_M7
 .text.StartDefaultTask
                0x000000000810050c       0x10 Core/Src/main.o
                0x000000000810050c                StartDefaultTask
 .text.doBlink  0x000000000810051c       0x50 Core/Src/main.o
                0x000000000810051c                doBlink
 .text.HAL_TIM_PeriodElapsedCallback
                0x000000000810056c       0x1e Core/Src/main.o
                0x000000000810056c                HAL_TIM_PeriodElapsedCallback
 *fill*         0x000000000810058a        0x2 
 .text.HAL_MspInit
                0x000000000810058c       0x3c Core/Src/stm32h7xx_hal_msp.o
                0x000000000810058c                HAL_MspInit
 .text.HAL_InitTick
                0x00000000081005c8       0xd4 Core/Src/stm32h7xx_hal_timebase_tim.o
                0x00000000081005c8                HAL_InitTick
 .text.NMI_Handler
                0x000000000810069c        0x6 Core/Src/stm32h7xx_it.o
                0x000000000810069c                NMI_Handler
 .text.HardFault_Handler
                0x00000000081006a2        0x6 Core/Src/stm32h7xx_it.o
                0x00000000081006a2                HardFault_Handler
 .text.MemManage_Handler
                0x00000000081006a8        0x6 Core/Src/stm32h7xx_it.o
                0x00000000081006a8                MemManage_Handler
 .text.BusFault_Handler
                0x00000000081006ae        0x6 Core/Src/stm32h7xx_it.o
                0x00000000081006ae                BusFault_Handler
 .text.UsageFault_Handler
                0x00000000081006b4        0x6 Core/Src/stm32h7xx_it.o
                0x00000000081006b4                UsageFault_Handler
 .text.DebugMon_Handler
                0x00000000081006ba        0xe Core/Src/stm32h7xx_it.o
                0x00000000081006ba                DebugMon_Handler
 .text.TIM2_IRQHandler
                0x00000000081006c8       0x14 Core/Src/stm32h7xx_it.o
                0x00000000081006c8                TIM2_IRQHandler
 .text.Reset_Handler
                0x00000000081006dc       0x50 Core/Startup/startup_stm32h745zitx.o
                0x00000000081006dc                Reset_Handler
 .text.Default_Handler
                0x000000000810072c        0x2 Core/Startup/startup_stm32h745zitx.o
                0x000000000810072c                DMA1_Stream3_IRQHandler
                0x000000000810072c                EXTI2_IRQHandler
                0x000000000810072c                TIM8_CC_IRQHandler
                0x000000000810072c                HRTIM1_Master_IRQHandler
                0x000000000810072c                UART8_IRQHandler
                0x000000000810072c                SPI4_IRQHandler
                0x000000000810072c                TIM1_CC_IRQHandler
                0x000000000810072c                BDMA_Channel6_IRQHandler
                0x000000000810072c                DMA2_Stream5_IRQHandler
                0x000000000810072c                HRTIM1_FLT_IRQHandler
                0x000000000810072c                JPEG_IRQHandler
                0x000000000810072c                DMA1_Stream5_IRQHandler
                0x000000000810072c                BDMA_Channel1_IRQHandler
                0x000000000810072c                HRTIM1_TIMD_IRQHandler
                0x000000000810072c                TAMP_STAMP_IRQHandler
                0x000000000810072c                EXTI3_IRQHandler
                0x000000000810072c                LPTIM4_IRQHandler
                0x000000000810072c                TIM8_TRG_COM_TIM14_IRQHandler
                0x000000000810072c                LPTIM2_IRQHandler
                0x000000000810072c                DFSDM1_FLT1_IRQHandler
                0x000000000810072c                DMAMUX2_OVR_IRQHandler
                0x000000000810072c                TIM8_UP_TIM13_IRQHandler
                0x000000000810072c                I2C3_ER_IRQHandler
                0x000000000810072c                DFSDM1_FLT2_IRQHandler
                0x000000000810072c                MDMA_IRQHandler
                0x000000000810072c                LPTIM3_IRQHandler
                0x000000000810072c                HSEM1_IRQHandler
                0x000000000810072c                EXTI0_IRQHandler
                0x000000000810072c                I2C2_EV_IRQHandler
                0x000000000810072c                DMA1_Stream2_IRQHandler
                0x000000000810072c                FPU_IRQHandler
                0x000000000810072c                OTG_HS_WKUP_IRQHandler
                0x000000000810072c                FDCAN1_IT1_IRQHandler
                0x000000000810072c                LTDC_ER_IRQHandler
                0x000000000810072c                DMA2_Stream2_IRQHandler
                0x000000000810072c                HRTIM1_TIME_IRQHandler
                0x000000000810072c                SPI1_IRQHandler
                0x000000000810072c                TIM6_DAC_IRQHandler
                0x000000000810072c                DCMI_IRQHandler
                0x000000000810072c                HRTIM1_TIMC_IRQHandler
                0x000000000810072c                DMA2_Stream3_IRQHandler
                0x000000000810072c                SAI2_IRQHandler
                0x000000000810072c                DFSDM1_FLT3_IRQHandler
                0x000000000810072c                USART6_IRQHandler
                0x000000000810072c                TIM17_IRQHandler
                0x000000000810072c                USART3_IRQHandler
                0x000000000810072c                BDMA_Channel7_IRQHandler
                0x000000000810072c                LPTIM5_IRQHandler
                0x000000000810072c                UART5_IRQHandler
                0x000000000810072c                ADC3_IRQHandler
                0x000000000810072c                DMA2_Stream0_IRQHandler
                0x000000000810072c                TIM4_IRQHandler
                0x000000000810072c                BDMA_Channel2_IRQHandler
                0x000000000810072c                QUADSPI_IRQHandler
                0x000000000810072c                I2C1_EV_IRQHandler
                0x000000000810072c                DMA1_Stream6_IRQHandler
                0x000000000810072c                DMAMUX1_OVR_IRQHandler
                0x000000000810072c                DMA1_Stream1_IRQHandler
                0x000000000810072c                TIM16_IRQHandler
                0x000000000810072c                UART4_IRQHandler
                0x000000000810072c                BDMA_Channel5_IRQHandler
                0x000000000810072c                TIM3_IRQHandler
                0x000000000810072c                RCC_IRQHandler
                0x000000000810072c                TIM8_BRK_TIM12_IRQHandler
                0x000000000810072c                TIM1_TRG_COM_IRQHandler
                0x000000000810072c                Default_Handler
                0x000000000810072c                ECC_IRQHandler
                0x000000000810072c                CEC_IRQHandler
                0x000000000810072c                EXTI15_10_IRQHandler
                0x000000000810072c                BDMA_Channel0_IRQHandler
                0x000000000810072c                ADC_IRQHandler
                0x000000000810072c                DMA1_Stream7_IRQHandler
                0x000000000810072c                HRTIM1_TIMA_IRQHandler
                0x000000000810072c                SPI5_IRQHandler
                0x000000000810072c                TIM7_IRQHandler
                0x000000000810072c                SDMMC1_IRQHandler
                0x000000000810072c                TIM5_IRQHandler
                0x000000000810072c                DMA2_Stream7_IRQHandler
                0x000000000810072c                TIM15_IRQHandler
                0x000000000810072c                PVD_AVD_IRQHandler
                0x000000000810072c                I2C3_EV_IRQHandler
                0x000000000810072c                EXTI9_5_IRQHandler
                0x000000000810072c                RTC_WKUP_IRQHandler
                0x000000000810072c                LTDC_IRQHandler
                0x000000000810072c                SAI3_IRQHandler
                0x000000000810072c                ETH_WKUP_IRQHandler
                0x000000000810072c                SPDIF_RX_IRQHandler
                0x000000000810072c                SPI2_IRQHandler
                0x000000000810072c                OTG_HS_EP1_IN_IRQHandler
                0x000000000810072c                DMA1_Stream0_IRQHandler
                0x000000000810072c                CRS_IRQHandler
                0x000000000810072c                CM7_SEV_IRQHandler
                0x000000000810072c                EXTI4_IRQHandler
                0x000000000810072c                RNG_IRQHandler
                0x000000000810072c                CM4_SEV_IRQHandler
                0x000000000810072c                HRTIM1_TIMB_IRQHandler
                0x000000000810072c                FDCAN2_IT1_IRQHandler
                0x000000000810072c                ETH_IRQHandler
                0x000000000810072c                TIM1_UP_IRQHandler
                0x000000000810072c                WWDG_RST_IRQHandler
                0x000000000810072c                BDMA_Channel4_IRQHandler
                0x000000000810072c                OTG_HS_EP1_OUT_IRQHandler
                0x000000000810072c                WWDG_IRQHandler
                0x000000000810072c                SPI6_IRQHandler
                0x000000000810072c                MDIOS_IRQHandler
                0x000000000810072c                I2C4_EV_IRQHandler
                0x000000000810072c                FDCAN2_IT0_IRQHandler
                0x000000000810072c                LPUART1_IRQHandler
                0x000000000810072c                FDCAN1_IT0_IRQHandler
                0x000000000810072c                OTG_FS_WKUP_IRQHandler
                0x000000000810072c                OTG_HS_IRQHandler
                0x000000000810072c                HSEM2_IRQHandler
                0x000000000810072c                DMA2D_IRQHandler
                0x000000000810072c                TIM1_BRK_IRQHandler
                0x000000000810072c                EXTI1_IRQHandler
                0x000000000810072c                SDMMC2_IRQHandler
                0x000000000810072c                OTG_FS_EP1_OUT_IRQHandler
                0x000000000810072c                BDMA_Channel3_IRQHandler
                0x000000000810072c                HOLD_CORE_IRQHandler
                0x000000000810072c                UART7_IRQHandler
                0x000000000810072c                MDIOS_WKUP_IRQHandler
                0x000000000810072c                USART2_IRQHandler
                0x000000000810072c                DFSDM1_FLT0_IRQHandler
                0x000000000810072c                SAI4_IRQHandler
                0x000000000810072c                I2C2_ER_IRQHandler
                0x000000000810072c                DMA2_Stream1_IRQHandler
                0x000000000810072c                FLASH_IRQHandler
                0x000000000810072c                DMA2_Stream4_IRQHandler
                0x000000000810072c                USART1_IRQHandler
                0x000000000810072c                OTG_FS_IRQHandler
                0x000000000810072c                SPI3_IRQHandler
                0x000000000810072c                WAKEUP_PIN_IRQHandler
                0x000000000810072c                DMA1_Stream4_IRQHandler
                0x000000000810072c                OTG_FS_EP1_IN_IRQHandler
                0x000000000810072c                I2C1_ER_IRQHandler
                0x000000000810072c                FMC_IRQHandler
                0x000000000810072c                FDCAN_CAL_IRQHandler
                0x000000000810072c                SWPMI1_IRQHandler
                0x000000000810072c                COMP1_IRQHandler
                0x000000000810072c                LPTIM1_IRQHandler
                0x000000000810072c                I2C4_ER_IRQHandler
                0x000000000810072c                DMA2_Stream6_IRQHandler
                0x000000000810072c                SAI1_IRQHandler
                0x000000000810072c                RTC_Alarm_IRQHandler
 *fill*         0x000000000810072e        0x2 
 .text.HAL_Init
                0x0000000008100730       0xbc Drivers/STM32H7xx_HAL_Driver/stm32h7xx_hal.o
                0x0000000008100730                HAL_Init
 .text.HAL_IncTick
                0x00000000081007ec       0x28 Drivers/STM32H7xx_HAL_Driver/stm32h7xx_hal.o
                0x00000000081007ec                HAL_IncTick
 .text.__NVIC_SetPriorityGrouping
                0x0000000008100814       0x48 Drivers/STM32H7xx_HAL_Driver/stm32h7xx_hal_cortex.o
 .text.__NVIC_GetPriorityGrouping
                0x000000000810085c       0x1c Drivers/STM32H7xx_HAL_Driver/stm32h7xx_hal_cortex.o
 .text.__NVIC_EnableIRQ
                0x0000000008100878       0x3c Drivers/STM32H7xx_HAL_Driver/stm32h7xx_hal_cortex.o
 .text.__NVIC_SetPriority
                0x00000000081008b4       0x54 Drivers/STM32H7xx_HAL_Driver/stm32h7xx_hal_cortex.o
 .text.NVIC_EncodePriority
                0x0000000008100908       0x66 Drivers/STM32H7xx_HAL_Driver/stm32h7xx_hal_cortex.o
 .text.HAL_NVIC_SetPriorityGrouping
                0x000000000810096e       0x16 Drivers/STM32H7xx_HAL_Driver/stm32h7xx_hal_cortex.o
                0x000000000810096e                HAL_NVIC_SetPriorityGrouping
 .text.HAL_NVIC_SetPriority
                0x0000000008100984       0x34 Drivers/STM32H7xx_HAL_Driver/stm32h7xx_hal_cortex.o
                0x0000000008100984                HAL_NVIC_SetPriority
 .text.HAL_NVIC_EnableIRQ
                0x00000000081009b8       0x1c Drivers/STM32H7xx_HAL_Driver/stm32h7xx_hal_cortex.o
                0x00000000081009b8                HAL_NVIC_EnableIRQ
 .text.HAL_GetCurrentCPUID
                0x00000000081009d4       0x28 Drivers/STM32H7xx_HAL_Driver/stm32h7xx_hal_cortex.o
                0x00000000081009d4                HAL_GetCurrentCPUID
 .text.HAL_GPIO_Init
                0x00000000081009fc      0x360 Drivers/STM32H7xx_HAL_Driver/stm32h7xx_hal_gpio.o
                0x00000000081009fc                HAL_GPIO_Init
 .text.HAL_GPIO_WritePin
                0x0000000008100d5c       0x32 Drivers/STM32H7xx_HAL_Driver/stm32h7xx_hal_gpio.o
                0x0000000008100d5c                HAL_GPIO_WritePin
 .text.HAL_GPIO_TogglePin
                0x0000000008100d8e       0x36 Drivers/STM32H7xx_HAL_Driver/stm32h7xx_hal_gpio.o
                0x0000000008100d8e                HAL_GPIO_TogglePin
 .text.HAL_HSEM_ActivateNotification
                0x0000000008100dc4       0x24 Drivers/STM32H7xx_HAL_Driver/stm32h7xx_hal_hsem.o
                0x0000000008100dc4                HAL_HSEM_ActivateNotification
 .text.HAL_PWREx_EnterSTOPMode
                0x0000000008100de8       0xec Drivers/STM32H7xx_HAL_Driver/stm32h7xx_hal_pwr_ex.o
                0x0000000008100de8                HAL_PWREx_EnterSTOPMode
 .text.HAL_PWREx_ClearPendingEvent
                0x0000000008100ed4       0x1a Drivers/STM32H7xx_HAL_Driver/stm32h7xx_hal_pwr_ex.o
                0x0000000008100ed4                HAL_PWREx_ClearPendingEvent
 *fill*         0x0000000008100eee        0x2 
 .text.HAL_RCC_GetSysClockFreq
                0x0000000008100ef0      0x2e4 Drivers/STM32H7xx_HAL_Driver/stm32h7xx_hal_rcc.o
                0x0000000008100ef0                HAL_RCC_GetSysClockFreq
 .text.HAL_RCC_GetHCLKFreq
                0x00000000081011d4       0x64 Drivers/STM32H7xx_HAL_Driver/stm32h7xx_hal_rcc.o
                0x00000000081011d4                HAL_RCC_GetHCLKFreq
 .text.HAL_RCC_GetPCLK1Freq
                0x0000000008101238       0x2c Drivers/STM32H7xx_HAL_Driver/stm32h7xx_hal_rcc.o
                0x0000000008101238                HAL_RCC_GetPCLK1Freq
 .text.HAL_RCC_GetClockConfig
                0x0000000008101264       0x84 Drivers/STM32H7xx_HAL_Driver/stm32h7xx_hal_rcc.o
                0x0000000008101264                HAL_RCC_GetClockConfig
 .text.HAL_TIM_Base_Init
                0x00000000081012e8       0xae Drivers/STM32H7xx_HAL_Driver/stm32h7xx_hal_tim.o
                0x00000000081012e8                HAL_TIM_Base_Init
 .text.HAL_TIM_Base_MspInit
                0x0000000008101396       0x14 Drivers/STM32H7xx_HAL_Driver/stm32h7xx_hal_tim.o
                0x0000000008101396                HAL_TIM_Base_MspInit
 *fill*         0x00000000081013aa        0x2 
 .text.HAL_TIM_Base_Start_IT
                0x00000000081013ac       0x6c Drivers/STM32H7xx_HAL_Driver/stm32h7xx_hal_tim.o
                0x00000000081013ac                HAL_TIM_Base_Start_IT
 .text.HAL_TIM_IRQHandler
                0x0000000008101418      0x23e Drivers/STM32H7xx_HAL_Driver/stm32h7xx_hal_tim.o
                0x0000000008101418                HAL_TIM_IRQHandler
 .text.HAL_TIM_OC_DelayElapsedCallback
                0x0000000008101656       0x14 Drivers/STM32H7xx_HAL_Driver/stm32h7xx_hal_tim.o
                0x0000000008101656                HAL_TIM_OC_DelayElapsedCallback
 .text.HAL_TIM_IC_CaptureCallback
                0x000000000810166a       0x14 Drivers/STM32H7xx_HAL_Driver/stm32h7xx_hal_tim.o
                0x000000000810166a                HAL_TIM_IC_CaptureCallback
 .text.HAL_TIM_PWM_PulseFinishedCallback
                0x000000000810167e       0x14 Drivers/STM32H7xx_HAL_Driver/stm32h7xx_hal_tim.o
                0x000000000810167e                HAL_TIM_PWM_PulseFinishedCallback
 .text.HAL_TIM_TriggerCallback
                0x0000000008101692       0x14 Drivers/STM32H7xx_HAL_Driver/stm32h7xx_hal_tim.o
                0x0000000008101692                HAL_TIM_TriggerCallback
 *fill*         0x00000000081016a6        0x2 
 .text.TIM_Base_SetConfig
                0x00000000081016a8      0x134 Drivers/STM32H7xx_HAL_Driver/stm32h7xx_hal_tim.o
                0x00000000081016a8                TIM_Base_SetConfig
 .text.HAL_TIMEx_CommutCallback
                0x00000000081017dc       0x14 Drivers/STM32H7xx_HAL_Driver/stm32h7xx_hal_tim_ex.o
                0x00000000081017dc                HAL_TIMEx_CommutCallback
 .text.HAL_TIMEx_BreakCallback
                0x00000000081017f0       0x14 Drivers/STM32H7xx_HAL_Driver/stm32h7xx_hal_tim_ex.o
                0x00000000081017f0                HAL_TIMEx_BreakCallback
 .text.HAL_TIMEx_Break2Callback
                0x0000000008101804       0x14 Drivers/STM32H7xx_HAL_Driver/stm32h7xx_hal_tim_ex.o
                0x0000000008101804                HAL_TIMEx_Break2Callback
 .text.SVC_Setup
                0x0000000008101818        0xe Middlewares/Third_Party/FreeRTOS/cmsis_os2.o
 *fill*         0x0000000008101826        0x2 
 .text.osKernelInitialize
                0x0000000008101828       0x68 Middlewares/Third_Party/FreeRTOS/cmsis_os2.o
                0x0000000008101828                osKernelInitialize
 .text.osKernelStart
                0x0000000008101890       0x6c Middlewares/Third_Party/FreeRTOS/cmsis_os2.o
                0x0000000008101890                osKernelStart
 .text.osThreadNew
                0x00000000081018fc      0x14c Middlewares/Third_Party/FreeRTOS/cmsis_os2.o
                0x00000000081018fc                osThreadNew
 .text.osDelay  0x0000000008101a48       0x5c Middlewares/Third_Party/FreeRTOS/cmsis_os2.o
                0x0000000008101a48                osDelay
 .text.vApplicationGetIdleTaskMemory
                0x0000000008101aa4       0x34 Middlewares/Third_Party/FreeRTOS/cmsis_os2.o
                0x0000000008101aa4                vApplicationGetIdleTaskMemory
 .text.vApplicationGetTimerTaskMemory
                0x0000000008101ad8       0x34 Middlewares/Third_Party/FreeRTOS/cmsis_os2.o
                0x0000000008101ad8                vApplicationGetTimerTaskMemory
 .text.pvPortMalloc
                0x0000000008101b0c      0x184 Middlewares/Third_Party/FreeRTOS/heap_4.o
                0x0000000008101b0c                pvPortMalloc
 .text.vPortFree
                0x0000000008101c90       0xb0 Middlewares/Third_Party/FreeRTOS/heap_4.o
                0x0000000008101c90                vPortFree
 .text.prvHeapInit
                0x0000000008101d40       0xc4 Middlewares/Third_Party/FreeRTOS/heap_4.o
 .text.prvInsertBlockIntoFreeList
                0x0000000008101e04       0xb4 Middlewares/Third_Party/FreeRTOS/heap_4.o
 .text.vListInitialise
                0x0000000008101eb8       0x40 Middlewares/Third_Party/FreeRTOS/list.o
                0x0000000008101eb8                vListInitialise
 .text.vListInitialiseItem
                0x0000000008101ef8       0x1a Middlewares/Third_Party/FreeRTOS/list.o
                0x0000000008101ef8                vListInitialiseItem
 .text.vListInsertEnd
                0x0000000008101f12       0x48 Middlewares/Third_Party/FreeRTOS/list.o
                0x0000000008101f12                vListInsertEnd
 .text.vListInsert
                0x0000000008101f5a       0x72 Middlewares/Third_Party/FreeRTOS/list.o
                0x0000000008101f5a                vListInsert
 .text.uxListRemove
                0x0000000008101fcc       0x54 Middlewares/Third_Party/FreeRTOS/list.o
                0x0000000008101fcc                uxListRemove
 .text.pxPortInitialiseStack
                0x0000000008102020       0x68 Middlewares/Third_Party/FreeRTOS/port.o
                0x0000000008102020                pxPortInitialiseStack
 .text.prvTaskExitError
                0x0000000008102088       0x54 Middlewares/Third_Party/FreeRTOS/port.o
 *fill*         0x00000000081020dc        0x4 
 .text.SVC_Handler
                0x00000000081020e0       0x28 Middlewares/Third_Party/FreeRTOS/port.o
                0x00000000081020e0                SVC_Handler
 .text.prvPortStartFirstTask
                0x0000000008102108       0x28 Middlewares/Third_Party/FreeRTOS/port.o
 .text.xPortStartScheduler
                0x0000000008102130      0x13c Middlewares/Third_Party/FreeRTOS/port.o
                0x0000000008102130                xPortStartScheduler
 .text.vPortEnterCritical
                0x000000000810226c       0x5c Middlewares/Third_Party/FreeRTOS/port.o
                0x000000000810226c                vPortEnterCritical
 .text.vPortExitCritical
                0x00000000081022c8       0x50 Middlewares/Third_Party/FreeRTOS/port.o
                0x00000000081022c8                vPortExitCritical
 *fill*         0x0000000008102318        0x8 
 .text.PendSV_Handler
                0x0000000008102320       0x68 Middlewares/Third_Party/FreeRTOS/port.o
                0x0000000008102320                PendSV_Handler
 .text.SysTick_Handler
                0x0000000008102388       0x40 Middlewares/Third_Party/FreeRTOS/port.o
                0x0000000008102388                SysTick_Handler
 .text.vPortSetupTimerInterrupt
                0x00000000081023c8       0x48 Middlewares/Third_Party/FreeRTOS/port.o
                0x00000000081023c8                vPortSetupTimerInterrupt
 .text.vPortEnableVFP
                0x0000000008102410       0x14 Middlewares/Third_Party/FreeRTOS/port.o
 .text.vPortValidateInterruptPriority
                0x0000000008102424       0x7c Middlewares/Third_Party/FreeRTOS/port.o
                0x0000000008102424                vPortValidateInterruptPriority
 .text.xQueueGenericReset
                0x00000000081024a0       0xd0 Middlewares/Third_Party/FreeRTOS/queue.o
                0x00000000081024a0                xQueueGenericReset
 .text.xQueueGenericCreateStatic
                0x0000000008102570       0xe6 Middlewares/Third_Party/FreeRTOS/queue.o
                0x0000000008102570                xQueueGenericCreateStatic
 .text.prvInitialiseNewQueue
                0x0000000008102656       0x46 Middlewares/Third_Party/FreeRTOS/queue.o
 .text.xQueueGenericSend
                0x000000000810269c      0x1f4 Middlewares/Third_Party/FreeRTOS/queue.o
                0x000000000810269c                xQueueGenericSend
 .text.xQueueGenericSendFromISR
                0x0000000008102890      0x128 Middlewares/Third_Party/FreeRTOS/queue.o
                0x0000000008102890                xQueueGenericSendFromISR
 .text.xQueueReceive
                0x00000000081029b8      0x1b8 Middlewares/Third_Party/FreeRTOS/queue.o
                0x00000000081029b8                xQueueReceive
 .text.prvCopyDataToQueue
                0x0000000008102b70       0xd4 Middlewares/Third_Party/FreeRTOS/queue.o
 .text.prvCopyDataFromQueue
                0x0000000008102c44       0x4c Middlewares/Third_Party/FreeRTOS/queue.o
 .text.prvUnlockQueue
                0x0000000008102c90       0xa4 Middlewares/Third_Party/FreeRTOS/queue.o
 .text.prvIsQueueEmpty
                0x0000000008102d34       0x2c Middlewares/Third_Party/FreeRTOS/queue.o
 .text.prvIsQueueFull
                0x0000000008102d60       0x30 Middlewares/Third_Party/FreeRTOS/queue.o
 .text.vQueueAddToRegistry
                0x0000000008102d90       0x50 Middlewares/Third_Party/FreeRTOS/queue.o
                0x0000000008102d90                vQueueAddToRegistry
 .text.vQueueWaitForMessageRestricted
                0x0000000008102de0       0x68 Middlewares/Third_Party/FreeRTOS/queue.o
                0x0000000008102de0                vQueueWaitForMessageRestricted
 .text.xTaskCreateStatic
                0x0000000008102e48       0xb4 Middlewares/Third_Party/FreeRTOS/tasks.o
                0x0000000008102e48                xTaskCreateStatic
 .text.xTaskCreate
                0x0000000008102efc       0x8a Middlewares/Third_Party/FreeRTOS/tasks.o
                0x0000000008102efc                xTaskCreate
 .text.prvInitialiseNewTask
                0x0000000008102f86      0x11c Middlewares/Third_Party/FreeRTOS/tasks.o
 *fill*         0x00000000081030a2        0x2 
 .text.prvAddNewTaskToReadyList
                0x00000000081030a4       0xe0 Middlewares/Third_Party/FreeRTOS/tasks.o
 .text.vTaskDelay
                0x0000000008103184       0x68 Middlewares/Third_Party/FreeRTOS/tasks.o
                0x0000000008103184                vTaskDelay
 .text.vTaskStartScheduler
                0x00000000081031ec       0xc8 Middlewares/Third_Party/FreeRTOS/tasks.o
                0x00000000081031ec                vTaskStartScheduler
 .text.vTaskSuspendAll
                0x00000000081032b4       0x1c Middlewares/Third_Party/FreeRTOS/tasks.o
                0x00000000081032b4                vTaskSuspendAll
 .text.xTaskResumeAll
                0x00000000081032d0      0x138 Middlewares/Third_Party/FreeRTOS/tasks.o
                0x00000000081032d0                xTaskResumeAll
 .text.xTaskGetTickCount
                0x0000000008103408       0x20 Middlewares/Third_Party/FreeRTOS/tasks.o
                0x0000000008103408                xTaskGetTickCount
 .text.xTaskIncrementTick
                0x0000000008103428      0x170 Middlewares/Third_Party/FreeRTOS/tasks.o
                0x0000000008103428                xTaskIncrementTick
 .text.vTaskSwitchContext
                0x0000000008103598       0xb8 Middlewares/Third_Party/FreeRTOS/tasks.o
                0x0000000008103598                vTaskSwitchContext
 .text.vTaskPlaceOnEventList
                0x0000000008103650       0x48 Middlewares/Third_Party/FreeRTOS/tasks.o
                0x0000000008103650                vTaskPlaceOnEventList
 .text.vTaskPlaceOnEventListRestricted
                0x0000000008103698       0x54 Middlewares/Third_Party/FreeRTOS/tasks.o
                0x0000000008103698                vTaskPlaceOnEventListRestricted
 .text.xTaskRemoveFromEventList
                0x00000000081036ec       0xc4 Middlewares/Third_Party/FreeRTOS/tasks.o
                0x00000000081036ec                xTaskRemoveFromEventList
 .text.vTaskInternalSetTimeOutState
                0x00000000081037b0       0x2c Middlewares/Third_Party/FreeRTOS/tasks.o
                0x00000000081037b0                vTaskInternalSetTimeOutState
 .text.xTaskCheckForTimeOut
                0x00000000081037dc       0xc0 Middlewares/Third_Party/FreeRTOS/tasks.o
                0x00000000081037dc                xTaskCheckForTimeOut
 .text.vTaskMissedYield
                0x000000000810389c       0x18 Middlewares/Third_Party/FreeRTOS/tasks.o
                0x000000000810389c                vTaskMissedYield
 .text.prvIdleTask
                0x00000000081038b4       0x30 Middlewares/Third_Party/FreeRTOS/tasks.o
 .text.prvInitialiseTaskLists
                0x00000000081038e4       0x80 Middlewares/Third_Party/FreeRTOS/tasks.o
 .text.prvCheckTasksWaitingTermination
                0x0000000008103964       0x58 Middlewares/Third_Party/FreeRTOS/tasks.o
 .text.prvDeleteTCB
                0x00000000081039bc       0x5c Middlewares/Third_Party/FreeRTOS/tasks.o
 .text.prvResetNextTaskUnblockTime
                0x0000000008103a18       0x40 Middlewares/Third_Party/FreeRTOS/tasks.o
 .text.xTaskGetSchedulerState
                0x0000000008103a58       0x3c Middlewares/Third_Party/FreeRTOS/tasks.o
                0x0000000008103a58                xTaskGetSchedulerState
 .text.xTaskPriorityDisinherit
                0x0000000008103a94       0xd8 Middlewares/Third_Party/FreeRTOS/tasks.o
                0x0000000008103a94                xTaskPriorityDisinherit
 .text.prvAddCurrentTaskToDelayedList
                0x0000000008103b6c       0xa8 Middlewares/Third_Party/FreeRTOS/tasks.o
 .text.xTimerCreateTimerTask
                0x0000000008103c14       0x90 Middlewares/Third_Party/FreeRTOS/timers.o
                0x0000000008103c14                xTimerCreateTimerTask
 .text.xTimerGenericCommand
                0x0000000008103ca4       0x98 Middlewares/Third_Party/FreeRTOS/timers.o
                0x0000000008103ca4                xTimerGenericCommand
 .text.prvProcessExpiredTimer
                0x0000000008103d3c       0x98 Middlewares/Third_Party/FreeRTOS/timers.o
 .text.prvTimerTask
                0x0000000008103dd4       0x24 Middlewares/Third_Party/FreeRTOS/timers.o
 .text.prvProcessTimerOrBlockTask
                0x0000000008103df8       0x9c Middlewares/Third_Party/FreeRTOS/timers.o
 .text.prvGetNextExpireTime
                0x0000000008103e94       0x48 Middlewares/Third_Party/FreeRTOS/timers.o
 .text.prvSampleTimeNow
                0x0000000008103edc       0x40 Middlewares/Third_Party/FreeRTOS/timers.o
 .text.prvInsertTimerInActiveList
                0x0000000008103f1c       0x84 Middlewares/Third_Party/FreeRTOS/timers.o
 .text.prvProcessReceivedCommands
                0x0000000008103fa0      0x1b8 Middlewares/Third_Party/FreeRTOS/timers.o
 .text.prvSwitchTimerLists
                0x0000000008104158       0xc8 Middlewares/Third_Party/FreeRTOS/timers.o
 .text.prvCheckForValidListAndQueue
                0x0000000008104220       0x80 Middlewares/Third_Party/FreeRTOS/timers.o
 .text.__libc_init_array
                0x00000000081042a0       0x48 /Applications/STM32CubeIDE.app/Contents/Eclipse/plugins/com.st.stm32cube.ide.mcu.externaltools.gnu-tools-for-stm32.7-2018-q2-update.macos64_1.5.0.202011040924/tools/bin/../lib/gcc/arm-none-eabi/7.3.1/../../../../arm-none-eabi/lib/thumb/v7e-m/fpv4-sp/hard/libc_nano.a(lib_a-init.o)
                0x00000000081042a0                __libc_init_array
 .text.memcpy   0x00000000081042e8       0x16 /Applications/STM32CubeIDE.app/Contents/Eclipse/plugins/com.st.stm32cube.ide.mcu.externaltools.gnu-tools-for-stm32.7-2018-q2-update.macos64_1.5.0.202011040924/tools/bin/../lib/gcc/arm-none-eabi/7.3.1/../../../../arm-none-eabi/lib/thumb/v7e-m/fpv4-sp/hard/libc_nano.a(lib_a-memcpy-stub.o)
                0x00000000081042e8                memcpy
 .text.memset   0x00000000081042fe       0x10 /Applications/STM32CubeIDE.app/Contents/Eclipse/plugins/com.st.stm32cube.ide.mcu.externaltools.gnu-tools-for-stm32.7-2018-q2-update.macos64_1.5.0.202011040924/tools/bin/../lib/gcc/arm-none-eabi/7.3.1/../../../../arm-none-eabi/lib/thumb/v7e-m/fpv4-sp/hard/libc_nano.a(lib_a-memset.o)
                0x00000000081042fe                memset
 *(.glue_7)
 .glue_7        0x000000000810430e        0x0 linker stubs
 *(.glue_7t)
 .glue_7t       0x000000000810430e        0x0 linker stubs
 *(.eh_frame)
 *fill*         0x000000000810430e        0x2 
 .eh_frame      0x0000000008104310        0x0 /Applications/STM32CubeIDE.app/Contents/Eclipse/plugins/com.st.stm32cube.ide.mcu.externaltools.gnu-tools-for-stm32.7-2018-q2-update.macos64_1.5.0.202011040924/tools/bin/../lib/gcc/arm-none-eabi/7.3.1/thumb/v7e-m/fpv4-sp/hard/crtbegin.o
 *(.init)
 .init          0x0000000008104310        0x4 /Applications/STM32CubeIDE.app/Contents/Eclipse/plugins/com.st.stm32cube.ide.mcu.externaltools.gnu-tools-for-stm32.7-2018-q2-update.macos64_1.5.0.202011040924/tools/bin/../lib/gcc/arm-none-eabi/7.3.1/thumb/v7e-m/fpv4-sp/hard/crti.o
                0x0000000008104310                _init
 .init          0x0000000008104314        0x8 /Applications/STM32CubeIDE.app/Contents/Eclipse/plugins/com.st.stm32cube.ide.mcu.externaltools.gnu-tools-for-stm32.7-2018-q2-update.macos64_1.5.0.202011040924/tools/bin/../lib/gcc/arm-none-eabi/7.3.1/thumb/v7e-m/fpv4-sp/hard/crtn.o
 *(.fini)
 .fini          0x000000000810431c        0x4 /Applications/STM32CubeIDE.app/Contents/Eclipse/plugins/com.st.stm32cube.ide.mcu.externaltools.gnu-tools-for-stm32.7-2018-q2-update.macos64_1.5.0.202011040924/tools/bin/../lib/gcc/arm-none-eabi/7.3.1/thumb/v7e-m/fpv4-sp/hard/crti.o
                0x000000000810431c                _fini
 .fini          0x0000000008104320        0x8 /Applications/STM32CubeIDE.app/Contents/Eclipse/plugins/com.st.stm32cube.ide.mcu.externaltools.gnu-tools-for-stm32.7-2018-q2-update.macos64_1.5.0.202011040924/tools/bin/../lib/gcc/arm-none-eabi/7.3.1/thumb/v7e-m/fpv4-sp/hard/crtn.o
                0x0000000008104328                . = ALIGN (0x4)
                0x0000000008104328                _etext = .

.vfp11_veneer   0x0000000008104328        0x0
 .vfp11_veneer  0x0000000008104328        0x0 linker stubs

.v4_bx          0x0000000008104328        0x0
 .v4_bx         0x0000000008104328        0x0 linker stubs

.iplt           0x0000000008104328        0x0
 .iplt          0x0000000008104328        0x0 /Applications/STM32CubeIDE.app/Contents/Eclipse/plugins/com.st.stm32cube.ide.mcu.externaltools.gnu-tools-for-stm32.7-2018-q2-update.macos64_1.5.0.202011040924/tools/bin/../lib/gcc/arm-none-eabi/7.3.1/thumb/v7e-m/fpv4-sp/hard/crtbegin.o

.rodata         0x0000000008104328       0x84
                0x0000000008104328                . = ALIGN (0x4)
 *(.rodata)
 .rodata        0x0000000008104328       0x12 Core/Src/main.o
 *fill*         0x000000000810433a        0x2 
 .rodata        0x000000000810433c        0x5 Middlewares/Third_Party/FreeRTOS/tasks.o
 *fill*         0x0000000008104341        0x3 
 .rodata        0x0000000008104344        0xd Middlewares/Third_Party/FreeRTOS/timers.o
 *(.rodata*)
 *fill*         0x0000000008104351        0x3 
 .rodata.D1CorePrescTable
                0x0000000008104354       0x10 Common/Src/system_stm32h7xx_dualcore_boot_cm4_cm7.o
                0x0000000008104354                D1CorePrescTable
 .rodata.defaultTask_attributes
                0x0000000008104364       0x24 Core/Src/main.o
                0x0000000008104364                defaultTask_attributes
 .rodata.blink_attributes
                0x0000000008104388       0x24 Core/Src/main.o
                0x0000000008104388                blink_attributes
                0x00000000081043ac                . = ALIGN (0x4)

.rel.dyn        0x00000000081043ac        0x0
 .rel.iplt      0x00000000081043ac        0x0 /Applications/STM32CubeIDE.app/Contents/Eclipse/plugins/com.st.stm32cube.ide.mcu.externaltools.gnu-tools-for-stm32.7-2018-q2-update.macos64_1.5.0.202011040924/tools/bin/../lib/gcc/arm-none-eabi/7.3.1/thumb/v7e-m/fpv4-sp/hard/crtbegin.o

.ARM.extab
 *(.ARM.extab* .gnu.linkonce.armextab.*)

.ARM            0x00000000081043ac        0x0
                0x00000000081043ac                __exidx_start = .
 *(.ARM.exidx*)
                0x00000000081043ac                __exidx_end = .

.preinit_array  0x00000000081043ac        0x0
                0x00000000081043ac                PROVIDE (__preinit_array_start = .)
 *(.preinit_array*)
                0x00000000081043ac                PROVIDE (__preinit_array_end = .)

.init_array     0x00000000081043ac        0x4
                0x00000000081043ac                PROVIDE (__init_array_start = .)
 *(SORT_BY_NAME(.init_array.*))
 *(.init_array*)
 .init_array    0x00000000081043ac        0x4 /Applications/STM32CubeIDE.app/Contents/Eclipse/plugins/com.st.stm32cube.ide.mcu.externaltools.gnu-tools-for-stm32.7-2018-q2-update.macos64_1.5.0.202011040924/tools/bin/../lib/gcc/arm-none-eabi/7.3.1/thumb/v7e-m/fpv4-sp/hard/crtbegin.o
                0x00000000081043b0                PROVIDE (__init_array_end = .)

.fini_array     0x00000000081043b0        0x4
                [!provide]                        PROVIDE (__fini_array_start = .)
 *(SORT_BY_NAME(.fini_array.*))
 *(.fini_array*)
 .fini_array    0x00000000081043b0        0x4 /Applications/STM32CubeIDE.app/Contents/Eclipse/plugins/com.st.stm32cube.ide.mcu.externaltools.gnu-tools-for-stm32.7-2018-q2-update.macos64_1.5.0.202011040924/tools/bin/../lib/gcc/arm-none-eabi/7.3.1/thumb/v7e-m/fpv4-sp/hard/crtbegin.o
                [!provide]                        PROVIDE (__fini_array_end = .)
                0x00000000081043b4                _sidata = LOADADDR (.data)

.data           0x0000000010000000       0x14 load address 0x00000000081043b4
                0x0000000010000000                . = ALIGN (0x4)
                0x0000000010000000                _sdata = .
 *(.data)
 *(.data*)
 .data.SystemCoreClock
                0x0000000010000000        0x4 Common/Src/system_stm32h7xx_dualcore_boot_cm4_cm7.o
                0x0000000010000000                SystemCoreClock
 .data.SystemD2Clock
                0x0000000010000004        0x4 Common/Src/system_stm32h7xx_dualcore_boot_cm4_cm7.o
                0x0000000010000004                SystemD2Clock
 .data.uwTickPrio
                0x0000000010000008        0x4 Drivers/STM32H7xx_HAL_Driver/stm32h7xx_hal.o
                0x0000000010000008                uwTickPrio
 .data.uwTickFreq
                0x000000001000000c        0x1 Drivers/STM32H7xx_HAL_Driver/stm32h7xx_hal.o
                0x000000001000000c                uwTickFreq
 *fill*         0x000000001000000d        0x3 
 .data.uxCriticalNesting
                0x0000000010000010        0x4 Middlewares/Third_Party/FreeRTOS/port.o
 *(.RamFunc)
 *(.RamFunc*)
                0x0000000010000014                . = ALIGN (0x4)
                0x0000000010000014                _edata = .

.igot.plt       0x0000000010000014        0x0 load address 0x00000000081043c8
 .igot.plt      0x0000000010000014        0x0 /Applications/STM32CubeIDE.app/Contents/Eclipse/plugins/com.st.stm32cube.ide.mcu.externaltools.gnu-tools-for-stm32.7-2018-q2-update.macos64_1.5.0.202011040924/tools/bin/../lib/gcc/arm-none-eabi/7.3.1/thumb/v7e-m/fpv4-sp/hard/crtbegin.o
                0x0000000010000014                . = ALIGN (0x4)

.bss            0x0000000010000014     0x49bc load address 0x00000000081043c8
                0x0000000010000014                _sbss = .
                0x0000000010000014                __bss_start__ = _sbss
 *(.bss)
 .bss           0x0000000010000014       0x1c /Applications/STM32CubeIDE.app/Contents/Eclipse/plugins/com.st.stm32cube.ide.mcu.externaltools.gnu-tools-for-stm32.7-2018-q2-update.macos64_1.5.0.202011040924/tools/bin/../lib/gcc/arm-none-eabi/7.3.1/thumb/v7e-m/fpv4-sp/hard/crtbegin.o
 *(.bss*)
 .bss.KernelState
                0x0000000010000030        0x4 Middlewares/Third_Party/FreeRTOS/cmsis_os2.o
 .bss.Idle_TCB  0x0000000010000034       0x5c Middlewares/Third_Party/FreeRTOS/cmsis_os2.o
 .bss.Idle_Stack
                0x0000000010000090      0x200 Middlewares/Third_Party/FreeRTOS/cmsis_os2.o
 .bss.Timer_TCB
                0x0000000010000290       0x5c Middlewares/Third_Party/FreeRTOS/cmsis_os2.o
 .bss.Timer_Stack
                0x00000000100002ec      0x400 Middlewares/Third_Party/FreeRTOS/cmsis_os2.o
 .bss.ucHeap    0x00000000100006ec     0x3c00 Middlewares/Third_Party/FreeRTOS/heap_4.o
 .bss.xStart    0x00000000100042ec        0x8 Middlewares/Third_Party/FreeRTOS/heap_4.o
 .bss.pxEnd     0x00000000100042f4        0x4 Middlewares/Third_Party/FreeRTOS/heap_4.o
 .bss.xFreeBytesRemaining
                0x00000000100042f8        0x4 Middlewares/Third_Party/FreeRTOS/heap_4.o
 .bss.xMinimumEverFreeBytesRemaining
                0x00000000100042fc        0x4 Middlewares/Third_Party/FreeRTOS/heap_4.o
 .bss.xBlockAllocatedBit
                0x0000000010004300        0x4 Middlewares/Third_Party/FreeRTOS/heap_4.o
 .bss.ucMaxSysCallPriority
                0x0000000010004304        0x1 Middlewares/Third_Party/FreeRTOS/port.o
 *fill*         0x0000000010004305        0x3 
 .bss.ulMaxPRIGROUPValue
                0x0000000010004308        0x4 Middlewares/Third_Party/FreeRTOS/port.o
 .bss.pxCurrentTCB
                0x000000001000430c        0x4 Middlewares/Third_Party/FreeRTOS/tasks.o
                0x000000001000430c                pxCurrentTCB
 .bss.pxReadyTasksLists
                0x0000000010004310      0x460 Middlewares/Third_Party/FreeRTOS/tasks.o
 .bss.xDelayedTaskList1
                0x0000000010004770       0x14 Middlewares/Third_Party/FreeRTOS/tasks.o
 .bss.xDelayedTaskList2
                0x0000000010004784       0x14 Middlewares/Third_Party/FreeRTOS/tasks.o
 .bss.pxDelayedTaskList
                0x0000000010004798        0x4 Middlewares/Third_Party/FreeRTOS/tasks.o
 .bss.pxOverflowDelayedTaskList
                0x000000001000479c        0x4 Middlewares/Third_Party/FreeRTOS/tasks.o
 .bss.xPendingReadyList
                0x00000000100047a0       0x14 Middlewares/Third_Party/FreeRTOS/tasks.o
 .bss.xTasksWaitingTermination
                0x00000000100047b4       0x14 Middlewares/Third_Party/FreeRTOS/tasks.o
 .bss.uxDeletedTasksWaitingCleanUp
                0x00000000100047c8        0x4 Middlewares/Third_Party/FreeRTOS/tasks.o
 .bss.xSuspendedTaskList
                0x00000000100047cc       0x14 Middlewares/Third_Party/FreeRTOS/tasks.o
 .bss.uxCurrentNumberOfTasks
                0x00000000100047e0        0x4 Middlewares/Third_Party/FreeRTOS/tasks.o
 .bss.xTickCount
                0x00000000100047e4        0x4 Middlewares/Third_Party/FreeRTOS/tasks.o
 .bss.uxTopReadyPriority
                0x00000000100047e8        0x4 Middlewares/Third_Party/FreeRTOS/tasks.o
 .bss.xSchedulerRunning
                0x00000000100047ec        0x4 Middlewares/Third_Party/FreeRTOS/tasks.o
 .bss.uxPendedTicks
                0x00000000100047f0        0x4 Middlewares/Third_Party/FreeRTOS/tasks.o
 .bss.xYieldPending
                0x00000000100047f4        0x4 Middlewares/Third_Party/FreeRTOS/tasks.o
 .bss.xNumOfOverflows
                0x00000000100047f8        0x4 Middlewares/Third_Party/FreeRTOS/tasks.o
 .bss.uxTaskNumber
                0x00000000100047fc        0x4 Middlewares/Third_Party/FreeRTOS/tasks.o
 .bss.xNextTaskUnblockTime
                0x0000000010004800        0x4 Middlewares/Third_Party/FreeRTOS/tasks.o
 .bss.xIdleTaskHandle
                0x0000000010004804        0x4 Middlewares/Third_Party/FreeRTOS/tasks.o
 .bss.uxSchedulerSuspended
                0x0000000010004808        0x4 Middlewares/Third_Party/FreeRTOS/tasks.o
 .bss.xActiveTimerList1
                0x000000001000480c       0x14 Middlewares/Third_Party/FreeRTOS/timers.o
 .bss.xActiveTimerList2
                0x0000000010004820       0x14 Middlewares/Third_Party/FreeRTOS/timers.o
 .bss.pxCurrentTimerList
                0x0000000010004834        0x4 Middlewares/Third_Party/FreeRTOS/timers.o
 .bss.pxOverflowTimerList
                0x0000000010004838        0x4 Middlewares/Third_Party/FreeRTOS/timers.o
 .bss.xTimerQueue
                0x000000001000483c        0x4 Middlewares/Third_Party/FreeRTOS/timers.o
 .bss.xTimerTaskHandle
                0x0000000010004840        0x4 Middlewares/Third_Party/FreeRTOS/timers.o
 .bss.xLastTime.6741
                0x0000000010004844        0x4 Middlewares/Third_Party/FreeRTOS/timers.o
 .bss.ucStaticTimerQueueStorage.6792
                0x0000000010004848       0xa0 Middlewares/Third_Party/FreeRTOS/timers.o
 .bss.xStaticTimerQueue.6791
                0x00000000100048e8       0x50 Middlewares/Third_Party/FreeRTOS/timers.o
 *(COMMON)
 COMMON         0x0000000010004938        0x8 Core/Src/main.o
                0x0000000010004938                defaultTaskHandle
                0x000000001000493c                blinkHandle
 COMMON         0x0000000010004940       0x4c Core/Src/stm32h7xx_hal_timebase_tim.o
                0x0000000010004940                htim2
 COMMON         0x000000001000498c        0x4 Drivers/STM32H7xx_HAL_Driver/stm32h7xx_hal.o
                0x000000001000498c                uwTick
 COMMON         0x0000000010004990       0x40 Middlewares/Third_Party/FreeRTOS/queue.o
                0x0000000010004990                xQueueRegistry
                0x00000000100049d0                . = ALIGN (0x4)
                0x00000000100049d0                _ebss = .
                0x00000000100049d0                __bss_end__ = _ebss

._user_heap_stack
                0x00000000100049d0      0x600 load address 0x00000000081043c8
                0x00000000100049d0                . = ALIGN (0x8)
                [!provide]                        PROVIDE (end = .)
                0x00000000100049d0                PROVIDE (_end = .)
                0x0000000010004bd0                . = (. + _Min_Heap_Size)
 *fill*         0x00000000100049d0      0x200 
                0x0000000010004fd0                . = (. + _Min_Stack_Size)
 *fill*         0x0000000010004bd0      0x400 
                0x0000000010004fd0                . = ALIGN (0x8)

/DISCARD/
 libc.a(*)
 libm.a(*)
 libgcc.a(*)

.ARM.attributes
                0x0000000000000000       0x30
 *(.ARM.attributes)
 .ARM.attributes
                0x0000000000000000       0x22 /Applications/STM32CubeIDE.app/Contents/Eclipse/plugins/com.st.stm32cube.ide.mcu.externaltools.gnu-tools-for-stm32.7-2018-q2-update.macos64_1.5.0.202011040924/tools/bin/../lib/gcc/arm-none-eabi/7.3.1/thumb/v7e-m/fpv4-sp/hard/crti.o
 .ARM.attributes
                0x0000000000000022       0x34 /Applications/STM32CubeIDE.app/Contents/Eclipse/plugins/com.st.stm32cube.ide.mcu.externaltools.gnu-tools-for-stm32.7-2018-q2-update.macos64_1.5.0.202011040924/tools/bin/../lib/gcc/arm-none-eabi/7.3.1/thumb/v7e-m/fpv4-sp/hard/crtbegin.o
 .ARM.attributes
                0x0000000000000056       0x39 Common/Src/system_stm32h7xx_dualcore_boot_cm4_cm7.o
 .ARM.attributes
                0x000000000000008f       0x39 Core/Src/main.o
 .ARM.attributes
                0x00000000000000c8       0x39 Core/Src/stm32h7xx_hal_msp.o
 .ARM.attributes
                0x0000000000000101       0x39 Core/Src/stm32h7xx_hal_timebase_tim.o
 .ARM.attributes
                0x000000000000013a       0x39 Core/Src/stm32h7xx_it.o
 .ARM.attributes
                0x0000000000000173       0x21 Core/Startup/startup_stm32h745zitx.o
 .ARM.attributes
                0x0000000000000194       0x39 Drivers/STM32H7xx_HAL_Driver/stm32h7xx_hal.o
 .ARM.attributes
                0x00000000000001cd       0x39 Drivers/STM32H7xx_HAL_Driver/stm32h7xx_hal_cortex.o
 .ARM.attributes
                0x0000000000000206       0x39 Drivers/STM32H7xx_HAL_Driver/stm32h7xx_hal_gpio.o
 .ARM.attributes
                0x000000000000023f       0x39 Drivers/STM32H7xx_HAL_Driver/stm32h7xx_hal_hsem.o
 .ARM.attributes
                0x0000000000000278       0x39 Drivers/STM32H7xx_HAL_Driver/stm32h7xx_hal_pwr_ex.o
 .ARM.attributes
                0x00000000000002b1       0x39 Drivers/STM32H7xx_HAL_Driver/stm32h7xx_hal_rcc.o
 .ARM.attributes
                0x00000000000002ea       0x39 Drivers/STM32H7xx_HAL_Driver/stm32h7xx_hal_tim.o
 .ARM.attributes
                0x0000000000000323       0x39 Drivers/STM32H7xx_HAL_Driver/stm32h7xx_hal_tim_ex.o
 .ARM.attributes
                0x000000000000035c       0x39 Middlewares/Third_Party/FreeRTOS/cmsis_os2.o
 .ARM.attributes
                0x0000000000000395       0x39 Middlewares/Third_Party/FreeRTOS/heap_4.o
 .ARM.attributes
                0x00000000000003ce       0x39 Middlewares/Third_Party/FreeRTOS/list.o
 .ARM.attributes
                0x0000000000000407       0x39 Middlewares/Third_Party/FreeRTOS/port.o
 .ARM.attributes
                0x0000000000000440       0x39 Middlewares/Third_Party/FreeRTOS/queue.o
 .ARM.attributes
                0x0000000000000479       0x39 Middlewares/Third_Party/FreeRTOS/tasks.o
 .ARM.attributes
                0x00000000000004b2       0x39 Middlewares/Third_Party/FreeRTOS/timers.o
 .ARM.attributes
                0x00000000000004eb       0x34 /Applications/STM32CubeIDE.app/Contents/Eclipse/plugins/com.st.stm32cube.ide.mcu.externaltools.gnu-tools-for-stm32.7-2018-q2-update.macos64_1.5.0.202011040924/tools/bin/../lib/gcc/arm-none-eabi/7.3.1/../../../../arm-none-eabi/lib/thumb/v7e-m/fpv4-sp/hard/libc_nano.a(lib_a-init.o)
 .ARM.attributes
                0x000000000000051f       0x34 /Applications/STM32CubeIDE.app/Contents/Eclipse/plugins/com.st.stm32cube.ide.mcu.externaltools.gnu-tools-for-stm32.7-2018-q2-update.macos64_1.5.0.202011040924/tools/bin/../lib/gcc/arm-none-eabi/7.3.1/../../../../arm-none-eabi/lib/thumb/v7e-m/fpv4-sp/hard/libc_nano.a(lib_a-memcpy-stub.o)
 .ARM.attributes
                0x0000000000000553       0x34 /Applications/STM32CubeIDE.app/Contents/Eclipse/plugins/com.st.stm32cube.ide.mcu.externaltools.gnu-tools-for-stm32.7-2018-q2-update.macos64_1.5.0.202011040924/tools/bin/../lib/gcc/arm-none-eabi/7.3.1/../../../../arm-none-eabi/lib/thumb/v7e-m/fpv4-sp/hard/libc_nano.a(lib_a-memset.o)
 .ARM.attributes
                0x0000000000000587       0x22 /Applications/STM32CubeIDE.app/Contents/Eclipse/plugins/com.st.stm32cube.ide.mcu.externaltools.gnu-tools-for-stm32.7-2018-q2-update.macos64_1.5.0.202011040924/tools/bin/../lib/gcc/arm-none-eabi/7.3.1/thumb/v7e-m/fpv4-sp/hard/crtn.o
OUTPUT(slorp_CM4.elf elf32-littlearm)

.debug_info     0x0000000000000000    0x20fe7
 .debug_info    0x0000000000000000     0x10ae Common/Src/system_stm32h7xx_dualcore_boot_cm4_cm7.o
 .debug_info    0x00000000000010ae     0x1cca Core/Src/main.o
 .debug_info    0x0000000000002d78     0x11f7 Core/Src/stm32h7xx_hal_msp.o
 .debug_info    0x0000000000003f6f     0x196d Core/Src/stm32h7xx_hal_timebase_tim.o
 .debug_info    0x00000000000058dc     0x1164 Core/Src/stm32h7xx_it.o
 .debug_info    0x0000000000006a40       0x22 Core/Startup/startup_stm32h745zitx.o
 .debug_info    0x0000000000006a62     0x206a Drivers/STM32H7xx_HAL_Driver/stm32h7xx_hal.o
 .debug_info    0x0000000000008acc     0x18d0 Drivers/STM32H7xx_HAL_Driver/stm32h7xx_hal_cortex.o
 .debug_info    0x000000000000a39c     0x16ec Drivers/STM32H7xx_HAL_Driver/stm32h7xx_hal_gpio.o
 .debug_info    0x000000000000ba88      0xdc2 Drivers/STM32H7xx_HAL_Driver/stm32h7xx_hal_hsem.o
 .debug_info    0x000000000000c84a     0x1939 Drivers/STM32H7xx_HAL_Driver/stm32h7xx_hal_pwr_ex.o
 .debug_info    0x000000000000e183     0x179e Drivers/STM32H7xx_HAL_Driver/stm32h7xx_hal_rcc.o
 .debug_info    0x000000000000f921     0x3327 Drivers/STM32H7xx_HAL_Driver/stm32h7xx_hal_tim.o
 .debug_info    0x0000000000012c48     0x1f7d Drivers/STM32H7xx_HAL_Driver/stm32h7xx_hal_tim_ex.o
 .debug_info    0x0000000000014bc5     0x401f Middlewares/Third_Party/FreeRTOS/cmsis_os2.o
 .debug_info    0x0000000000018be4      0xbea Middlewares/Third_Party/FreeRTOS/heap_4.o
 .debug_info    0x00000000000197ce      0xacb Middlewares/Third_Party/FreeRTOS/list.o
 .debug_info    0x000000000001a299      0x533 Middlewares/Third_Party/FreeRTOS/port.o
 .debug_info    0x000000000001a7cc     0x239c Middlewares/Third_Party/FreeRTOS/queue.o
 .debug_info    0x000000000001cb68     0x29c5 Middlewares/Third_Party/FreeRTOS/tasks.o
 .debug_info    0x000000000001f52d     0x1aba Middlewares/Third_Party/FreeRTOS/timers.o

.debug_abbrev   0x0000000000000000     0x364a
 .debug_abbrev  0x0000000000000000      0x21f Common/Src/system_stm32h7xx_dualcore_boot_cm4_cm7.o
 .debug_abbrev  0x000000000000021f      0x306 Core/Src/main.o
 .debug_abbrev  0x0000000000000525      0x1e5 Core/Src/stm32h7xx_hal_msp.o
 .debug_abbrev  0x000000000000070a      0x23d Core/Src/stm32h7xx_hal_timebase_tim.o
 .debug_abbrev  0x0000000000000947      0x1e7 Core/Src/stm32h7xx_it.o
 .debug_abbrev  0x0000000000000b2e       0x12 Core/Startup/startup_stm32h745zitx.o
 .debug_abbrev  0x0000000000000b40      0x2e2 Drivers/STM32H7xx_HAL_Driver/stm32h7xx_hal.o
 .debug_abbrev  0x0000000000000e22      0x3b5 Drivers/STM32H7xx_HAL_Driver/stm32h7xx_hal_cortex.o
 .debug_abbrev  0x00000000000011d7      0x28f Drivers/STM32H7xx_HAL_Driver/stm32h7xx_hal_gpio.o
 .debug_abbrev  0x0000000000001466      0x2ab Drivers/STM32H7xx_HAL_Driver/stm32h7xx_hal_hsem.o
 .debug_abbrev  0x0000000000001711      0x33a Drivers/STM32H7xx_HAL_Driver/stm32h7xx_hal_pwr_ex.o
 .debug_abbrev  0x0000000000001a4b      0x2e2 Drivers/STM32H7xx_HAL_Driver/stm32h7xx_hal_rcc.o
 .debug_abbrev  0x0000000000001d2d      0x2bd Drivers/STM32H7xx_HAL_Driver/stm32h7xx_hal_tim.o
 .debug_abbrev  0x0000000000001fea      0x2c3 Drivers/STM32H7xx_HAL_Driver/stm32h7xx_hal_tim_ex.o
 .debug_abbrev  0x00000000000022ad      0x3c3 Middlewares/Third_Party/FreeRTOS/cmsis_os2.o
 .debug_abbrev  0x0000000000002670      0x29e Middlewares/Third_Party/FreeRTOS/heap_4.o
 .debug_abbrev  0x000000000000290e      0x1cf Middlewares/Third_Party/FreeRTOS/list.o
 .debug_abbrev  0x0000000000002add      0x210 Middlewares/Third_Party/FreeRTOS/port.o
 .debug_abbrev  0x0000000000002ced      0x336 Middlewares/Third_Party/FreeRTOS/queue.o
 .debug_abbrev  0x0000000000003023      0x350 Middlewares/Third_Party/FreeRTOS/tasks.o
 .debug_abbrev  0x0000000000003373      0x2d7 Middlewares/Third_Party/FreeRTOS/timers.o

.debug_aranges  0x0000000000000000     0x1428
 .debug_aranges
                0x0000000000000000       0x28 Common/Src/system_stm32h7xx_dualcore_boot_cm4_cm7.o
 .debug_aranges
                0x0000000000000028       0x60 Core/Src/main.o
 .debug_aranges
                0x0000000000000088       0x20 Core/Src/stm32h7xx_hal_msp.o
 .debug_aranges
                0x00000000000000a8       0x30 Core/Src/stm32h7xx_hal_timebase_tim.o
 .debug_aranges
                0x00000000000000d8       0x50 Core/Src/stm32h7xx_it.o
 .debug_aranges
                0x0000000000000128       0x28 Core/Startup/startup_stm32h745zitx.o
 .debug_aranges
                0x0000000000000150      0x220 Drivers/STM32H7xx_HAL_Driver/stm32h7xx_hal.o
 .debug_aranges
                0x0000000000000370      0x120 Drivers/STM32H7xx_HAL_Driver/stm32h7xx_hal_cortex.o
 .debug_aranges
                0x0000000000000490       0x58 Drivers/STM32H7xx_HAL_Driver/stm32h7xx_hal_gpio.o
 .debug_aranges
                0x00000000000004e8       0x70 Drivers/STM32H7xx_HAL_Driver/stm32h7xx_hal_hsem.o
 .debug_aranges
                0x0000000000000558      0x170 Drivers/STM32H7xx_HAL_Driver/stm32h7xx_hal_pwr_ex.o
 .debug_aranges
                0x00000000000006c8       0x88 Drivers/STM32H7xx_HAL_Driver/stm32h7xx_hal_rcc.o
 .debug_aranges
                0x0000000000000750      0x3e0 Drivers/STM32H7xx_HAL_Driver/stm32h7xx_hal_tim.o
 .debug_aranges
                0x0000000000000b30      0x188 Drivers/STM32H7xx_HAL_Driver/stm32h7xx_hal_tim_ex.o
 .debug_aranges
                0x0000000000000cb8      0x228 Middlewares/Third_Party/FreeRTOS/cmsis_os2.o
 .debug_aranges
                0x0000000000000ee0       0x50 Middlewares/Third_Party/FreeRTOS/heap_4.o
 .debug_aranges
                0x0000000000000f30       0x40 Middlewares/Third_Party/FreeRTOS/list.o
 .debug_aranges
                0x0000000000000f70       0x80 Middlewares/Third_Party/FreeRTOS/port.o
 .debug_aranges
                0x0000000000000ff0      0x158 Middlewares/Third_Party/FreeRTOS/queue.o
 .debug_aranges
                0x0000000000001148      0x1f8 Middlewares/Third_Party/FreeRTOS/tasks.o
 .debug_aranges
                0x0000000000001340       0xe8 Middlewares/Third_Party/FreeRTOS/timers.o

.debug_ranges   0x0000000000000000     0x12e0
 .debug_ranges  0x0000000000000000       0x18 Common/Src/system_stm32h7xx_dualcore_boot_cm4_cm7.o
 .debug_ranges  0x0000000000000018       0x50 Core/Src/main.o
 .debug_ranges  0x0000000000000068       0x10 Core/Src/stm32h7xx_hal_msp.o
 .debug_ranges  0x0000000000000078       0x20 Core/Src/stm32h7xx_hal_timebase_tim.o
 .debug_ranges  0x0000000000000098       0x40 Core/Src/stm32h7xx_it.o
 .debug_ranges  0x00000000000000d8       0x20 Core/Startup/startup_stm32h745zitx.o
 .debug_ranges  0x00000000000000f8      0x210 Drivers/STM32H7xx_HAL_Driver/stm32h7xx_hal.o
 .debug_ranges  0x0000000000000308      0x110 Drivers/STM32H7xx_HAL_Driver/stm32h7xx_hal_cortex.o
 .debug_ranges  0x0000000000000418       0x48 Drivers/STM32H7xx_HAL_Driver/stm32h7xx_hal_gpio.o
 .debug_ranges  0x0000000000000460       0x60 Drivers/STM32H7xx_HAL_Driver/stm32h7xx_hal_hsem.o
 .debug_ranges  0x00000000000004c0      0x160 Drivers/STM32H7xx_HAL_Driver/stm32h7xx_hal_pwr_ex.o
 .debug_ranges  0x0000000000000620       0x78 Drivers/STM32H7xx_HAL_Driver/stm32h7xx_hal_rcc.o
 .debug_ranges  0x0000000000000698      0x3d0 Drivers/STM32H7xx_HAL_Driver/stm32h7xx_hal_tim.o
 .debug_ranges  0x0000000000000a68      0x178 Drivers/STM32H7xx_HAL_Driver/stm32h7xx_hal_tim_ex.o
 .debug_ranges  0x0000000000000be0      0x218 Middlewares/Third_Party/FreeRTOS/cmsis_os2.o
 .debug_ranges  0x0000000000000df8       0x40 Middlewares/Third_Party/FreeRTOS/heap_4.o
 .debug_ranges  0x0000000000000e38       0x30 Middlewares/Third_Party/FreeRTOS/list.o
 .debug_ranges  0x0000000000000e68       0x70 Middlewares/Third_Party/FreeRTOS/port.o
 .debug_ranges  0x0000000000000ed8      0x148 Middlewares/Third_Party/FreeRTOS/queue.o
 .debug_ranges  0x0000000000001020      0x1e8 Middlewares/Third_Party/FreeRTOS/tasks.o
 .debug_ranges  0x0000000000001208       0xd8 Middlewares/Third_Party/FreeRTOS/timers.o

.debug_macro    0x0000000000000000    0x395aa
 .debug_macro   0x0000000000000000      0x28f Common/Src/system_stm32h7xx_dualcore_boot_cm4_cm7.o
 .debug_macro   0x000000000000028f      0xa60 Common/Src/system_stm32h7xx_dualcore_boot_cm4_cm7.o
 .debug_macro   0x0000000000000cef       0x2e Common/Src/system_stm32h7xx_dualcore_boot_cm4_cm7.o
 .debug_macro   0x0000000000000d1d       0x3b Common/Src/system_stm32h7xx_dualcore_boot_cm4_cm7.o
 .debug_macro   0x0000000000000d58       0x22 Common/Src/system_stm32h7xx_dualcore_boot_cm4_cm7.o
 .debug_macro   0x0000000000000d7a       0x8e Common/Src/system_stm32h7xx_dualcore_boot_cm4_cm7.o
 .debug_macro   0x0000000000000e08       0x51 Common/Src/system_stm32h7xx_dualcore_boot_cm4_cm7.o
 .debug_macro   0x0000000000000e59       0xef Common/Src/system_stm32h7xx_dualcore_boot_cm4_cm7.o
 .debug_macro   0x0000000000000f48       0x6a Common/Src/system_stm32h7xx_dualcore_boot_cm4_cm7.o
 .debug_macro   0x0000000000000fb2      0x1df Common/Src/system_stm32h7xx_dualcore_boot_cm4_cm7.o
 .debug_macro   0x0000000000001191       0x1c Common/Src/system_stm32h7xx_dualcore_boot_cm4_cm7.o
 .debug_macro   0x00000000000011ad       0x22 Common/Src/system_stm32h7xx_dualcore_boot_cm4_cm7.o
 .debug_macro   0x00000000000011cf       0xdf Common/Src/system_stm32h7xx_dualcore_boot_cm4_cm7.o
 .debug_macro   0x00000000000012ae     0x102d Common/Src/system_stm32h7xx_dualcore_boot_cm4_cm7.o
 .debug_macro   0x00000000000022db      0x11f Common/Src/system_stm32h7xx_dualcore_boot_cm4_cm7.o
 .debug_macro   0x00000000000023fa    0x26850 Common/Src/system_stm32h7xx_dualcore_boot_cm4_cm7.o
 .debug_macro   0x0000000000028c4a       0x43 Common/Src/system_stm32h7xx_dualcore_boot_cm4_cm7.o
 .debug_macro   0x0000000000028c8d      0x232 Common/Src/system_stm32h7xx_dualcore_boot_cm4_cm7.o
 .debug_macro   0x0000000000028ebf     0x3cd3 Common/Src/system_stm32h7xx_dualcore_boot_cm4_cm7.o
 .debug_macro   0x000000000002cb92      0x174 Common/Src/system_stm32h7xx_dualcore_boot_cm4_cm7.o
 .debug_macro   0x000000000002cd06       0x46 Common/Src/system_stm32h7xx_dualcore_boot_cm4_cm7.o
 .debug_macro   0x000000000002cd4c       0x18 Common/Src/system_stm32h7xx_dualcore_boot_cm4_cm7.o
 .debug_macro   0x000000000002cd64       0x3c Common/Src/system_stm32h7xx_dualcore_boot_cm4_cm7.o
 .debug_macro   0x000000000002cda0       0x34 Common/Src/system_stm32h7xx_dualcore_boot_cm4_cm7.o
 .debug_macro   0x000000000002cdd4       0x52 Common/Src/system_stm32h7xx_dualcore_boot_cm4_cm7.o
 .debug_macro   0x000000000002ce26       0x1f Common/Src/system_stm32h7xx_dualcore_boot_cm4_cm7.o
 .debug_macro   0x000000000002ce45       0x43 Common/Src/system_stm32h7xx_dualcore_boot_cm4_cm7.o
 .debug_macro   0x000000000002ce88       0x20 Common/Src/system_stm32h7xx_dualcore_boot_cm4_cm7.o
 .debug_macro   0x000000000002cea8      0x1a3 Common/Src/system_stm32h7xx_dualcore_boot_cm4_cm7.o
 .debug_macro   0x000000000002d04b      0x32a Common/Src/system_stm32h7xx_dualcore_boot_cm4_cm7.o
 .debug_macro   0x000000000002d375      0x1e1 Common/Src/system_stm32h7xx_dualcore_boot_cm4_cm7.o
 .debug_macro   0x000000000002d556       0x54 Common/Src/system_stm32h7xx_dualcore_boot_cm4_cm7.o
 .debug_macro   0x000000000002d5aa     0x3a9d Common/Src/system_stm32h7xx_dualcore_boot_cm4_cm7.o
 .debug_macro   0x0000000000031047     0x104f Common/Src/system_stm32h7xx_dualcore_boot_cm4_cm7.o
 .debug_macro   0x0000000000032096      0x138 Common/Src/system_stm32h7xx_dualcore_boot_cm4_cm7.o
 .debug_macro   0x00000000000321ce      0x133 Common/Src/system_stm32h7xx_dualcore_boot_cm4_cm7.o
 .debug_macro   0x0000000000032301      0x3be Common/Src/system_stm32h7xx_dualcore_boot_cm4_cm7.o
 .debug_macro   0x00000000000326bf       0x27 Common/Src/system_stm32h7xx_dualcore_boot_cm4_cm7.o
 .debug_macro   0x00000000000326e6      0x72d Common/Src/system_stm32h7xx_dualcore_boot_cm4_cm7.o
 .debug_macro   0x0000000000032e13      0x229 Common/Src/system_stm32h7xx_dualcore_boot_cm4_cm7.o
 .debug_macro   0x000000000003303c       0x66 Common/Src/system_stm32h7xx_dualcore_boot_cm4_cm7.o
 .debug_macro   0x00000000000330a2      0x3bb Common/Src/system_stm32h7xx_dualcore_boot_cm4_cm7.o
 .debug_macro   0x000000000003345d      0x408 Common/Src/system_stm32h7xx_dualcore_boot_cm4_cm7.o
 .debug_macro   0x0000000000033865      0x244 Common/Src/system_stm32h7xx_dualcore_boot_cm4_cm7.o
 .debug_macro   0x0000000000033aa9      0x3cb Common/Src/system_stm32h7xx_dualcore_boot_cm4_cm7.o
 .debug_macro   0x0000000000033e74      0x4b7 Common/Src/system_stm32h7xx_dualcore_boot_cm4_cm7.o
 .debug_macro   0x000000000003432b       0x51 Common/Src/system_stm32h7xx_dualcore_boot_cm4_cm7.o
 .debug_macro   0x000000000003437c       0x4a Common/Src/system_stm32h7xx_dualcore_boot_cm4_cm7.o
 .debug_macro   0x00000000000343c6      0x22c Common/Src/system_stm32h7xx_dualcore_boot_cm4_cm7.o
 .debug_macro   0x00000000000345f2       0x64 Common/Src/system_stm32h7xx_dualcore_boot_cm4_cm7.o
 .debug_macro   0x0000000000034656       0xa5 Common/Src/system_stm32h7xx_dualcore_boot_cm4_cm7.o
 .debug_macro   0x00000000000346fb      0x219 Common/Src/system_stm32h7xx_dualcore_boot_cm4_cm7.o
 .debug_macro   0x0000000000034914      0x2eb Common/Src/system_stm32h7xx_dualcore_boot_cm4_cm7.o
 .debug_macro   0x0000000000034bff       0x35 Common/Src/system_stm32h7xx_dualcore_boot_cm4_cm7.o
 .debug_macro   0x0000000000034c34      0xad7 Common/Src/system_stm32h7xx_dualcore_boot_cm4_cm7.o
 .debug_macro   0x000000000003570b      0x2a0 Common/Src/system_stm32h7xx_dualcore_boot_cm4_cm7.o
 .debug_macro   0x00000000000359ab      0x798 Common/Src/system_stm32h7xx_dualcore_boot_cm4_cm7.o
 .debug_macro   0x0000000000036143      0x346 Core/Src/main.o
 .debug_macro   0x0000000000036489      0x137 Core/Src/main.o
 .debug_macro   0x00000000000365c0       0x66 Core/Src/main.o
 .debug_macro   0x0000000000036626       0x74 Core/Src/main.o
 .debug_macro   0x000000000003669a       0xdd Core/Src/main.o
 .debug_macro   0x0000000000036777      0x298 Core/Src/stm32h7xx_hal_msp.o
 .debug_macro   0x0000000000036a0f      0x289 Core/Src/stm32h7xx_hal_timebase_tim.o
 .debug_macro   0x0000000000036c98      0x2a2 Core/Src/stm32h7xx_it.o
 .debug_macro   0x0000000000036f3a      0x2b3 Drivers/STM32H7xx_HAL_Driver/stm32h7xx_hal.o
 .debug_macro   0x00000000000371ed      0x289 Drivers/STM32H7xx_HAL_Driver/stm32h7xx_hal_cortex.o
 .debug_macro   0x0000000000037476      0x2d3 Drivers/STM32H7xx_HAL_Driver/stm32h7xx_hal_gpio.o
 .debug_macro   0x0000000000037749      0x29b Drivers/STM32H7xx_HAL_Driver/stm32h7xx_hal_hsem.o
 .debug_macro   0x00000000000379e4      0x2c2 Drivers/STM32H7xx_HAL_Driver/stm32h7xx_hal_pwr_ex.o
 .debug_macro   0x0000000000037ca6      0x2ad Drivers/STM32H7xx_HAL_Driver/stm32h7xx_hal_rcc.o
 .debug_macro   0x0000000000037f53      0x28a Drivers/STM32H7xx_HAL_Driver/stm32h7xx_hal_tim.o
 .debug_macro   0x00000000000381dd      0x289 Drivers/STM32H7xx_HAL_Driver/stm32h7xx_hal_tim_ex.o
 .debug_macro   0x0000000000038466      0x23a Middlewares/Third_Party/FreeRTOS/cmsis_os2.o
 .debug_macro   0x00000000000386a0       0x10 Middlewares/Third_Party/FreeRTOS/cmsis_os2.o
 .debug_macro   0x00000000000386b0       0x20 Middlewares/Third_Party/FreeRTOS/cmsis_os2.o
 .debug_macro   0x00000000000386d0       0x10 Middlewares/Third_Party/FreeRTOS/cmsis_os2.o
 .debug_macro   0x00000000000386e0       0xd3 Middlewares/Third_Party/FreeRTOS/cmsis_os2.o
 .debug_macro   0x00000000000387b3       0x91 Middlewares/Third_Party/FreeRTOS/cmsis_os2.o
 .debug_macro   0x0000000000038844       0x8d Middlewares/Third_Party/FreeRTOS/cmsis_os2.o
 .debug_macro   0x00000000000388d1       0x9a Middlewares/Third_Party/FreeRTOS/cmsis_os2.o
 .debug_macro   0x000000000003896b      0x1a1 Middlewares/Third_Party/FreeRTOS/heap_4.o
 .debug_macro   0x0000000000038b0c      0x17a Middlewares/Third_Party/FreeRTOS/list.o
 .debug_macro   0x0000000000038c86      0x196 Middlewares/Third_Party/FreeRTOS/port.o
 .debug_macro   0x0000000000038e1c      0x209 Middlewares/Third_Party/FreeRTOS/queue.o
 .debug_macro   0x0000000000039025       0x16 Middlewares/Third_Party/FreeRTOS/queue.o
 .debug_macro   0x000000000003903b       0x87 Middlewares/Third_Party/FreeRTOS/queue.o
 .debug_macro   0x00000000000390c2      0x272 Middlewares/Third_Party/FreeRTOS/tasks.o
 .debug_macro   0x0000000000039334       0x10 Middlewares/Third_Party/FreeRTOS/tasks.o
 .debug_macro   0x0000000000039344      0x1cf Middlewares/Third_Party/FreeRTOS/timers.o
 .debug_macro   0x0000000000039513       0x97 Middlewares/Third_Party/FreeRTOS/timers.o

.debug_line     0x0000000000000000    0x116d6
 .debug_line    0x0000000000000000      0x8cf Common/Src/system_stm32h7xx_dualcore_boot_cm4_cm7.o
 .debug_line    0x00000000000008cf      0xaba Core/Src/main.o
 .debug_line    0x0000000000001389      0x85d Core/Src/stm32h7xx_hal_msp.o
 .debug_line    0x0000000000001be6      0x899 Core/Src/stm32h7xx_hal_timebase_tim.o
 .debug_line    0x000000000000247f      0x8e3 Core/Src/stm32h7xx_it.o
 .debug_line    0x0000000000002d62       0x87 Core/Startup/startup_stm32h745zitx.o
 .debug_line    0x0000000000002de9      0xd7a Drivers/STM32H7xx_HAL_Driver/stm32h7xx_hal.o
 .debug_line    0x0000000000003b63      0xbc1 Drivers/STM32H7xx_HAL_Driver/stm32h7xx_hal_cortex.o
 .debug_line    0x0000000000004724      0xa7c Drivers/STM32H7xx_HAL_Driver/stm32h7xx_hal_gpio.o
 .debug_line    0x00000000000051a0      0x968 Drivers/STM32H7xx_HAL_Driver/stm32h7xx_hal_hsem.o
 .debug_line    0x0000000000005b08      0xce5 Drivers/STM32H7xx_HAL_Driver/stm32h7xx_hal_pwr_ex.o
 .debug_line    0x00000000000067ed      0xc62 Drivers/STM32H7xx_HAL_Driver/stm32h7xx_hal_rcc.o
 .debug_line    0x000000000000744f     0x2788 Drivers/STM32H7xx_HAL_Driver/stm32h7xx_hal_tim.o
 .debug_line    0x0000000000009bd7     0x15e5 Drivers/STM32H7xx_HAL_Driver/stm32h7xx_hal_tim_ex.o
 .debug_line    0x000000000000b1bc     0x1e8b Middlewares/Third_Party/FreeRTOS/cmsis_os2.o
 .debug_line    0x000000000000d047      0x7ba Middlewares/Third_Party/FreeRTOS/heap_4.o
 .debug_line    0x000000000000d801      0x6d4 Middlewares/Third_Party/FreeRTOS/list.o
 .debug_line    0x000000000000ded5      0x740 Middlewares/Third_Party/FreeRTOS/port.o
 .debug_line    0x000000000000e615     0x1169 Middlewares/Third_Party/FreeRTOS/queue.o
 .debug_line    0x000000000000f77e     0x1471 Middlewares/Third_Party/FreeRTOS/tasks.o
 .debug_line    0x0000000000010bef      0xae7 Middlewares/Third_Party/FreeRTOS/timers.o

.debug_str      0x0000000000000000   0x1824e6
 .debug_str     0x0000000000000000   0x173b29 Common/Src/system_stm32h7xx_dualcore_boot_cm4_cm7.o
                                     0x174052 (size before relaxing)
 .debug_str     0x0000000000173b29     0x5408 Core/Src/main.o
                                     0x179480 (size before relaxing)
 .debug_str     0x0000000000178f31      0x820 Core/Src/stm32h7xx_hal_msp.o
                                     0x1747f2 (size before relaxing)
 .debug_str     0x0000000000179751      0x162 Core/Src/stm32h7xx_hal_timebase_tim.o
                                     0x174ecd (size before relaxing)
 .debug_str     0x00000000001798b3       0xa2 Core/Src/stm32h7xx_it.o
                                     0x1743ec (size before relaxing)
 .debug_str     0x0000000000179955       0x36 Core/Startup/startup_stm32h745zitx.o
                                         0x69 (size before relaxing)
 .debug_str     0x000000000017998b      0xa2f Drivers/STM32H7xx_HAL_Driver/stm32h7xx_hal.o
                                     0x175330 (size before relaxing)
 .debug_str     0x000000000017a3ba      0x3c3 Drivers/STM32H7xx_HAL_Driver/stm32h7xx_hal_cortex.o
                                     0x174b06 (size before relaxing)
 .debug_str     0x000000000017a77d      0x25a Drivers/STM32H7xx_HAL_Driver/stm32h7xx_hal_gpio.o
                                     0x1743a0 (size before relaxing)
 .debug_str     0x000000000017a9d7      0x1e7 Drivers/STM32H7xx_HAL_Driver/stm32h7xx_hal_hsem.o
                                     0x173f56 (size before relaxing)
 .debug_str     0x000000000017abbe      0x6db Drivers/STM32H7xx_HAL_Driver/stm32h7xx_hal_pwr_ex.o
                                     0x1746d5 (size before relaxing)
 .debug_str     0x000000000017b299      0x4b8 Drivers/STM32H7xx_HAL_Driver/stm32h7xx_hal_rcc.o
                                     0x1745cc (size before relaxing)
 .debug_str     0x000000000017b751      0xe97 Drivers/STM32H7xx_HAL_Driver/stm32h7xx_hal_tim.o
                                     0x1752ef (size before relaxing)
 .debug_str     0x000000000017c5e8      0x6b2 Drivers/STM32H7xx_HAL_Driver/stm32h7xx_hal_tim_ex.o
                                     0x174bfe (size before relaxing)
 .debug_str     0x000000000017cc9a     0x2959 Middlewares/Third_Party/FreeRTOS/cmsis_os2.o
                                       0xe379 (size before relaxing)
 .debug_str     0x000000000017f5f3      0x3d2 Middlewares/Third_Party/FreeRTOS/heap_4.o
                                       0xae8d (size before relaxing)
 .debug_str     0x000000000017f9c5      0x148 Middlewares/Third_Party/FreeRTOS/list.o
                                       0xa69a (size before relaxing)
 .debug_str     0x000000000017fb0d      0x843 Middlewares/Third_Party/FreeRTOS/port.o
                                       0x8463 (size before relaxing)
 .debug_str     0x0000000000180350      0x8f9 Middlewares/Third_Party/FreeRTOS/queue.o
                                       0xbff9 (size before relaxing)
 .debug_str     0x0000000000180c49     0x1275 Middlewares/Third_Party/FreeRTOS/tasks.o
                                       0xcb30 (size before relaxing)
 .debug_str     0x0000000000181ebe      0x628 Middlewares/Third_Party/FreeRTOS/timers.o
                                       0xc576 (size before relaxing)

.comment        0x0000000000000000       0x7b
 .comment       0x0000000000000000       0x7b Common/Src/system_stm32h7xx_dualcore_boot_cm4_cm7.o
                                         0x7c (size before relaxing)
 .comment       0x000000000000007b       0x7c Core/Src/main.o
 .comment       0x000000000000007b       0x7c Core/Src/stm32h7xx_hal_msp.o
 .comment       0x000000000000007b       0x7c Core/Src/stm32h7xx_hal_timebase_tim.o
 .comment       0x000000000000007b       0x7c Core/Src/stm32h7xx_it.o
 .comment       0x000000000000007b       0x7c Drivers/STM32H7xx_HAL_Driver/stm32h7xx_hal.o
 .comment       0x000000000000007b       0x7c Drivers/STM32H7xx_HAL_Driver/stm32h7xx_hal_cortex.o
 .comment       0x000000000000007b       0x7c Drivers/STM32H7xx_HAL_Driver/stm32h7xx_hal_gpio.o
 .comment       0x000000000000007b       0x7c Drivers/STM32H7xx_HAL_Driver/stm32h7xx_hal_hsem.o
 .comment       0x000000000000007b       0x7c Drivers/STM32H7xx_HAL_Driver/stm32h7xx_hal_pwr_ex.o
 .comment       0x000000000000007b       0x7c Drivers/STM32H7xx_HAL_Driver/stm32h7xx_hal_rcc.o
 .comment       0x000000000000007b       0x7c Drivers/STM32H7xx_HAL_Driver/stm32h7xx_hal_tim.o
 .comment       0x000000000000007b       0x7c Drivers/STM32H7xx_HAL_Driver/stm32h7xx_hal_tim_ex.o
 .comment       0x000000000000007b       0x7c Middlewares/Third_Party/FreeRTOS/cmsis_os2.o
 .comment       0x000000000000007b       0x7c Middlewares/Third_Party/FreeRTOS/heap_4.o
 .comment       0x000000000000007b       0x7c Middlewares/Third_Party/FreeRTOS/list.o
 .comment       0x000000000000007b       0x7c Middlewares/Third_Party/FreeRTOS/port.o
 .comment       0x000000000000007b       0x7c Middlewares/Third_Party/FreeRTOS/queue.o
 .comment       0x000000000000007b       0x7c Middlewares/Third_Party/FreeRTOS/tasks.o
 .comment       0x000000000000007b       0x7c Middlewares/Third_Party/FreeRTOS/timers.o

.debug_frame    0x0000000000000000     0x5444
 .debug_frame   0x0000000000000000       0x58 Common/Src/system_stm32h7xx_dualcore_boot_cm4_cm7.o
 .debug_frame   0x0000000000000058      0x140 Core/Src/main.o
 .debug_frame   0x0000000000000198       0x34 Core/Src/stm32h7xx_hal_msp.o
 .debug_frame   0x00000000000001cc       0x74 Core/Src/stm32h7xx_hal_timebase_tim.o
 .debug_frame   0x0000000000000240       0xc4 Core/Src/stm32h7xx_it.o
 .debug_frame   0x0000000000000304      0x8c8 Drivers/STM32H7xx_HAL_Driver/stm32h7xx_hal.o
 .debug_frame   0x0000000000000bcc      0x4b8 Drivers/STM32H7xx_HAL_Driver/stm32h7xx_hal_cortex.o
 .debug_frame   0x0000000000001084      0x14c Drivers/STM32H7xx_HAL_Driver/stm32h7xx_hal_gpio.o
 .debug_frame   0x00000000000011d0      0x1bc Drivers/STM32H7xx_HAL_Driver/stm32h7xx_hal_hsem.o
 .debug_frame   0x000000000000138c      0x5ec Drivers/STM32H7xx_HAL_Driver/stm32h7xx_hal_pwr_ex.o
 .debug_frame   0x0000000000001978      0x1f8 Drivers/STM32H7xx_HAL_Driver/stm32h7xx_hal_rcc.o
 .debug_frame   0x0000000000001b70     0x1218 Drivers/STM32H7xx_HAL_Driver/stm32h7xx_hal_tim.o
 .debug_frame   0x0000000000002d88      0x6d8 Drivers/STM32H7xx_HAL_Driver/stm32h7xx_hal_tim_ex.o
 .debug_frame   0x0000000000003460      0x978 Middlewares/Third_Party/FreeRTOS/cmsis_os2.o
 .debug_frame   0x0000000000003dd8      0x108 Middlewares/Third_Party/FreeRTOS/heap_4.o
 .debug_frame   0x0000000000003ee0       0xd8 Middlewares/Third_Party/FreeRTOS/list.o
 .debug_frame   0x0000000000003fb8      0x1a8 Middlewares/Third_Party/FreeRTOS/port.o
 .debug_frame   0x0000000000004160      0x5ec Middlewares/Third_Party/FreeRTOS/queue.o
 .debug_frame   0x000000000000474c      0x8a8 Middlewares/Third_Party/FreeRTOS/tasks.o
 .debug_frame   0x0000000000004ff4      0x3dc Middlewares/Third_Party/FreeRTOS/timers.o
 .debug_frame   0x00000000000053d0       0x2c /Applications/STM32CubeIDE.app/Contents/Eclipse/plugins/com.st.stm32cube.ide.mcu.externaltools.gnu-tools-for-stm32.7-2018-q2-update.macos64_1.5.0.202011040924/tools/bin/../lib/gcc/arm-none-eabi/7.3.1/../../../../arm-none-eabi/lib/thumb/v7e-m/fpv4-sp/hard/libc_nano.a(lib_a-init.o)
 .debug_frame   0x00000000000053fc       0x28 /Applications/STM32CubeIDE.app/Contents/Eclipse/plugins/com.st.stm32cube.ide.mcu.externaltools.gnu-tools-for-stm32.7-2018-q2-update.macos64_1.5.0.202011040924/tools/bin/../lib/gcc/arm-none-eabi/7.3.1/../../../../arm-none-eabi/lib/thumb/v7e-m/fpv4-sp/hard/libc_nano.a(lib_a-memcpy-stub.o)
 .debug_frame   0x0000000000005424       0x20 /Applications/STM32CubeIDE.app/Contents/Eclipse/plugins/com.st.stm32cube.ide.mcu.externaltools.gnu-tools-for-stm32.7-2018-q2-update.macos64_1.5.0.202011040924/tools/bin/../lib/gcc/arm-none-eabi/7.3.1/../../../../arm-none-eabi/lib/thumb/v7e-m/fpv4-sp/hard/libc_nano.a(lib_a-memset.o)
