Archive member included to satisfy reference by file (symbol)

/Applications/STM32CubeIDE.app/Contents/Eclipse/plugins/com.st.stm32cube.ide.mcu.externaltools.gnu-tools-for-stm32.7-2018-q2-update.macos64_1.5.0.202011040924/tools/bin/../lib/gcc/arm-none-eabi/7.3.1/../../../../arm-none-eabi/lib/thumb/v7e-m/fpv4-sp/hard/libc_nano.a(lib_a-errno.o)
                              Core/Src/syscalls.o (__errno)
/Applications/STM32CubeIDE.app/Contents/Eclipse/plugins/com.st.stm32cube.ide.mcu.externaltools.gnu-tools-for-stm32.7-2018-q2-update.macos64_1.5.0.202011040924/tools/bin/../lib/gcc/arm-none-eabi/7.3.1/../../../../arm-none-eabi/lib/thumb/v7e-m/fpv4-sp/hard/libc_nano.a(lib_a-exit.o)
                              /Applications/STM32CubeIDE.app/Contents/Eclipse/plugins/com.st.stm32cube.ide.mcu.externaltools.gnu-tools-for-stm32.7-2018-q2-update.macos64_1.5.0.202011040924/tools/bin/../lib/gcc/arm-none-eabi/7.3.1/../../../../arm-none-eabi/lib/thumb/v7e-m/fpv4-sp/hard/crt0.o (exit)
/Applications/STM32CubeIDE.app/Contents/Eclipse/plugins/com.st.stm32cube.ide.mcu.externaltools.gnu-tools-for-stm32.7-2018-q2-update.macos64_1.5.0.202011040924/tools/bin/../lib/gcc/arm-none-eabi/7.3.1/../../../../arm-none-eabi/lib/thumb/v7e-m/fpv4-sp/hard/libc_nano.a(lib_a-impure.o)
                              /Applications/STM32CubeIDE.app/Contents/Eclipse/plugins/com.st.stm32cube.ide.mcu.externaltools.gnu-tools-for-stm32.7-2018-q2-update.macos64_1.5.0.202011040924/tools/bin/../lib/gcc/arm-none-eabi/7.3.1/../../../../arm-none-eabi/lib/thumb/v7e-m/fpv4-sp/hard/libc_nano.a(lib_a-exit.o) (_global_impure_ptr)
/Applications/STM32CubeIDE.app/Contents/Eclipse/plugins/com.st.stm32cube.ide.mcu.externaltools.gnu-tools-for-stm32.7-2018-q2-update.macos64_1.5.0.202011040924/tools/bin/../lib/gcc/arm-none-eabi/7.3.1/../../../../arm-none-eabi/lib/thumb/v7e-m/fpv4-sp/hard/libc_nano.a(lib_a-init.o)
                              /Applications/STM32CubeIDE.app/Contents/Eclipse/plugins/com.st.stm32cube.ide.mcu.externaltools.gnu-tools-for-stm32.7-2018-q2-update.macos64_1.5.0.202011040924/tools/bin/../lib/gcc/arm-none-eabi/7.3.1/../../../../arm-none-eabi/lib/thumb/v7e-m/fpv4-sp/hard/crt0.o (__libc_init_array)
/Applications/STM32CubeIDE.app/Contents/Eclipse/plugins/com.st.stm32cube.ide.mcu.externaltools.gnu-tools-for-stm32.7-2018-q2-update.macos64_1.5.0.202011040924/tools/bin/../lib/gcc/arm-none-eabi/7.3.1/../../../../arm-none-eabi/lib/thumb/v7e-m/fpv4-sp/hard/libc_nano.a(lib_a-memcpy-stub.o)
                              Middlewares/Third_Party/FreeRTOS/cmsis_os2.o (memcpy)
/Applications/STM32CubeIDE.app/Contents/Eclipse/plugins/com.st.stm32cube.ide.mcu.externaltools.gnu-tools-for-stm32.7-2018-q2-update.macos64_1.5.0.202011040924/tools/bin/../lib/gcc/arm-none-eabi/7.3.1/../../../../arm-none-eabi/lib/thumb/v7e-m/fpv4-sp/hard/libc_nano.a(lib_a-memset.o)
                              /Applications/STM32CubeIDE.app/Contents/Eclipse/plugins/com.st.stm32cube.ide.mcu.externaltools.gnu-tools-for-stm32.7-2018-q2-update.macos64_1.5.0.202011040924/tools/bin/../lib/gcc/arm-none-eabi/7.3.1/../../../../arm-none-eabi/lib/thumb/v7e-m/fpv4-sp/hard/crt0.o (memset)

Allocating common symbols
Common symbol       size              file

defaultTaskHandle   0x4               Core/Src/main.o
uwTick              0x4               Drivers/STM32H7xx_HAL_Driver/stm32h7xx_hal.o
xQueueRegistry      0x40              Middlewares/Third_Party/FreeRTOS/queue.o
pFlash              0x1c              Drivers/STM32H7xx_HAL_Driver/stm32h7xx_hal_flash.o
periodReceiveHandle
                    0x4               Core/Src/main.o
htim2               0x4c              Core/Src/stm32h7xx_hal_timebase_tim.o
blinkHandle         0x4               Core/Src/main.o

Discarded input sections

 .text          0x0000000000000000        0x0 /Applications/STM32CubeIDE.app/Contents/Eclipse/plugins/com.st.stm32cube.ide.mcu.externaltools.gnu-tools-for-stm32.7-2018-q2-update.macos64_1.5.0.202011040924/tools/bin/../lib/gcc/arm-none-eabi/7.3.1/thumb/v7e-m/fpv4-sp/hard/crti.o
 .data          0x0000000000000000        0x0 /Applications/STM32CubeIDE.app/Contents/Eclipse/plugins/com.st.stm32cube.ide.mcu.externaltools.gnu-tools-for-stm32.7-2018-q2-update.macos64_1.5.0.202011040924/tools/bin/../lib/gcc/arm-none-eabi/7.3.1/thumb/v7e-m/fpv4-sp/hard/crti.o
 .bss           0x0000000000000000        0x0 /Applications/STM32CubeIDE.app/Contents/Eclipse/plugins/com.st.stm32cube.ide.mcu.externaltools.gnu-tools-for-stm32.7-2018-q2-update.macos64_1.5.0.202011040924/tools/bin/../lib/gcc/arm-none-eabi/7.3.1/thumb/v7e-m/fpv4-sp/hard/crti.o
 .data          0x0000000000000000        0x4 /Applications/STM32CubeIDE.app/Contents/Eclipse/plugins/com.st.stm32cube.ide.mcu.externaltools.gnu-tools-for-stm32.7-2018-q2-update.macos64_1.5.0.202011040924/tools/bin/../lib/gcc/arm-none-eabi/7.3.1/thumb/v7e-m/fpv4-sp/hard/crtbegin.o
[...]
Memory Configuration

Name             Origin             Length             Attributes
FLASH            0x0000000008100000 0x0000000000100000 xr
RAM              0x0000000010000000 0x0000000000048000 xrw
*default*        0x0000000000000000 0xffffffffffffffff

Linker script and memory map

LOAD /Applications/STM32CubeIDE.app/Contents/Eclipse/plugins/com.st.stm32cube.ide.mcu.externaltools.gnu-tools-for-stm32.7-2018-q2-update.macos64_1.5.0.202011040924/tools/bin/../lib/gcc/arm-none-eabi/7.3.1/thumb/v7e-m/fpv4-sp/hard/crti.o
LOAD /Applications/STM32CubeIDE.app/Contents/Eclipse/plugins/com.st.stm32cube.ide.mcu.externaltools.gnu-tools-for-stm32.7-2018-q2-update.macos64_1.5.0.202011040924/tools/bin/../lib/gcc/arm-none-eabi/7.3.1/thumb/v7e-m/fpv4-sp/hard/crtbegin.o
LOAD /Applications/STM32CubeIDE.app/Contents/Eclipse/plugins/com.st.stm32cube.ide.mcu.externaltools.gnu-tools-for-stm32.7-2018-q2-update.macos64_1.5.0.202011040924/tools/bin/../lib/gcc/arm-none-eabi/7.3.1/../../../../arm-none-eabi/lib/thumb/v7e-m/fpv4-sp/hard/crt0.o
LOAD Common/Src/system_stm32h7xx_dualcore_boot_cm4_cm7.o
LOAD Core/Src/freertos.o
LOAD Core/Src/main.o
LOAD Core/Src/stm32h7xx_hal_msp.o
LOAD Core/Src/stm32h7xx_hal_timebase_tim.o
LOAD Core/Src/stm32h7xx_it.o
LOAD Core/Src/syscalls.o
LOAD Core/Src/sysmem.o
LOAD Core/Startup/startup_stm32h745zitx.o
LOAD Drivers/STM32H7xx_HAL_Driver/stm32h7xx_hal.o
LOAD Drivers/STM32H7xx_HAL_Driver/stm32h7xx_hal_cortex.o
LOAD Drivers/STM32H7xx_HAL_Driver/stm32h7xx_hal_dma.o
LOAD Drivers/STM32H7xx_HAL_Driver/stm32h7xx_hal_dma_ex.o
LOAD Drivers/STM32H7xx_HAL_Driver/stm32h7xx_hal_exti.o
LOAD Drivers/STM32H7xx_HAL_Driver/stm32h7xx_hal_flash.o
LOAD Drivers/STM32H7xx_HAL_Driver/stm32h7xx_hal_flash_ex.o
LOAD Drivers/STM32H7xx_HAL_Driver/stm32h7xx_hal_gpio.o
LOAD Drivers/STM32H7xx_HAL_Driver/stm32h7xx_hal_hsem.o
LOAD Drivers/STM32H7xx_HAL_Driver/stm32h7xx_hal_i2c.o
LOAD Drivers/STM32H7xx_HAL_Driver/stm32h7xx_hal_i2c_ex.o
LOAD Drivers/STM32H7xx_HAL_Driver/stm32h7xx_hal_mdma.o
LOAD Drivers/STM32H7xx_HAL_Driver/stm32h7xx_hal_pwr.o
LOAD Drivers/STM32H7xx_HAL_Driver/stm32h7xx_hal_pwr_ex.o
LOAD Drivers/STM32H7xx_HAL_Driver/stm32h7xx_hal_rcc.o
LOAD Drivers/STM32H7xx_HAL_Driver/stm32h7xx_hal_rcc_ex.o
LOAD Drivers/STM32H7xx_HAL_Driver/stm32h7xx_hal_tim.o
LOAD Drivers/STM32H7xx_HAL_Driver/stm32h7xx_hal_tim_ex.o
LOAD Middlewares/Third_Party/FreeRTOS/cmsis_os2.o
LOAD Middlewares/Third_Party/FreeRTOS/croutine.o
LOAD Middlewares/Third_Party/FreeRTOS/event_groups.o
LOAD Middlewares/Third_Party/FreeRTOS/heap_4.o
LOAD Middlewares/Third_Party/FreeRTOS/list.o
LOAD Middlewares/Third_Party/FreeRTOS/port.o
LOAD Middlewares/Third_Party/FreeRTOS/queue.o
LOAD Middlewares/Third_Party/FreeRTOS/stream_buffer.o
LOAD Middlewares/Third_Party/FreeRTOS/tasks.o
LOAD Middlewares/Third_Party/FreeRTOS/timers.o
START GROUP
LOAD /Applications/STM32CubeIDE.app/Contents/Eclipse/plugins/com.st.stm32cube.ide.mcu.externaltools.gnu-tools-for-stm32.7-2018-q2-update.macos64_1.5.0.202011040924/tools/bin/../lib/gcc/arm-none-eabi/7.3.1/../../../../arm-none-eabi/lib/thumb/v7e-m/fpv4-sp/hard/libc_nano.a
LOAD /Applications/STM32CubeIDE.app/Contents/Eclipse/plugins/com.st.stm32cube.ide.mcu.externaltools.gnu-tools-for-stm32.7-2018-q2-update.macos64_1.5.0.202011040924/tools/bin/../lib/gcc/arm-none-eabi/7.3.1/../../../../arm-none-eabi/lib/thumb/v7e-m/fpv4-sp/hard/libm.a
END GROUP
START GROUP
LOAD /Applications/STM32CubeIDE.app/Contents/Eclipse/plugins/com.st.stm32cube.ide.mcu.externaltools.gnu-tools-for-stm32.7-2018-q2-update.macos64_1.5.0.202011040924/tools/bin/../lib/gcc/arm-none-eabi/7.3.1/thumb/v7e-m/fpv4-sp/hard/libgcc.a
LOAD /Applications/STM32CubeIDE.app/Contents/Eclipse/plugins/com.st.stm32cube.ide.mcu.externaltools.gnu-tools-for-stm32.7-2018-q2-update.macos64_1.5.0.202011040924/tools/bin/../lib/gcc/arm-none-eabi/7.3.1/../../../../arm-none-eabi/lib/thumb/v7e-m/fpv4-sp/hard/libc_nano.a
END GROUP
START GROUP
LOAD /Applications/STM32CubeIDE.app/Contents/Eclipse/plugins/com.st.stm32cube.ide.mcu.externaltools.gnu-tools-for-stm32.7-2018-q2-update.macos64_1.5.0.202011040924/tools/bin/../lib/gcc/arm-none-eabi/7.3.1/thumb/v7e-m/fpv4-sp/hard/libgcc.a
LOAD /Applications/STM32CubeIDE.app/Contents/Eclipse/plugins/com.st.stm32cube.ide.mcu.externaltools.gnu-tools-for-stm32.7-2018-q2-update.macos64_1.5.0.202011040924/tools/bin/../lib/gcc/arm-none-eabi/7.3.1/../../../../arm-none-eabi/lib/thumb/v7e-m/fpv4-sp/hard/libc_nano.a
LOAD /Applications/STM32CubeIDE.app/Contents/Eclipse/plugins/com.st.stm32cube.ide.mcu.externaltools.gnu-tools-for-stm32.7-2018-q2-update.macos64_1.5.0.202011040924/tools/bin/../lib/gcc/arm-none-eabi/7.3.1/../../../../arm-none-eabi/lib/thumb/v7e-m/fpv4-sp/hard/libnosys.a
END GROUP
START GROUP
LOAD /Applications/STM32CubeIDE.app/Contents/Eclipse/plugins/com.st.stm32cube.ide.mcu.externaltools.gnu-tools-for-stm32.7-2018-q2-update.macos64_1.5.0.202011040924/tools/bin/../lib/gcc/arm-none-eabi/7.3.1/thumb/v7e-m/fpv4-sp/hard/libgcc.a
LOAD /Applications/STM32CubeIDE.app/Contents/Eclipse/plugins/com.st.stm32cube.ide.mcu.externaltools.gnu-tools-for-stm32.7-2018-q2-update.macos64_1.5.0.202011040924/tools/bin/../lib/gcc/arm-none-eabi/7.3.1/../../../../arm-none-eabi/lib/thumb/v7e-m/fpv4-sp/hard/libc_nano.a
LOAD /Applications/STM32CubeIDE.app/Contents/Eclipse/plugins/com.st.stm32cube.ide.mcu.externaltools.gnu-tools-for-stm32.7-2018-q2-update.macos64_1.5.0.202011040924/tools/bin/../lib/gcc/arm-none-eabi/7.3.1/../../../../arm-none-eabi/lib/thumb/v7e-m/fpv4-sp/hard/libnosys.a
END GROUP
LOAD /Applications/STM32CubeIDE.app/Contents/Eclipse/plugins/com.st.stm32cube.ide.mcu.externaltools.gnu-tools-for-stm32.7-2018-q2-update.macos64_1.5.0.202011040924/tools/bin/../lib/gcc/arm-none-eabi/7.3.1/thumb/v7e-m/fpv4-sp/hard/crtend.o
LOAD /Applications/STM32CubeIDE.app/Contents/Eclipse/plugins/com.st.stm32cube.ide.mcu.externaltools.gnu-tools-for-stm32.7-2018-q2-update.macos64_1.5.0.202011040924/tools/bin/../lib/gcc/arm-none-eabi/7.3.1/thumb/v7e-m/fpv4-sp/hard/crtn.o
                0x0000000010048000                _estack = 0x10048000
                0x0000000000000200                _Min_Heap_Size = 0x200
                0x0000000000000400                _Min_Stack_Size = 0x400

.isr_vector     0x0000000008100000      0x298
                0x0000000008100000                . = ALIGN (0x4)
 *(.isr_vector)
 .isr_vector    0x0000000008100000      0x298 Core/Startup/startup_stm32h745zitx.o
                0x0000000008100000                g_pfnVectors
                0x0000000008100298                . = ALIGN (0x4)

.text           0x00000000081002a0     0x4394
                0x00000000081002a0                . = ALIGN (0x4)
 *(.text)
 .text          0x00000000081002a0       0x40 /Applications/STM32CubeIDE.app/Contents/Eclipse/plugins/com.st.stm32cube.ide.mcu.externaltools.gnu-tools-for-stm32.7-2018-q2-update.macos64_1.5.0.202011040924/tools/bin/../lib/gcc/arm-none-eabi/7.3.1/thumb/v7e-m/fpv4-sp/hard/crtbegin.o
 *(.text*)
 .text.SystemInit
                0x00000000081002e0       0x38 Common/Src/system_stm32h7xx_dualcore_boot_cm4_cm7.o
                0x00000000081002e0                SystemInit
 .text.main     0x0000000008100318       0xd8 Core/Src/main.o
                0x0000000008100318                main
 .text.MX_GPIO_Init
                0x00000000081003f0       0xb4 Core/Src/main.o
 .text.StartDefaultTask
                0x00000000081004a4       0x28 Core/Src/main.o
                0x00000000081004a4                StartDefaultTask
 .text.doBlink  0x00000000081004cc       0x40 Core/Src/main.o
                0x00000000081004cc                doBlink
 .text.HAL_TIM_PeriodElapsedCallback
                0x000000000810050c       0x1e Core/Src/main.o
                0x000000000810050c                HAL_TIM_PeriodElapsedCallback
 *fill*         0x000000000810052a        0x2 
 .text.HAL_MspInit
                0x000000000810052c       0x3c Core/Src/stm32h7xx_hal_msp.o
                0x000000000810052c                HAL_MspInit
 .text.HAL_InitTick
                0x0000000008100568       0xd4 Core/Src/stm32h7xx_hal_timebase_tim.o
                0x0000000008100568                HAL_InitTick
 .text.NMI_Handler
                0x000000000810063c        0x6 Core/Src/stm32h7xx_it.o
                0x000000000810063c                NMI_Handler
 .text.HardFault_Handler
                0x0000000008100642        0x6 Core/Src/stm32h7xx_it.o
                0x0000000008100642                HardFault_Handler
 .text.MemManage_Handler
                0x0000000008100648        0x6 Core/Src/stm32h7xx_it.o
                0x0000000008100648                MemManage_Handler
 .text.BusFault_Handler
                0x000000000810064e        0x6 Core/Src/stm32h7xx_it.o
                0x000000000810064e                BusFault_Handler
 .text.UsageFault_Handler
                0x0000000008100654        0x6 Core/Src/stm32h7xx_it.o
                0x0000000008100654                UsageFault_Handler
 .text.DebugMon_Handler
                0x000000000810065a        0xe Core/Src/stm32h7xx_it.o
                0x000000000810065a                DebugMon_Handler
 .text.TIM2_IRQHandler
                0x0000000008100668       0x14 Core/Src/stm32h7xx_it.o
                0x0000000008100668                TIM2_IRQHandler
 .text.Reset_Handler
                0x000000000810067c       0x50 Core/Startup/startup_stm32h745zitx.o
                0x000000000810067c                Reset_Handler
 .text.Default_Handler
                0x00000000081006cc        0x2 Core/Startup/startup_stm32h745zitx.o
                0x00000000081006cc                DMA1_Stream3_IRQHandler
                0x00000000081006cc                EXTI2_IRQHandler
                0x00000000081006cc                TIM8_CC_IRQHandler
                0x00000000081006cc                HRTIM1_Master_IRQHandler
                0x00000000081006cc                UART8_IRQHandler
                0x00000000081006cc                SPI4_IRQHandler
                0x00000000081006cc                TIM1_CC_IRQHandler
                0x00000000081006cc                BDMA_Channel6_IRQHandler
                0x00000000081006cc                DMA2_Stream5_IRQHandler
                0x00000000081006cc                HRTIM1_FLT_IRQHandler
                0x00000000081006cc                JPEG_IRQHandler
                0x00000000081006cc                DMA1_Stream5_IRQHandler
                0x00000000081006cc                BDMA_Channel1_IRQHandler
                0x00000000081006cc                HRTIM1_TIMD_IRQHandler
                0x00000000081006cc                TAMP_STAMP_IRQHandler
                0x00000000081006cc                EXTI3_IRQHandler
                0x00000000081006cc                LPTIM4_IRQHandler
                0x00000000081006cc                TIM8_TRG_COM_TIM14_IRQHandler
                0x00000000081006cc                LPTIM2_IRQHandler
                0x00000000081006cc                DFSDM1_FLT1_IRQHandler
                0x00000000081006cc                DMAMUX2_OVR_IRQHandler
                0x00000000081006cc                TIM8_UP_TIM13_IRQHandler
                0x00000000081006cc                I2C3_ER_IRQHandler
                0x00000000081006cc                DFSDM1_FLT2_IRQHandler
                0x00000000081006cc                MDMA_IRQHandler
                0x00000000081006cc                LPTIM3_IRQHandler
                0x00000000081006cc                HSEM1_IRQHandler
                0x00000000081006cc                EXTI0_IRQHandler
                0x00000000081006cc                I2C2_EV_IRQHandler
                0x00000000081006cc                DMA1_Stream2_IRQHandler
                0x00000000081006cc                FPU_IRQHandler
                0x00000000081006cc                OTG_HS_WKUP_IRQHandler
                0x00000000081006cc                FDCAN1_IT1_IRQHandler
                0x00000000081006cc                LTDC_ER_IRQHandler
                0x00000000081006cc                DMA2_Stream2_IRQHandler
                0x00000000081006cc                HRTIM1_TIME_IRQHandler
                0x00000000081006cc                SPI1_IRQHandler
                0x00000000081006cc                TIM6_DAC_IRQHandler
                0x00000000081006cc                DCMI_IRQHandler
                0x00000000081006cc                HRTIM1_TIMC_IRQHandler
                0x00000000081006cc                DMA2_Stream3_IRQHandler
                0x00000000081006cc                SAI2_IRQHandler
                0x00000000081006cc                DFSDM1_FLT3_IRQHandler
                0x00000000081006cc                USART6_IRQHandler
                0x00000000081006cc                TIM17_IRQHandler
                0x00000000081006cc                USART3_IRQHandler
                0x00000000081006cc                BDMA_Channel7_IRQHandler
                0x00000000081006cc                LPTIM5_IRQHandler
                0x00000000081006cc                UART5_IRQHandler
                0x00000000081006cc                ADC3_IRQHandler
                0x00000000081006cc                DMA2_Stream0_IRQHandler
                0x00000000081006cc                TIM4_IRQHandler
                0x00000000081006cc                BDMA_Channel2_IRQHandler
                0x00000000081006cc                QUADSPI_IRQHandler
                0x00000000081006cc                I2C1_EV_IRQHandler
                0x00000000081006cc                DMA1_Stream6_IRQHandler
                0x00000000081006cc                DMAMUX1_OVR_IRQHandler
                0x00000000081006cc                DMA1_Stream1_IRQHandler
                0x00000000081006cc                TIM16_IRQHandler
                0x00000000081006cc                UART4_IRQHandler
                0x00000000081006cc                BDMA_Channel5_IRQHandler
                0x00000000081006cc                TIM3_IRQHandler
                0x00000000081006cc                RCC_IRQHandler
                0x00000000081006cc                TIM8_BRK_TIM12_IRQHandler
                0x00000000081006cc                TIM1_TRG_COM_IRQHandler
                0x00000000081006cc                Default_Handler
                0x00000000081006cc                ECC_IRQHandler
                0x00000000081006cc                CEC_IRQHandler
                0x00000000081006cc                EXTI15_10_IRQHandler
                0x00000000081006cc                BDMA_Channel0_IRQHandler
                0x00000000081006cc                ADC_IRQHandler
                0x00000000081006cc                DMA1_Stream7_IRQHandler
                0x00000000081006cc                HRTIM1_TIMA_IRQHandler
                0x00000000081006cc                SPI5_IRQHandler
                0x00000000081006cc                TIM7_IRQHandler
                0x00000000081006cc                SDMMC1_IRQHandler
                0x00000000081006cc                TIM5_IRQHandler
                0x00000000081006cc                DMA2_Stream7_IRQHandler
                0x00000000081006cc                TIM15_IRQHandler
                0x00000000081006cc                PVD_AVD_IRQHandler
                0x00000000081006cc                I2C3_EV_IRQHandler
                0x00000000081006cc                EXTI9_5_IRQHandler
                0x00000000081006cc                RTC_WKUP_IRQHandler
                0x00000000081006cc                LTDC_IRQHandler
                0x00000000081006cc                SAI3_IRQHandler
                0x00000000081006cc                ETH_WKUP_IRQHandler
                0x00000000081006cc                SPDIF_RX_IRQHandler
                0x00000000081006cc                SPI2_IRQHandler
                0x00000000081006cc                OTG_HS_EP1_IN_IRQHandler
                0x00000000081006cc                DMA1_Stream0_IRQHandler
                0x00000000081006cc                CRS_IRQHandler
                0x00000000081006cc                CM7_SEV_IRQHandler
                0x00000000081006cc                EXTI4_IRQHandler
                0x00000000081006cc                RNG_IRQHandler
                0x00000000081006cc                CM4_SEV_IRQHandler
                0x00000000081006cc                HRTIM1_TIMB_IRQHandler
                0x00000000081006cc                FDCAN2_IT1_IRQHandler
                0x00000000081006cc                ETH_IRQHandler
                0x00000000081006cc                TIM1_UP_IRQHandler
                0x00000000081006cc                WWDG_RST_IRQHandler
                0x00000000081006cc                BDMA_Channel4_IRQHandler
                0x00000000081006cc                OTG_HS_EP1_OUT_IRQHandler
                0x00000000081006cc                WWDG_IRQHandler
                0x00000000081006cc                SPI6_IRQHandler
                0x00000000081006cc                MDIOS_IRQHandler
                0x00000000081006cc                I2C4_EV_IRQHandler
                0x00000000081006cc                FDCAN2_IT0_IRQHandler
                0x00000000081006cc                LPUART1_IRQHandler
                0x00000000081006cc                FDCAN1_IT0_IRQHandler
                0x00000000081006cc                OTG_FS_WKUP_IRQHandler
                0x00000000081006cc                OTG_HS_IRQHandler
                0x00000000081006cc                HSEM2_IRQHandler
                0x00000000081006cc                DMA2D_IRQHandler
                0x00000000081006cc                TIM1_BRK_IRQHandler
                0x00000000081006cc                EXTI1_IRQHandler
                0x00000000081006cc                SDMMC2_IRQHandler
                0x00000000081006cc                OTG_FS_EP1_OUT_IRQHandler
                0x00000000081006cc                BDMA_Channel3_IRQHandler
                0x00000000081006cc                HOLD_CORE_IRQHandler
                0x00000000081006cc                UART7_IRQHandler
                0x00000000081006cc                MDIOS_WKUP_IRQHandler
                0x00000000081006cc                USART2_IRQHandler
                0x00000000081006cc                DFSDM1_FLT0_IRQHandler
                0x00000000081006cc                SAI4_IRQHandler
                0x00000000081006cc                I2C2_ER_IRQHandler
                0x00000000081006cc                DMA2_Stream1_IRQHandler
                0x00000000081006cc                FLASH_IRQHandler
                0x00000000081006cc                DMA2_Stream4_IRQHandler
                0x00000000081006cc                USART1_IRQHandler
                0x00000000081006cc                OTG_FS_IRQHandler
                0x00000000081006cc                SPI3_IRQHandler
                0x00000000081006cc                WAKEUP_PIN_IRQHandler
                0x00000000081006cc                DMA1_Stream4_IRQHandler
                0x00000000081006cc                OTG_FS_EP1_IN_IRQHandler
                0x00000000081006cc                I2C1_ER_IRQHandler
                0x00000000081006cc                FMC_IRQHandler
                0x00000000081006cc                FDCAN_CAL_IRQHandler
                0x00000000081006cc                SWPMI1_IRQHandler
                0x00000000081006cc                COMP1_IRQHandler
                0x00000000081006cc                LPTIM1_IRQHandler
                0x00000000081006cc                I2C4_ER_IRQHandler
                0x00000000081006cc                DMA2_Stream6_IRQHandler
                0x00000000081006cc                SAI1_IRQHandler
                0x00000000081006cc                RTC_Alarm_IRQHandler
 *fill*         0x00000000081006ce        0x2 
 .text.HAL_Init
                0x00000000081006d0       0xbc Drivers/STM32H7xx_HAL_Driver/stm32h7xx_hal.o
                0x00000000081006d0                HAL_Init
 .text.HAL_IncTick
                0x000000000810078c       0x28 Drivers/STM32H7xx_HAL_Driver/stm32h7xx_hal.o
                0x000000000810078c                HAL_IncTick
 .text.__NVIC_SetPriorityGrouping
                0x00000000081007b4       0x48 Drivers/STM32H7xx_HAL_Driver/stm32h7xx_hal_cortex.o
 .text.__NVIC_GetPriorityGrouping
                0x00000000081007fc       0x1c Drivers/STM32H7xx_HAL_Driver/stm32h7xx_hal_cortex.o
 .text.__NVIC_EnableIRQ
                0x0000000008100818       0x3c Drivers/STM32H7xx_HAL_Driver/stm32h7xx_hal_cortex.o
 .text.__NVIC_SetPriority
                0x0000000008100854       0x54 Drivers/STM32H7xx_HAL_Driver/stm32h7xx_hal_cortex.o
 .text.NVIC_EncodePriority
                0x00000000081008a8       0x66 Drivers/STM32H7xx_HAL_Driver/stm32h7xx_hal_cortex.o
 .text.HAL_NVIC_SetPriorityGrouping
                0x000000000810090e       0x16 Drivers/STM32H7xx_HAL_Driver/stm32h7xx_hal_cortex.o
                0x000000000810090e                HAL_NVIC_SetPriorityGrouping
 .text.HAL_NVIC_SetPriority
                0x0000000008100924       0x34 Drivers/STM32H7xx_HAL_Driver/stm32h7xx_hal_cortex.o
                0x0000000008100924                HAL_NVIC_SetPriority
 .text.HAL_NVIC_EnableIRQ
                0x0000000008100958       0x1c Drivers/STM32H7xx_HAL_Driver/stm32h7xx_hal_cortex.o
                0x0000000008100958                HAL_NVIC_EnableIRQ
 .text.HAL_GetCurrentCPUID
                0x0000000008100974       0x28 Drivers/STM32H7xx_HAL_Driver/stm32h7xx_hal_cortex.o
                0x0000000008100974                HAL_GetCurrentCPUID
 .text.HAL_GPIO_Init
                0x000000000810099c      0x360 Drivers/STM32H7xx_HAL_Driver/stm32h7xx_hal_gpio.o
                0x000000000810099c                HAL_GPIO_Init
 .text.HAL_GPIO_WritePin
                0x0000000008100cfc       0x32 Drivers/STM32H7xx_HAL_Driver/stm32h7xx_hal_gpio.o
                0x0000000008100cfc                HAL_GPIO_WritePin
 .text.HAL_GPIO_TogglePin
                0x0000000008100d2e       0x36 Drivers/STM32H7xx_HAL_Driver/stm32h7xx_hal_gpio.o
                0x0000000008100d2e                HAL_GPIO_TogglePin
 .text.HAL_HSEM_ActivateNotification
                0x0000000008100d64       0x24 Drivers/STM32H7xx_HAL_Driver/stm32h7xx_hal_hsem.o
                0x0000000008100d64                HAL_HSEM_ActivateNotification
 .text.HAL_PWREx_EnterSTOPMode
                0x0000000008100d88       0xec Drivers/STM32H7xx_HAL_Driver/stm32h7xx_hal_pwr_ex.o
                0x0000000008100d88                HAL_PWREx_EnterSTOPMode
 .text.HAL_PWREx_ClearPendingEvent
                0x0000000008100e74       0x1a Drivers/STM32H7xx_HAL_Driver/stm32h7xx_hal_pwr_ex.o
                0x0000000008100e74                HAL_PWREx_ClearPendingEvent
 *fill*         0x0000000008100e8e        0x2 
 .text.HAL_RCC_GetSysClockFreq
                0x0000000008100e90      0x2e4 Drivers/STM32H7xx_HAL_Driver/stm32h7xx_hal_rcc.o
                0x0000000008100e90                HAL_RCC_GetSysClockFreq
 .text.HAL_RCC_GetHCLKFreq
                0x0000000008101174       0x64 Drivers/STM32H7xx_HAL_Driver/stm32h7xx_hal_rcc.o
                0x0000000008101174                HAL_RCC_GetHCLKFreq
 .text.HAL_RCC_GetPCLK1Freq
                0x00000000081011d8       0x2c Drivers/STM32H7xx_HAL_Driver/stm32h7xx_hal_rcc.o
                0x00000000081011d8                HAL_RCC_GetPCLK1Freq
 .text.HAL_RCC_GetClockConfig
                0x0000000008101204       0x84 Drivers/STM32H7xx_HAL_Driver/stm32h7xx_hal_rcc.o
                0x0000000008101204                HAL_RCC_GetClockConfig
 .text.HAL_TIM_Base_Init
                0x0000000008101288       0xae Drivers/STM32H7xx_HAL_Driver/stm32h7xx_hal_tim.o
                0x0000000008101288                HAL_TIM_Base_Init
 .text.HAL_TIM_Base_MspInit
                0x0000000008101336       0x14 Drivers/STM32H7xx_HAL_Driver/stm32h7xx_hal_tim.o
                0x0000000008101336                HAL_TIM_Base_MspInit
 *fill*         0x000000000810134a        0x2 
 .text.HAL_TIM_Base_Start_IT
                0x000000000810134c       0x6c Drivers/STM32H7xx_HAL_Driver/stm32h7xx_hal_tim.o
                0x000000000810134c                HAL_TIM_Base_Start_IT
 .text.HAL_TIM_IRQHandler
                0x00000000081013b8      0x23e Drivers/STM32H7xx_HAL_Driver/stm32h7xx_hal_tim.o
                0x00000000081013b8                HAL_TIM_IRQHandler
 .text.HAL_TIM_OC_DelayElapsedCallback
                0x00000000081015f6       0x14 Drivers/STM32H7xx_HAL_Driver/stm32h7xx_hal_tim.o
                0x00000000081015f6                HAL_TIM_OC_DelayElapsedCallback
 .text.HAL_TIM_IC_CaptureCallback
                0x000000000810160a       0x14 Drivers/STM32H7xx_HAL_Driver/stm32h7xx_hal_tim.o
                0x000000000810160a                HAL_TIM_IC_CaptureCallback
 .text.HAL_TIM_PWM_PulseFinishedCallback
                0x000000000810161e       0x14 Drivers/STM32H7xx_HAL_Driver/stm32h7xx_hal_tim.o
                0x000000000810161e                HAL_TIM_PWM_PulseFinishedCallback
 .text.HAL_TIM_TriggerCallback
                0x0000000008101632       0x14 Drivers/STM32H7xx_HAL_Driver/stm32h7xx_hal_tim.o
                0x0000000008101632                HAL_TIM_TriggerCallback
 *fill*         0x0000000008101646        0x2 
 .text.TIM_Base_SetConfig
                0x0000000008101648      0x134 Drivers/STM32H7xx_HAL_Driver/stm32h7xx_hal_tim.o
                0x0000000008101648                TIM_Base_SetConfig
 .text.HAL_TIMEx_CommutCallback
                0x000000000810177c       0x14 Drivers/STM32H7xx_HAL_Driver/stm32h7xx_hal_tim_ex.o
                0x000000000810177c                HAL_TIMEx_CommutCallback
 .text.HAL_TIMEx_BreakCallback
                0x0000000008101790       0x14 Drivers/STM32H7xx_HAL_Driver/stm32h7xx_hal_tim_ex.o
                0x0000000008101790                HAL_TIMEx_BreakCallback
 .text.HAL_TIMEx_Break2Callback
                0x00000000081017a4       0x14 Drivers/STM32H7xx_HAL_Driver/stm32h7xx_hal_tim_ex.o
                0x00000000081017a4                HAL_TIMEx_Break2Callback
 .text.SVC_Setup
                0x00000000081017b8        0xe Middlewares/Third_Party/FreeRTOS/cmsis_os2.o
 *fill*         0x00000000081017c6        0x2 
 .text.osKernelInitialize
                0x00000000081017c8       0x68 Middlewares/Third_Party/FreeRTOS/cmsis_os2.o
                0x00000000081017c8                osKernelInitialize
 .text.osKernelStart
                0x0000000008101830       0x6c Middlewares/Third_Party/FreeRTOS/cmsis_os2.o
                0x0000000008101830                osKernelStart
 .text.osThreadNew
                0x000000000810189c      0x14c Middlewares/Third_Party/FreeRTOS/cmsis_os2.o
                0x000000000810189c                osThreadNew
 .text.osDelay  0x00000000081019e8       0x5c Middlewares/Third_Party/FreeRTOS/cmsis_os2.o
                0x00000000081019e8                osDelay
 .text.osMessageQueueNew
                0x0000000008101a44      0x10c Middlewares/Third_Party/FreeRTOS/cmsis_os2.o
                0x0000000008101a44                osMessageQueueNew
 .text.osMessageQueueGet
                0x0000000008101b50       0xe4 Middlewares/Third_Party/FreeRTOS/cmsis_os2.o
                0x0000000008101b50                osMessageQueueGet
 .text.vApplicationGetIdleTaskMemory
                0x0000000008101c34       0x34 Middlewares/Third_Party/FreeRTOS/cmsis_os2.o
                0x0000000008101c34                vApplicationGetIdleTaskMemory
 .text.vApplicationGetTimerTaskMemory
                0x0000000008101c68       0x34 Middlewares/Third_Party/FreeRTOS/cmsis_os2.o
                0x0000000008101c68                vApplicationGetTimerTaskMemory
 .text.pvPortMalloc
                0x0000000008101c9c      0x184 Middlewares/Third_Party/FreeRTOS/heap_4.o
                0x0000000008101c9c                pvPortMalloc
 .text.vPortFree
                0x0000000008101e20       0xb0 Middlewares/Third_Party/FreeRTOS/heap_4.o
                0x0000000008101e20                vPortFree
 .text.prvHeapInit
                0x0000000008101ed0       0xc4 Middlewares/Third_Party/FreeRTOS/heap_4.o
 .text.prvInsertBlockIntoFreeList
                0x0000000008101f94       0xb4 Middlewares/Third_Party/FreeRTOS/heap_4.o
 .text.vListInitialise
                0x0000000008102048       0x40 Middlewares/Third_Party/FreeRTOS/list.o
                0x0000000008102048                vListInitialise
 .text.vListInitialiseItem
                0x0000000008102088       0x1a Middlewares/Third_Party/FreeRTOS/list.o
                0x0000000008102088                vListInitialiseItem
 .text.vListInsertEnd
                0x00000000081020a2       0x48 Middlewares/Third_Party/FreeRTOS/list.o
                0x00000000081020a2                vListInsertEnd
 .text.vListInsert
                0x00000000081020ea       0x72 Middlewares/Third_Party/FreeRTOS/list.o
                0x00000000081020ea                vListInsert
 .text.uxListRemove
                0x000000000810215c       0x54 Middlewares/Third_Party/FreeRTOS/list.o
                0x000000000810215c                uxListRemove
 .text.pxPortInitialiseStack
                0x00000000081021b0       0x68 Middlewares/Third_Party/FreeRTOS/port.o
                0x00000000081021b0                pxPortInitialiseStack
 .text.prvTaskExitError
                0x0000000008102218       0x54 Middlewares/Third_Party/FreeRTOS/port.o
 *fill*         0x000000000810226c        0x4 
 .text.SVC_Handler
                0x0000000008102270       0x28 Middlewares/Third_Party/FreeRTOS/port.o
                0x0000000008102270                SVC_Handler
 .text.prvPortStartFirstTask
                0x0000000008102298       0x28 Middlewares/Third_Party/FreeRTOS/port.o
 .text.xPortStartScheduler
                0x00000000081022c0      0x13c Middlewares/Third_Party/FreeRTOS/port.o
                0x00000000081022c0                xPortStartScheduler
 .text.vPortEnterCritical
                0x00000000081023fc       0x5c Middlewares/Third_Party/FreeRTOS/port.o
                0x00000000081023fc                vPortEnterCritical
 .text.vPortExitCritical
                0x0000000008102458       0x50 Middlewares/Third_Party/FreeRTOS/port.o
                0x0000000008102458                vPortExitCritical
 *fill*         0x00000000081024a8        0x8 
 .text.PendSV_Handler
                0x00000000081024b0       0x68 Middlewares/Third_Party/FreeRTOS/port.o
                0x00000000081024b0                PendSV_Handler
 .text.SysTick_Handler
                0x0000000008102518       0x40 Middlewares/Third_Party/FreeRTOS/port.o
                0x0000000008102518                SysTick_Handler
 .text.vPortSetupTimerInterrupt
                0x0000000008102558       0x48 Middlewares/Third_Party/FreeRTOS/port.o
                0x0000000008102558                vPortSetupTimerInterrupt
 .text.vPortEnableVFP
                0x00000000081025a0       0x14 Middlewares/Third_Party/FreeRTOS/port.o
 .text.vPortValidateInterruptPriority
                0x00000000081025b4       0x7c Middlewares/Third_Party/FreeRTOS/port.o
                0x00000000081025b4                vPortValidateInterruptPriority
 .text.xQueueGenericReset
                0x0000000008102630       0xd0 Middlewares/Third_Party/FreeRTOS/queue.o
                0x0000000008102630                xQueueGenericReset
 .text.xQueueGenericCreateStatic
                0x0000000008102700       0xe6 Middlewares/Third_Party/FreeRTOS/queue.o
                0x0000000008102700                xQueueGenericCreateStatic
 .text.xQueueGenericCreate
                0x00000000081027e6       0x7e Middlewares/Third_Party/FreeRTOS/queue.o
                0x00000000081027e6                xQueueGenericCreate
 .text.prvInitialiseNewQueue
                0x0000000008102864       0x46 Middlewares/Third_Party/FreeRTOS/queue.o
 *fill*         0x00000000081028aa        0x2 
 .text.xQueueGenericSend
                0x00000000081028ac      0x1f4 Middlewares/Third_Party/FreeRTOS/queue.o
                0x00000000081028ac                xQueueGenericSend
 .text.xQueueGenericSendFromISR
                0x0000000008102aa0      0x128 Middlewares/Third_Party/FreeRTOS/queue.o
                0x0000000008102aa0                xQueueGenericSendFromISR
 .text.xQueueReceive
                0x0000000008102bc8      0x1b8 Middlewares/Third_Party/FreeRTOS/queue.o
                0x0000000008102bc8                xQueueReceive
 .text.xQueueReceiveFromISR
                0x0000000008102d80       0xfa Middlewares/Third_Party/FreeRTOS/queue.o
                0x0000000008102d80                xQueueReceiveFromISR
 .text.prvCopyDataToQueue
                0x0000000008102e7a       0xd4 Middlewares/Third_Party/FreeRTOS/queue.o
 .text.prvCopyDataFromQueue
                0x0000000008102f4e       0x4c Middlewares/Third_Party/FreeRTOS/queue.o
 .text.prvUnlockQueue
                0x0000000008102f9a       0xa4 Middlewares/Third_Party/FreeRTOS/queue.o
 .text.prvIsQueueEmpty
                0x000000000810303e       0x2c Middlewares/Third_Party/FreeRTOS/queue.o
 .text.prvIsQueueFull
                0x000000000810306a       0x30 Middlewares/Third_Party/FreeRTOS/queue.o
 *fill*         0x000000000810309a        0x2 
 .text.vQueueAddToRegistry
                0x000000000810309c       0x50 Middlewares/Third_Party/FreeRTOS/queue.o
                0x000000000810309c                vQueueAddToRegistry
 .text.vQueueWaitForMessageRestricted
                0x00000000081030ec       0x68 Middlewares/Third_Party/FreeRTOS/queue.o
                0x00000000081030ec                vQueueWaitForMessageRestricted
 .text.xTaskCreateStatic
                0x0000000008103154       0xb4 Middlewares/Third_Party/FreeRTOS/tasks.o
                0x0000000008103154                xTaskCreateStatic
 .text.xTaskCreate
                0x0000000008103208       0x8a Middlewares/Third_Party/FreeRTOS/tasks.o
                0x0000000008103208                xTaskCreate
 .text.prvInitialiseNewTask
                0x0000000008103292      0x11c Middlewares/Third_Party/FreeRTOS/tasks.o
 *fill*         0x00000000081033ae        0x2 
 .text.prvAddNewTaskToReadyList
                0x00000000081033b0       0xe0 Middlewares/Third_Party/FreeRTOS/tasks.o
 .text.vTaskDelay
                0x0000000008103490       0x68 Middlewares/Third_Party/FreeRTOS/tasks.o
                0x0000000008103490                vTaskDelay
 .text.vTaskStartScheduler
                0x00000000081034f8       0xc8 Middlewares/Third_Party/FreeRTOS/tasks.o
                0x00000000081034f8                vTaskStartScheduler
 .text.vTaskSuspendAll
                0x00000000081035c0       0x1c Middlewares/Third_Party/FreeRTOS/tasks.o
                0x00000000081035c0                vTaskSuspendAll
 .text.xTaskResumeAll
                0x00000000081035dc      0x138 Middlewares/Third_Party/FreeRTOS/tasks.o
                0x00000000081035dc                xTaskResumeAll
 .text.xTaskGetTickCount
                0x0000000008103714       0x20 Middlewares/Third_Party/FreeRTOS/tasks.o
                0x0000000008103714                xTaskGetTickCount
 .text.xTaskIncrementTick
                0x0000000008103734      0x170 Middlewares/Third_Party/FreeRTOS/tasks.o
                0x0000000008103734                xTaskIncrementTick
 .text.vTaskSwitchContext
                0x00000000081038a4       0xb8 Middlewares/Third_Party/FreeRTOS/tasks.o
                0x00000000081038a4                vTaskSwitchContext
 .text.vTaskPlaceOnEventList
                0x000000000810395c       0x48 Middlewares/Third_Party/FreeRTOS/tasks.o
                0x000000000810395c                vTaskPlaceOnEventList
 .text.vTaskPlaceOnEventListRestricted
                0x00000000081039a4       0x54 Middlewares/Third_Party/FreeRTOS/tasks.o
                0x00000000081039a4                vTaskPlaceOnEventListRestricted
 .text.xTaskRemoveFromEventList
                0x00000000081039f8       0xc4 Middlewares/Third_Party/FreeRTOS/tasks.o
                0x00000000081039f8                xTaskRemoveFromEventList
 .text.vTaskInternalSetTimeOutState
                0x0000000008103abc       0x2c Middlewares/Third_Party/FreeRTOS/tasks.o
                0x0000000008103abc                vTaskInternalSetTimeOutState
 .text.xTaskCheckForTimeOut
                0x0000000008103ae8       0xc0 Middlewares/Third_Party/FreeRTOS/tasks.o
                0x0000000008103ae8                xTaskCheckForTimeOut
 .text.vTaskMissedYield
                0x0000000008103ba8       0x18 Middlewares/Third_Party/FreeRTOS/tasks.o
                0x0000000008103ba8                vTaskMissedYield
 .text.prvIdleTask
                0x0000000008103bc0       0x30 Middlewares/Third_Party/FreeRTOS/tasks.o
 .text.prvInitialiseTaskLists
                0x0000000008103bf0       0x80 Middlewares/Third_Party/FreeRTOS/tasks.o
 .text.prvCheckTasksWaitingTermination
                0x0000000008103c70       0x58 Middlewares/Third_Party/FreeRTOS/tasks.o
 .text.prvDeleteTCB
                0x0000000008103cc8       0x5c Middlewares/Third_Party/FreeRTOS/tasks.o
 .text.prvResetNextTaskUnblockTime
                0x0000000008103d24       0x40 Middlewares/Third_Party/FreeRTOS/tasks.o
 .text.xTaskGetSchedulerState
                0x0000000008103d64       0x3c Middlewares/Third_Party/FreeRTOS/tasks.o
                0x0000000008103d64                xTaskGetSchedulerState
 .text.xTaskPriorityDisinherit
                0x0000000008103da0       0xd8 Middlewares/Third_Party/FreeRTOS/tasks.o
                0x0000000008103da0                xTaskPriorityDisinherit
 .text.prvAddCurrentTaskToDelayedList
                0x0000000008103e78       0xa8 Middlewares/Third_Party/FreeRTOS/tasks.o
 .text.xTimerCreateTimerTask
                0x0000000008103f20       0x90 Middlewares/Third_Party/FreeRTOS/timers.o
                0x0000000008103f20                xTimerCreateTimerTask
 .text.xTimerGenericCommand
                0x0000000008103fb0       0x98 Middlewares/Third_Party/FreeRTOS/timers.o
                0x0000000008103fb0                xTimerGenericCommand
 .text.prvProcessExpiredTimer
                0x0000000008104048       0x98 Middlewares/Third_Party/FreeRTOS/timers.o
 .text.prvTimerTask
                0x00000000081040e0       0x24 Middlewares/Third_Party/FreeRTOS/timers.o
 .text.prvProcessTimerOrBlockTask
                0x0000000008104104       0x9c Middlewares/Third_Party/FreeRTOS/timers.o
 .text.prvGetNextExpireTime
                0x00000000081041a0       0x48 Middlewares/Third_Party/FreeRTOS/timers.o
 .text.prvSampleTimeNow
                0x00000000081041e8       0x40 Middlewares/Third_Party/FreeRTOS/timers.o
 .text.prvInsertTimerInActiveList
                0x0000000008104228       0x84 Middlewares/Third_Party/FreeRTOS/timers.o
 .text.prvProcessReceivedCommands
                0x00000000081042ac      0x1b8 Middlewares/Third_Party/FreeRTOS/timers.o
 .text.prvSwitchTimerLists
                0x0000000008104464       0xc8 Middlewares/Third_Party/FreeRTOS/timers.o
 .text.prvCheckForValidListAndQueue
                0x000000000810452c       0x80 Middlewares/Third_Party/FreeRTOS/timers.o
 .text.__libc_init_array
                0x00000000081045ac       0x48 /Applications/STM32CubeIDE.app/Contents/Eclipse/plugins/com.st.stm32cube.ide.mcu.externaltools.gnu-tools-for-stm32.7-2018-q2-update.macos64_1.5.0.202011040924/tools/bin/../lib/gcc/arm-none-eabi/7.3.1/../../../../arm-none-eabi/lib/thumb/v7e-m/fpv4-sp/hard/libc_nano.a(lib_a-init.o)
                0x00000000081045ac                __libc_init_array
 .text.memcpy   0x00000000081045f4       0x16 /Applications/STM32CubeIDE.app/Contents/Eclipse/plugins/com.st.stm32cube.ide.mcu.externaltools.gnu-tools-for-stm32.7-2018-q2-update.macos64_1.5.0.202011040924/tools/bin/../lib/gcc/arm-none-eabi/7.3.1/../../../../arm-none-eabi/lib/thumb/v7e-m/fpv4-sp/hard/libc_nano.a(lib_a-memcpy-stub.o)
                0x00000000081045f4                memcpy
 .text.memset   0x000000000810460a       0x10 /Applications/STM32CubeIDE.app/Contents/Eclipse/plugins/com.st.stm32cube.ide.mcu.externaltools.gnu-tools-for-stm32.7-2018-q2-update.macos64_1.5.0.202011040924/tools/bin/../lib/gcc/arm-none-eabi/7.3.1/../../../../arm-none-eabi/lib/thumb/v7e-m/fpv4-sp/hard/libc_nano.a(lib_a-memset.o)
                0x000000000810460a                memset
 *(.glue_7)
 .glue_7        0x000000000810461a        0x0 linker stubs
 *(.glue_7t)
 .glue_7t       0x000000000810461a        0x0 linker stubs
 *(.eh_frame)
 *fill*         0x000000000810461a        0x2 
 .eh_frame      0x000000000810461c        0x0 /Applications/STM32CubeIDE.app/Contents/Eclipse/plugins/com.st.stm32cube.ide.mcu.externaltools.gnu-tools-for-stm32.7-2018-q2-update.macos64_1.5.0.202011040924/tools/bin/../lib/gcc/arm-none-eabi/7.3.1/thumb/v7e-m/fpv4-sp/hard/crtbegin.o
 *(.init)
 .init          0x000000000810461c        0x4 /Applications/STM32CubeIDE.app/Contents/Eclipse/plugins/com.st.stm32cube.ide.mcu.externaltools.gnu-tools-for-stm32.7-2018-q2-update.macos64_1.5.0.202011040924/tools/bin/../lib/gcc/arm-none-eabi/7.3.1/thumb/v7e-m/fpv4-sp/hard/crti.o
                0x000000000810461c                _init
 .init          0x0000000008104620        0x8 /Applications/STM32CubeIDE.app/Contents/Eclipse/plugins/com.st.stm32cube.ide.mcu.externaltools.gnu-tools-for-stm32.7-2018-q2-update.macos64_1.5.0.202011040924/tools/bin/../lib/gcc/arm-none-eabi/7.3.1/thumb/v7e-m/fpv4-sp/hard/crtn.o
 *(.fini)
 .fini          0x0000000008104628        0x4 /Applications/STM32CubeIDE.app/Contents/Eclipse/plugins/com.st.stm32cube.ide.mcu.externaltools.gnu-tools-for-stm32.7-2018-q2-update.macos64_1.5.0.202011040924/tools/bin/../lib/gcc/arm-none-eabi/7.3.1/thumb/v7e-m/fpv4-sp/hard/crti.o
                0x0000000008104628                _fini
 .fini          0x000000000810462c        0x8 /Applications/STM32CubeIDE.app/Contents/Eclipse/plugins/com.st.stm32cube.ide.mcu.externaltools.gnu-tools-for-stm32.7-2018-q2-update.macos64_1.5.0.202011040924/tools/bin/../lib/gcc/arm-none-eabi/7.3.1/thumb/v7e-m/fpv4-sp/hard/crtn.o
                0x0000000008104634                . = ALIGN (0x4)
                0x0000000008104634                _etext = .

.vfp11_veneer   0x0000000008104634        0x0
 .vfp11_veneer  0x0000000008104634        0x0 linker stubs

.v4_bx          0x0000000008104634        0x0
 .v4_bx         0x0000000008104634        0x0 linker stubs

.iplt           0x0000000008104634        0x0
 .iplt          0x0000000008104634        0x0 /Applications/STM32CubeIDE.app/Contents/Eclipse/plugins/com.st.stm32cube.ide.mcu.externaltools.gnu-tools-for-stm32.7-2018-q2-update.macos64_1.5.0.202011040924/tools/bin/../lib/gcc/arm-none-eabi/7.3.1/thumb/v7e-m/fpv4-sp/hard/crtbegin.o

.rodata         0x0000000008104634       0xac
                0x0000000008104634                . = ALIGN (0x4)
 *(.rodata)
 .rodata        0x0000000008104634       0x22 Core/Src/main.o
 *fill*         0x0000000008104656        0x2 
 .rodata        0x0000000008104658        0x5 Middlewares/Third_Party/FreeRTOS/tasks.o
 *fill*         0x000000000810465d        0x3 
 .rodata        0x0000000008104660        0xd Middlewares/Third_Party/FreeRTOS/timers.o
 *(.rodata*)
 *fill*         0x000000000810466d        0x3 
 .rodata.D1CorePrescTable
                0x0000000008104670       0x10 Common/Src/system_stm32h7xx_dualcore_boot_cm4_cm7.o
                0x0000000008104670                D1CorePrescTable
 .rodata.defaultTask_attributes
                0x0000000008104680       0x24 Core/Src/main.o
                0x0000000008104680                defaultTask_attributes
 .rodata.blink_attributes
                0x00000000081046a4       0x24 Core/Src/main.o
                0x00000000081046a4                blink_attributes
 .rodata.periodReceive_attributes
                0x00000000081046c8       0x18 Core/Src/main.o
                0x00000000081046c8                periodReceive_attributes
                0x00000000081046e0                . = ALIGN (0x4)

.rel.dyn        0x00000000081046e0        0x0
 .rel.iplt      0x00000000081046e0        0x0 /Applications/STM32CubeIDE.app/Contents/Eclipse/plugins/com.st.stm32cube.ide.mcu.externaltools.gnu-tools-for-stm32.7-2018-q2-update.macos64_1.5.0.202011040924/tools/bin/../lib/gcc/arm-none-eabi/7.3.1/thumb/v7e-m/fpv4-sp/hard/crtbegin.o

.ARM.extab
 *(.ARM.extab* .gnu.linkonce.armextab.*)

.ARM            0x00000000081046e0        0x0
                0x00000000081046e0                __exidx_start = .
 *(.ARM.exidx*)
                0x00000000081046e0                __exidx_end = .

.preinit_array  0x00000000081046e0        0x0
                0x00000000081046e0                PROVIDE (__preinit_array_start = .)
 *(.preinit_array*)
                0x00000000081046e0                PROVIDE (__preinit_array_end = .)

.init_array     0x00000000081046e0        0x4
                0x00000000081046e0                PROVIDE (__init_array_start = .)
 *(SORT_BY_NAME(.init_array.*))
 *(.init_array*)
 .init_array    0x00000000081046e0        0x4 /Applications/STM32CubeIDE.app/Contents/Eclipse/plugins/com.st.stm32cube.ide.mcu.externaltools.gnu-tools-for-stm32.7-2018-q2-update.macos64_1.5.0.202011040924/tools/bin/../lib/gcc/arm-none-eabi/7.3.1/thumb/v7e-m/fpv4-sp/hard/crtbegin.o
                0x00000000081046e4                PROVIDE (__init_array_end = .)

.fini_array     0x00000000081046e4        0x4
                [!provide]                        PROVIDE (__fini_array_start = .)
 *(SORT_BY_NAME(.fini_array.*))
 *(.fini_array*)
 .fini_array    0x00000000081046e4        0x4 /Applications/STM32CubeIDE.app/Contents/Eclipse/plugins/com.st.stm32cube.ide.mcu.externaltools.gnu-tools-for-stm32.7-2018-q2-update.macos64_1.5.0.202011040924/tools/bin/../lib/gcc/arm-none-eabi/7.3.1/thumb/v7e-m/fpv4-sp/hard/crtbegin.o
                [!provide]                        PROVIDE (__fini_array_end = .)
                0x00000000081046e8                _sidata = LOADADDR (.data)

.data           0x0000000010000000       0x14 load address 0x00000000081046e8
                0x0000000010000000                . = ALIGN (0x4)
                0x0000000010000000                _sdata = .
 *(.data)
 *(.data*)
 .data.SystemCoreClock
                0x0000000010000000        0x4 Common/Src/system_stm32h7xx_dualcore_boot_cm4_cm7.o
                0x0000000010000000                SystemCoreClock
 .data.SystemD2Clock
                0x0000000010000004        0x4 Common/Src/system_stm32h7xx_dualcore_boot_cm4_cm7.o
                0x0000000010000004                SystemD2Clock
 .data.uwTickPrio
                0x0000000010000008        0x4 Drivers/STM32H7xx_HAL_Driver/stm32h7xx_hal.o
                0x0000000010000008                uwTickPrio
 .data.uwTickFreq
                0x000000001000000c        0x1 Drivers/STM32H7xx_HAL_Driver/stm32h7xx_hal.o
                0x000000001000000c                uwTickFreq
 *fill*         0x000000001000000d        0x3 
 .data.uxCriticalNesting
                0x0000000010000010        0x4 Middlewares/Third_Party/FreeRTOS/port.o
 *(.RamFunc)
 *(.RamFunc*)
                0x0000000010000014                . = ALIGN (0x4)
                0x0000000010000014                _edata = .

.igot.plt       0x0000000010000014        0x0 load address 0x00000000081046fc
 .igot.plt      0x0000000010000014        0x0 /Applications/STM32CubeIDE.app/Contents/Eclipse/plugins/com.st.stm32cube.ide.mcu.externaltools.gnu-tools-for-stm32.7-2018-q2-update.macos64_1.5.0.202011040924/tools/bin/../lib/gcc/arm-none-eabi/7.3.1/thumb/v7e-m/fpv4-sp/hard/crtbegin.o
                0x0000000010000014                . = ALIGN (0x4)

.bss            0x0000000010000014     0x49c4 load address 0x00000000081046fc
                0x0000000010000014                _sbss = .
                0x0000000010000014                __bss_start__ = _sbss
 *(.bss)
 .bss           0x0000000010000014       0x1c /Applications/STM32CubeIDE.app/Contents/Eclipse/plugins/com.st.stm32cube.ide.mcu.externaltools.gnu-tools-for-stm32.7-2018-q2-update.macos64_1.5.0.202011040924/tools/bin/../lib/gcc/arm-none-eabi/7.3.1/thumb/v7e-m/fpv4-sp/hard/crtbegin.o
 *(.bss*)
 .bss.period    0x0000000010000030        0x2 Core/Src/main.o
                0x0000000010000030                period
 *fill*         0x0000000010000032        0x2 
 .bss.KernelState
                0x0000000010000034        0x4 Middlewares/Third_Party/FreeRTOS/cmsis_os2.o
 .bss.Idle_TCB  0x0000000010000038       0x5c Middlewares/Third_Party/FreeRTOS/cmsis_os2.o
 .bss.Idle_Stack
                0x0000000010000094      0x200 Middlewares/Third_Party/FreeRTOS/cmsis_os2.o
 .bss.Timer_TCB
                0x0000000010000294       0x5c Middlewares/Third_Party/FreeRTOS/cmsis_os2.o
 .bss.Timer_Stack
                0x00000000100002f0      0x400 Middlewares/Third_Party/FreeRTOS/cmsis_os2.o
 .bss.ucHeap    0x00000000100006f0     0x3c00 Middlewares/Third_Party/FreeRTOS/heap_4.o
 .bss.xStart    0x00000000100042f0        0x8 Middlewares/Third_Party/FreeRTOS/heap_4.o
 .bss.pxEnd     0x00000000100042f8        0x4 Middlewares/Third_Party/FreeRTOS/heap_4.o
 .bss.xFreeBytesRemaining
                0x00000000100042fc        0x4 Middlewares/Third_Party/FreeRTOS/heap_4.o
 .bss.xMinimumEverFreeBytesRemaining
                0x0000000010004300        0x4 Middlewares/Third_Party/FreeRTOS/heap_4.o
 .bss.xBlockAllocatedBit
                0x0000000010004304        0x4 Middlewares/Third_Party/FreeRTOS/heap_4.o
 .bss.ucMaxSysCallPriority
                0x0000000010004308        0x1 Middlewares/Third_Party/FreeRTOS/port.o
 *fill*         0x0000000010004309        0x3 
 .bss.ulMaxPRIGROUPValue
                0x000000001000430c        0x4 Middlewares/Third_Party/FreeRTOS/port.o
 .bss.pxCurrentTCB
                0x0000000010004310        0x4 Middlewares/Third_Party/FreeRTOS/tasks.o
                0x0000000010004310                pxCurrentTCB
 .bss.pxReadyTasksLists
                0x0000000010004314      0x460 Middlewares/Third_Party/FreeRTOS/tasks.o
 .bss.xDelayedTaskList1
                0x0000000010004774       0x14 Middlewares/Third_Party/FreeRTOS/tasks.o
 .bss.xDelayedTaskList2
                0x0000000010004788       0x14 Middlewares/Third_Party/FreeRTOS/tasks.o
 .bss.pxDelayedTaskList
                0x000000001000479c        0x4 Middlewares/Third_Party/FreeRTOS/tasks.o
 .bss.pxOverflowDelayedTaskList
                0x00000000100047a0        0x4 Middlewares/Third_Party/FreeRTOS/tasks.o
 .bss.xPendingReadyList
                0x00000000100047a4       0x14 Middlewares/Third_Party/FreeRTOS/tasks.o
 .bss.xTasksWaitingTermination
                0x00000000100047b8       0x14 Middlewares/Third_Party/FreeRTOS/tasks.o
 .bss.uxDeletedTasksWaitingCleanUp
                0x00000000100047cc        0x4 Middlewares/Third_Party/FreeRTOS/tasks.o
 .bss.xSuspendedTaskList
                0x00000000100047d0       0x14 Middlewares/Third_Party/FreeRTOS/tasks.o
 .bss.uxCurrentNumberOfTasks
                0x00000000100047e4        0x4 Middlewares/Third_Party/FreeRTOS/tasks.o
 .bss.xTickCount
                0x00000000100047e8        0x4 Middlewares/Third_Party/FreeRTOS/tasks.o
 .bss.uxTopReadyPriority
                0x00000000100047ec        0x4 Middlewares/Third_Party/FreeRTOS/tasks.o
 .bss.xSchedulerRunning
                0x00000000100047f0        0x4 Middlewares/Third_Party/FreeRTOS/tasks.o
 .bss.uxPendedTicks
                0x00000000100047f4        0x4 Middlewares/Third_Party/FreeRTOS/tasks.o
 .bss.xYieldPending
                0x00000000100047f8        0x4 Middlewares/Third_Party/FreeRTOS/tasks.o
 .bss.xNumOfOverflows
                0x00000000100047fc        0x4 Middlewares/Third_Party/FreeRTOS/tasks.o
 .bss.uxTaskNumber
                0x0000000010004800        0x4 Middlewares/Third_Party/FreeRTOS/tasks.o
 .bss.xNextTaskUnblockTime
                0x0000000010004804        0x4 Middlewares/Third_Party/FreeRTOS/tasks.o
 .bss.xIdleTaskHandle
                0x0000000010004808        0x4 Middlewares/Third_Party/FreeRTOS/tasks.o
 .bss.uxSchedulerSuspended
                0x000000001000480c        0x4 Middlewares/Third_Party/FreeRTOS/tasks.o
 .bss.xActiveTimerList1
                0x0000000010004810       0x14 Middlewares/Third_Party/FreeRTOS/timers.o
 .bss.xActiveTimerList2
                0x0000000010004824       0x14 Middlewares/Third_Party/FreeRTOS/timers.o
 .bss.pxCurrentTimerList
                0x0000000010004838        0x4 Middlewares/Third_Party/FreeRTOS/timers.o
 .bss.pxOverflowTimerList
                0x000000001000483c        0x4 Middlewares/Third_Party/FreeRTOS/timers.o
 .bss.xTimerQueue
                0x0000000010004840        0x4 Middlewares/Third_Party/FreeRTOS/timers.o
 .bss.xTimerTaskHandle
                0x0000000010004844        0x4 Middlewares/Third_Party/FreeRTOS/timers.o
 .bss.xLastTime.6741
                0x0000000010004848        0x4 Middlewares/Third_Party/FreeRTOS/timers.o
 .bss.ucStaticTimerQueueStorage.6792
                0x000000001000484c       0xa0 Middlewares/Third_Party/FreeRTOS/timers.o
 .bss.xStaticTimerQueue.6791
                0x00000000100048ec       0x50 Middlewares/Third_Party/FreeRTOS/timers.o
 *(COMMON)
 COMMON         0x000000001000493c        0xc Core/Src/main.o
                0x000000001000493c                defaultTaskHandle
                0x0000000010004940                periodReceiveHandle
                0x0000000010004944                blinkHandle
 COMMON         0x0000000010004948       0x4c Core/Src/stm32h7xx_hal_timebase_tim.o
                0x0000000010004948                htim2
 COMMON         0x0000000010004994        0x4 Drivers/STM32H7xx_HAL_Driver/stm32h7xx_hal.o
                0x0000000010004994                uwTick
 COMMON         0x0000000010004998       0x40 Middlewares/Third_Party/FreeRTOS/queue.o
                0x0000000010004998                xQueueRegistry
                0x00000000100049d8                . = ALIGN (0x4)
                0x00000000100049d8                _ebss = .
                0x00000000100049d8                __bss_end__ = _ebss

._user_heap_stack
                0x00000000100049d8      0x600 load address 0x00000000081046fc
                0x00000000100049d8                . = ALIGN (0x8)
                [!provide]                        PROVIDE (end = .)
                0x00000000100049d8                PROVIDE (_end = .)
                0x0000000010004bd8                . = (. + _Min_Heap_Size)
 *fill*         0x00000000100049d8      0x200 
                0x0000000010004fd8                . = (. + _Min_Stack_Size)
 *fill*         0x0000000010004bd8      0x400 
                0x0000000010004fd8                . = ALIGN (0x8)

/DISCARD/
 libc.a(*)
 libm.a(*)
 libgcc.a(*)

.ARM.attributes
                0x0000000000000000       0x30
 *(.ARM.attributes)
 .ARM.attributes
                0x0000000000000000       0x22 /Applications/STM32CubeIDE.app/Contents/Eclipse/plugins/com.st.stm32cube.ide.mcu.externaltools.gnu-tools-for-stm32.7-2018-q2-update.macos64_1.5.0.202011040924/tools/bin/../lib/gcc/arm-none-eabi/7.3.1/thumb/v7e-m/fpv4-sp/hard/crti.o
 .ARM.attributes
                0x0000000000000022       0x34 /Applications/STM32CubeIDE.app/Contents/Eclipse/plugins/com.st.stm32cube.ide.mcu.externaltools.gnu-tools-for-stm32.7-2018-q2-update.macos64_1.5.0.202011040924/tools/bin/../lib/gcc/arm-none-eabi/7.3.1/thumb/v7e-m/fpv4-sp/hard/crtbegin.o
 .ARM.attributes
                0x0000000000000056       0x39 Common/Src/system_stm32h7xx_dualcore_boot_cm4_cm7.o
 .ARM.attributes
                0x000000000000008f       0x39 Core/Src/main.o
 .ARM.attributes
                0x00000000000000c8       0x39 Core/Src/stm32h7xx_hal_msp.o
 .ARM.attributes
                0x0000000000000101       0x39 Core/Src/stm32h7xx_hal_timebase_tim.o
 .ARM.attributes
                0x000000000000013a       0x39 Core/Src/stm32h7xx_it.o
 .ARM.attributes
                0x0000000000000173       0x21 Core/Startup/startup_stm32h745zitx.o
 .ARM.attributes
                0x0000000000000194       0x39 Drivers/STM32H7xx_HAL_Driver/stm32h7xx_hal.o
 .ARM.attributes
                0x00000000000001cd       0x39 Drivers/STM32H7xx_HAL_Driver/stm32h7xx_hal_cortex.o
 .ARM.attributes
                0x0000000000000206       0x39 Drivers/STM32H7xx_HAL_Driver/stm32h7xx_hal_gpio.o
 .ARM.attributes
                0x000000000000023f       0x39 Drivers/STM32H7xx_HAL_Driver/stm32h7xx_hal_hsem.o
 .ARM.attributes
                0x0000000000000278       0x39 Drivers/STM32H7xx_HAL_Driver/stm32h7xx_hal_pwr_ex.o
 .ARM.attributes
                0x00000000000002b1       0x39 Drivers/STM32H7xx_HAL_Driver/stm32h7xx_hal_rcc.o
 .ARM.attributes
                0x00000000000002ea       0x39 Drivers/STM32H7xx_HAL_Driver/stm32h7xx_hal_tim.o
 .ARM.attributes
                0x0000000000000323       0x39 Drivers/STM32H7xx_HAL_Driver/stm32h7xx_hal_tim_ex.o
 .ARM.attributes
                0x000000000000035c       0x39 Middlewares/Third_Party/FreeRTOS/cmsis_os2.o
 .ARM.attributes
                0x0000000000000395       0x39 Middlewares/Third_Party/FreeRTOS/heap_4.o
 .ARM.attributes
                0x00000000000003ce       0x39 Middlewares/Third_Party/FreeRTOS/list.o
 .ARM.attributes
                0x0000000000000407       0x39 Middlewares/Third_Party/FreeRTOS/port.o
 .ARM.attributes
                0x0000000000000440       0x39 Middlewares/Third_Party/FreeRTOS/queue.o
 .ARM.attributes
                0x0000000000000479       0x39 Middlewares/Third_Party/FreeRTOS/tasks.o
 .ARM.attributes
                0x00000000000004b2       0x39 Middlewares/Third_Party/FreeRTOS/timers.o
 .ARM.attributes
                0x00000000000004eb       0x34 /Applications/STM32CubeIDE.app/Contents/Eclipse/plugins/com.st.stm32cube.ide.mcu.externaltools.gnu-tools-for-stm32.7-2018-q2-update.macos64_1.5.0.202011040924/tools/bin/../lib/gcc/arm-none-eabi/7.3.1/../../../../arm-none-eabi/lib/thumb/v7e-m/fpv4-sp/hard/libc_nano.a(lib_a-init.o)
 .ARM.attributes
                0x000000000000051f       0x34 /Applications/STM32CubeIDE.app/Contents/Eclipse/plugins/com.st.stm32cube.ide.mcu.externaltools.gnu-tools-for-stm32.7-2018-q2-update.macos64_1.5.0.202011040924/tools/bin/../lib/gcc/arm-none-eabi/7.3.1/../../../../arm-none-eabi/lib/thumb/v7e-m/fpv4-sp/hard/libc_nano.a(lib_a-memcpy-stub.o)
 .ARM.attributes
                0x0000000000000553       0x34 /Applications/STM32CubeIDE.app/Contents/Eclipse/plugins/com.st.stm32cube.ide.mcu.externaltools.gnu-tools-for-stm32.7-2018-q2-update.macos64_1.5.0.202011040924/tools/bin/../lib/gcc/arm-none-eabi/7.3.1/../../../../arm-none-eabi/lib/thumb/v7e-m/fpv4-sp/hard/libc_nano.a(lib_a-memset.o)
 .ARM.attributes
                0x0000000000000587       0x22 /Applications/STM32CubeIDE.app/Contents/Eclipse/plugins/com.st.stm32cube.ide.mcu.externaltools.gnu-tools-for-stm32.7-2018-q2-update.macos64_1.5.0.202011040924/tools/bin/../lib/gcc/arm-none-eabi/7.3.1/thumb/v7e-m/fpv4-sp/hard/crtn.o
OUTPUT(slorp_CM4.elf elf32-littlearm)

.debug_info     0x0000000000000000    0x20f49
 .debug_info    0x0000000000000000     0x10ae Common/Src/system_stm32h7xx_dualcore_boot_cm4_cm7.o
 .debug_info    0x00000000000010ae     0x1c2c Core/Src/main.o
 .debug_info    0x0000000000002cda     0x11f7 Core/Src/stm32h7xx_hal_msp.o
 .debug_info    0x0000000000003ed1     0x196d Core/Src/stm32h7xx_hal_timebase_tim.o
 .debug_info    0x000000000000583e     0x1164 Core/Src/stm32h7xx_it.o
 .debug_info    0x00000000000069a2       0x22 Core/Startup/startup_stm32h745zitx.o
 .debug_info    0x00000000000069c4     0x206a Drivers/STM32H7xx_HAL_Driver/stm32h7xx_hal.o
 .debug_info    0x0000000000008a2e     0x18d0 Drivers/STM32H7xx_HAL_Driver/stm32h7xx_hal_cortex.o
 .debug_info    0x000000000000a2fe     0x16ec Drivers/STM32H7xx_HAL_Driver/stm32h7xx_hal_gpio.o
 .debug_info    0x000000000000b9ea      0xdc2 Drivers/STM32H7xx_HAL_Driver/stm32h7xx_hal_hsem.o
 .debug_info    0x000000000000c7ac     0x1939 Drivers/STM32H7xx_HAL_Driver/stm32h7xx_hal_pwr_ex.o
 .debug_info    0x000000000000e0e5     0x179e Drivers/STM32H7xx_HAL_Driver/stm32h7xx_hal_rcc.o
 .debug_info    0x000000000000f883     0x3327 Drivers/STM32H7xx_HAL_Driver/stm32h7xx_hal_tim.o
 .debug_info    0x0000000000012baa     0x1f7d Drivers/STM32H7xx_HAL_Driver/stm32h7xx_hal_tim_ex.o
 .debug_info    0x0000000000014b27     0x401f Middlewares/Third_Party/FreeRTOS/cmsis_os2.o
 .debug_info    0x0000000000018b46      0xbea Middlewares/Third_Party/FreeRTOS/heap_4.o
 .debug_info    0x0000000000019730      0xacb Middlewares/Third_Party/FreeRTOS/list.o
 .debug_info    0x000000000001a1fb      0x533 Middlewares/Third_Party/FreeRTOS/port.o
 .debug_info    0x000000000001a72e     0x239c Middlewares/Third_Party/FreeRTOS/queue.o
 .debug_info    0x000000000001caca     0x29c5 Middlewares/Third_Party/FreeRTOS/tasks.o
 .debug_info    0x000000000001f48f     0x1aba Middlewares/Third_Party/FreeRTOS/timers.o

.debug_abbrev   0x0000000000000000     0x3621
 .debug_abbrev  0x0000000000000000      0x21f Common/Src/system_stm32h7xx_dualcore_boot_cm4_cm7.o
 .debug_abbrev  0x000000000000021f      0x2dd Core/Src/main.o
 .debug_abbrev  0x00000000000004fc      0x1e5 Core/Src/stm32h7xx_hal_msp.o
 .debug_abbrev  0x00000000000006e1      0x23d Core/Src/stm32h7xx_hal_timebase_tim.o
 .debug_abbrev  0x000000000000091e      0x1e7 Core/Src/stm32h7xx_it.o
 .debug_abbrev  0x0000000000000b05       0x12 Core/Startup/startup_stm32h745zitx.o
 .debug_abbrev  0x0000000000000b17      0x2e2 Drivers/STM32H7xx_HAL_Driver/stm32h7xx_hal.o
 .debug_abbrev  0x0000000000000df9      0x3b5 Drivers/STM32H7xx_HAL_Driver/stm32h7xx_hal_cortex.o
 .debug_abbrev  0x00000000000011ae      0x28f Drivers/STM32H7xx_HAL_Driver/stm32h7xx_hal_gpio.o
 .debug_abbrev  0x000000000000143d      0x2ab Drivers/STM32H7xx_HAL_Driver/stm32h7xx_hal_hsem.o
 .debug_abbrev  0x00000000000016e8      0x33a Drivers/STM32H7xx_HAL_Driver/stm32h7xx_hal_pwr_ex.o
 .debug_abbrev  0x0000000000001a22      0x2e2 Drivers/STM32H7xx_HAL_Driver/stm32h7xx_hal_rcc.o
 .debug_abbrev  0x0000000000001d04      0x2bd Drivers/STM32H7xx_HAL_Driver/stm32h7xx_hal_tim.o
 .debug_abbrev  0x0000000000001fc1      0x2c3 Drivers/STM32H7xx_HAL_Driver/stm32h7xx_hal_tim_ex.o
 .debug_abbrev  0x0000000000002284      0x3c3 Middlewares/Third_Party/FreeRTOS/cmsis_os2.o
 .debug_abbrev  0x0000000000002647      0x29e Middlewares/Third_Party/FreeRTOS/heap_4.o
 .debug_abbrev  0x00000000000028e5      0x1cf Middlewares/Third_Party/FreeRTOS/list.o
 .debug_abbrev  0x0000000000002ab4      0x210 Middlewares/Third_Party/FreeRTOS/port.o
 .debug_abbrev  0x0000000000002cc4      0x336 Middlewares/Third_Party/FreeRTOS/queue.o
 .debug_abbrev  0x0000000000002ffa      0x350 Middlewares/Third_Party/FreeRTOS/tasks.o
 .debug_abbrev  0x000000000000334a      0x2d7 Middlewares/Third_Party/FreeRTOS/timers.o

.debug_aranges  0x0000000000000000     0x1410
 .debug_aranges
                0x0000000000000000       0x28 Common/Src/system_stm32h7xx_dualcore_boot_cm4_cm7.o
 .debug_aranges
                0x0000000000000028       0x48 Core/Src/main.o
 .debug_aranges
                0x0000000000000070       0x20 Core/Src/stm32h7xx_hal_msp.o
 .debug_aranges
                0x0000000000000090       0x30 Core/Src/stm32h7xx_hal_timebase_tim.o
 .debug_aranges
                0x00000000000000c0       0x50 Core/Src/stm32h7xx_it.o
 .debug_aranges
                0x0000000000000110       0x28 Core/Startup/startup_stm32h745zitx.o
 .debug_aranges
                0x0000000000000138      0x220 Drivers/STM32H7xx_HAL_Driver/stm32h7xx_hal.o
 .debug_aranges
                0x0000000000000358      0x120 Drivers/STM32H7xx_HAL_Driver/stm32h7xx_hal_cortex.o
 .debug_aranges
                0x0000000000000478       0x58 Drivers/STM32H7xx_HAL_Driver/stm32h7xx_hal_gpio.o
 .debug_aranges
                0x00000000000004d0       0x70 Drivers/STM32H7xx_HAL_Driver/stm32h7xx_hal_hsem.o
 .debug_aranges
                0x0000000000000540      0x170 Drivers/STM32H7xx_HAL_Driver/stm32h7xx_hal_pwr_ex.o
 .debug_aranges
                0x00000000000006b0       0x88 Drivers/STM32H7xx_HAL_Driver/stm32h7xx_hal_rcc.o
 .debug_aranges
                0x0000000000000738      0x3e0 Drivers/STM32H7xx_HAL_Driver/stm32h7xx_hal_tim.o
 .debug_aranges
                0x0000000000000b18      0x188 Drivers/STM32H7xx_HAL_Driver/stm32h7xx_hal_tim_ex.o
 .debug_aranges
                0x0000000000000ca0      0x228 Middlewares/Third_Party/FreeRTOS/cmsis_os2.o
 .debug_aranges
                0x0000000000000ec8       0x50 Middlewares/Third_Party/FreeRTOS/heap_4.o
 .debug_aranges
                0x0000000000000f18       0x40 Middlewares/Third_Party/FreeRTOS/list.o
 .debug_aranges
                0x0000000000000f58       0x80 Middlewares/Third_Party/FreeRTOS/port.o
 .debug_aranges
                0x0000000000000fd8      0x158 Middlewares/Third_Party/FreeRTOS/queue.o
 .debug_aranges
                0x0000000000001130      0x1f8 Middlewares/Third_Party/FreeRTOS/tasks.o
 .debug_aranges
                0x0000000000001328       0xe8 Middlewares/Third_Party/FreeRTOS/timers.o

.debug_ranges   0x0000000000000000     0x12c8
 .debug_ranges  0x0000000000000000       0x18 Common/Src/system_stm32h7xx_dualcore_boot_cm4_cm7.o
 .debug_ranges  0x0000000000000018       0x38 Core/Src/main.o
 .debug_ranges  0x0000000000000050       0x10 Core/Src/stm32h7xx_hal_msp.o
 .debug_ranges  0x0000000000000060       0x20 Core/Src/stm32h7xx_hal_timebase_tim.o
 .debug_ranges  0x0000000000000080       0x40 Core/Src/stm32h7xx_it.o
 .debug_ranges  0x00000000000000c0       0x20 Core/Startup/startup_stm32h745zitx.o
 .debug_ranges  0x00000000000000e0      0x210 Drivers/STM32H7xx_HAL_Driver/stm32h7xx_hal.o
 .debug_ranges  0x00000000000002f0      0x110 Drivers/STM32H7xx_HAL_Driver/stm32h7xx_hal_cortex.o
 .debug_ranges  0x0000000000000400       0x48 Drivers/STM32H7xx_HAL_Driver/stm32h7xx_hal_gpio.o
 .debug_ranges  0x0000000000000448       0x60 Drivers/STM32H7xx_HAL_Driver/stm32h7xx_hal_hsem.o
 .debug_ranges  0x00000000000004a8      0x160 Drivers/STM32H7xx_HAL_Driver/stm32h7xx_hal_pwr_ex.o
 .debug_ranges  0x0000000000000608       0x78 Drivers/STM32H7xx_HAL_Driver/stm32h7xx_hal_rcc.o
 .debug_ranges  0x0000000000000680      0x3d0 Drivers/STM32H7xx_HAL_Driver/stm32h7xx_hal_tim.o
 .debug_ranges  0x0000000000000a50      0x178 Drivers/STM32H7xx_HAL_Driver/stm32h7xx_hal_tim_ex.o
 .debug_ranges  0x0000000000000bc8      0x218 Middlewares/Third_Party/FreeRTOS/cmsis_os2.o
 .debug_ranges  0x0000000000000de0       0x40 Middlewares/Third_Party/FreeRTOS/heap_4.o
 .debug_ranges  0x0000000000000e20       0x30 Middlewares/Third_Party/FreeRTOS/list.o
 .debug_ranges  0x0000000000000e50       0x70 Middlewares/Third_Party/FreeRTOS/port.o
 .debug_ranges  0x0000000000000ec0      0x148 Middlewares/Third_Party/FreeRTOS/queue.o
 .debug_ranges  0x0000000000001008      0x1e8 Middlewares/Third_Party/FreeRTOS/tasks.o
 .debug_ranges  0x00000000000011f0       0xd8 Middlewares/Third_Party/FreeRTOS/timers.o

.debug_macro    0x0000000000000000    0x39592
 .debug_macro   0x0000000000000000      0x28f Common/Src/system_stm32h7xx_dualcore_boot_cm4_cm7.o
 .debug_macro   0x000000000000028f      0xa60 Common/Src/system_stm32h7xx_dualcore_boot_cm4_cm7.o
 .debug_macro   0x0000000000000cef       0x2e Common/Src/system_stm32h7xx_dualcore_boot_cm4_cm7.o
 .debug_macro   0x0000000000000d1d       0x3b Common/Src/system_stm32h7xx_dualcore_boot_cm4_cm7.o
 .debug_macro   0x0000000000000d58       0x22 Common/Src/system_stm32h7xx_dualcore_boot_cm4_cm7.o
 .debug_macro   0x0000000000000d7a       0x8e Common/Src/system_stm32h7xx_dualcore_boot_cm4_cm7.o
 .debug_macro   0x0000000000000e08       0x51 Common/Src/system_stm32h7xx_dualcore_boot_cm4_cm7.o
 .debug_macro   0x0000000000000e59       0xef Common/Src/system_stm32h7xx_dualcore_boot_cm4_cm7.o
 .debug_macro   0x0000000000000f48       0x6a Common/Src/system_stm32h7xx_dualcore_boot_cm4_cm7.o
 .debug_macro   0x0000000000000fb2      0x1df Common/Src/system_stm32h7xx_dualcore_boot_cm4_cm7.o
 .debug_macro   0x0000000000001191       0x1c Common/Src/system_stm32h7xx_dualcore_boot_cm4_cm7.o
 .debug_macro   0x00000000000011ad       0x22 Common/Src/system_stm32h7xx_dualcore_boot_cm4_cm7.o
 .debug_macro   0x00000000000011cf       0xdf Common/Src/system_stm32h7xx_dualcore_boot_cm4_cm7.o
 .debug_macro   0x00000000000012ae     0x102d Common/Src/system_stm32h7xx_dualcore_boot_cm4_cm7.o
 .debug_macro   0x00000000000022db      0x11f Common/Src/system_stm32h7xx_dualcore_boot_cm4_cm7.o
 .debug_macro   0x00000000000023fa    0x26850 Common/Src/system_stm32h7xx_dualcore_boot_cm4_cm7.o
 .debug_macro   0x0000000000028c4a       0x43 Common/Src/system_stm32h7xx_dualcore_boot_cm4_cm7.o
 .debug_macro   0x0000000000028c8d      0x232 Common/Src/system_stm32h7xx_dualcore_boot_cm4_cm7.o
 .debug_macro   0x0000000000028ebf     0x3cd3 Common/Src/system_stm32h7xx_dualcore_boot_cm4_cm7.o
 .debug_macro   0x000000000002cb92      0x174 Common/Src/system_stm32h7xx_dualcore_boot_cm4_cm7.o
 .debug_macro   0x000000000002cd06       0x46 Common/Src/system_stm32h7xx_dualcore_boot_cm4_cm7.o
 .debug_macro   0x000000000002cd4c       0x18 Common/Src/system_stm32h7xx_dualcore_boot_cm4_cm7.o
 .debug_macro   0x000000000002cd64       0x3c Common/Src/system_stm32h7xx_dualcore_boot_cm4_cm7.o
 .debug_macro   0x000000000002cda0       0x34 Common/Src/system_stm32h7xx_dualcore_boot_cm4_cm7.o
 .debug_macro   0x000000000002cdd4       0x52 Common/Src/system_stm32h7xx_dualcore_boot_cm4_cm7.o
 .debug_macro   0x000000000002ce26       0x1f Common/Src/system_stm32h7xx_dualcore_boot_cm4_cm7.o
 .debug_macro   0x000000000002ce45       0x43 Common/Src/system_stm32h7xx_dualcore_boot_cm4_cm7.o
 .debug_macro   0x000000000002ce88       0x20 Common/Src/system_stm32h7xx_dualcore_boot_cm4_cm7.o
 .debug_macro   0x000000000002cea8      0x1a3 Common/Src/system_stm32h7xx_dualcore_boot_cm4_cm7.o
 .debug_macro   0x000000000002d04b      0x32a Common/Src/system_stm32h7xx_dualcore_boot_cm4_cm7.o
 .debug_macro   0x000000000002d375      0x1e1 Common/Src/system_stm32h7xx_dualcore_boot_cm4_cm7.o
 .debug_macro   0x000000000002d556       0x54 Common/Src/system_stm32h7xx_dualcore_boot_cm4_cm7.o
 .debug_macro   0x000000000002d5aa     0x3a9d Common/Src/system_stm32h7xx_dualcore_boot_cm4_cm7.o
 .debug_macro   0x0000000000031047     0x104f Common/Src/system_stm32h7xx_dualcore_boot_cm4_cm7.o
 .debug_macro   0x0000000000032096      0x138 Common/Src/system_stm32h7xx_dualcore_boot_cm4_cm7.o
 .debug_macro   0x00000000000321ce      0x133 Common/Src/system_stm32h7xx_dualcore_boot_cm4_cm7.o
 .debug_macro   0x0000000000032301      0x3be Common/Src/system_stm32h7xx_dualcore_boot_cm4_cm7.o
 .debug_macro   0x00000000000326bf       0x27 Common/Src/system_stm32h7xx_dualcore_boot_cm4_cm7.o
 .debug_macro   0x00000000000326e6      0x72d Common/Src/system_stm32h7xx_dualcore_boot_cm4_cm7.o
 .debug_macro   0x0000000000032e13      0x229 Common/Src/system_stm32h7xx_dualcore_boot_cm4_cm7.o
 .debug_macro   0x000000000003303c       0x66 Common/Src/system_stm32h7xx_dualcore_boot_cm4_cm7.o
 .debug_macro   0x00000000000330a2      0x3bb Common/Src/system_stm32h7xx_dualcore_boot_cm4_cm7.o
 .debug_macro   0x000000000003345d      0x408 Common/Src/system_stm32h7xx_dualcore_boot_cm4_cm7.o
 .debug_macro   0x0000000000033865      0x244 Common/Src/system_stm32h7xx_dualcore_boot_cm4_cm7.o
 .debug_macro   0x0000000000033aa9      0x3cb Common/Src/system_stm32h7xx_dualcore_boot_cm4_cm7.o
 .debug_macro   0x0000000000033e74      0x4b7 Common/Src/system_stm32h7xx_dualcore_boot_cm4_cm7.o
 .debug_macro   0x000000000003432b       0x51 Common/Src/system_stm32h7xx_dualcore_boot_cm4_cm7.o
 .debug_macro   0x000000000003437c       0x4a Common/Src/system_stm32h7xx_dualcore_boot_cm4_cm7.o
 .debug_macro   0x00000000000343c6      0x22c Common/Src/system_stm32h7xx_dualcore_boot_cm4_cm7.o
 .debug_macro   0x00000000000345f2       0x64 Common/Src/system_stm32h7xx_dualcore_boot_cm4_cm7.o
 .debug_macro   0x0000000000034656       0xa5 Common/Src/system_stm32h7xx_dualcore_boot_cm4_cm7.o
 .debug_macro   0x00000000000346fb      0x219 Common/Src/system_stm32h7xx_dualcore_boot_cm4_cm7.o
 .debug_macro   0x0000000000034914      0x2eb Common/Src/system_stm32h7xx_dualcore_boot_cm4_cm7.o
 .debug_macro   0x0000000000034bff       0x35 Common/Src/system_stm32h7xx_dualcore_boot_cm4_cm7.o
 .debug_macro   0x0000000000034c34      0xad7 Common/Src/system_stm32h7xx_dualcore_boot_cm4_cm7.o
 .debug_macro   0x000000000003570b      0x2a0 Common/Src/system_stm32h7xx_dualcore_boot_cm4_cm7.o
 .debug_macro   0x00000000000359ab      0x798 Common/Src/system_stm32h7xx_dualcore_boot_cm4_cm7.o
 .debug_macro   0x0000000000036143      0x32e Core/Src/main.o
 .debug_macro   0x0000000000036471      0x137 Core/Src/main.o
 .debug_macro   0x00000000000365a8       0x66 Core/Src/main.o
 .debug_macro   0x000000000003660e       0x74 Core/Src/main.o
 .debug_macro   0x0000000000036682       0xdd Core/Src/main.o
 .debug_macro   0x000000000003675f      0x298 Core/Src/stm32h7xx_hal_msp.o
 .debug_macro   0x00000000000369f7      0x289 Core/Src/stm32h7xx_hal_timebase_tim.o
 .debug_macro   0x0000000000036c80      0x2a2 Core/Src/stm32h7xx_it.o
 .debug_macro   0x0000000000036f22      0x2b3 Drivers/STM32H7xx_HAL_Driver/stm32h7xx_hal.o
 .debug_macro   0x00000000000371d5      0x289 Drivers/STM32H7xx_HAL_Driver/stm32h7xx_hal_cortex.o
 .debug_macro   0x000000000003745e      0x2d3 Drivers/STM32H7xx_HAL_Driver/stm32h7xx_hal_gpio.o
 .debug_macro   0x0000000000037731      0x29b Drivers/STM32H7xx_HAL_Driver/stm32h7xx_hal_hsem.o
 .debug_macro   0x00000000000379cc      0x2c2 Drivers/STM32H7xx_HAL_Driver/stm32h7xx_hal_pwr_ex.o
 .debug_macro   0x0000000000037c8e      0x2ad Drivers/STM32H7xx_HAL_Driver/stm32h7xx_hal_rcc.o
 .debug_macro   0x0000000000037f3b      0x28a Drivers/STM32H7xx_HAL_Driver/stm32h7xx_hal_tim.o
 .debug_macro   0x00000000000381c5      0x289 Drivers/STM32H7xx_HAL_Driver/stm32h7xx_hal_tim_ex.o
 .debug_macro   0x000000000003844e      0x23a Middlewares/Third_Party/FreeRTOS/cmsis_os2.o
 .debug_macro   0x0000000000038688       0x10 Middlewares/Third_Party/FreeRTOS/cmsis_os2.o
 .debug_macro   0x0000000000038698       0x20 Middlewares/Third_Party/FreeRTOS/cmsis_os2.o
 .debug_macro   0x00000000000386b8       0x10 Middlewares/Third_Party/FreeRTOS/cmsis_os2.o
 .debug_macro   0x00000000000386c8       0xd3 Middlewares/Third_Party/FreeRTOS/cmsis_os2.o
 .debug_macro   0x000000000003879b       0x91 Middlewares/Third_Party/FreeRTOS/cmsis_os2.o
 .debug_macro   0x000000000003882c       0x8d Middlewares/Third_Party/FreeRTOS/cmsis_os2.o
 .debug_macro   0x00000000000388b9       0x9a Middlewares/Third_Party/FreeRTOS/cmsis_os2.o
 .debug_macro   0x0000000000038953      0x1a1 Middlewares/Third_Party/FreeRTOS/heap_4.o
 .debug_macro   0x0000000000038af4      0x17a Middlewares/Third_Party/FreeRTOS/list.o
 .debug_macro   0x0000000000038c6e      0x196 Middlewares/Third_Party/FreeRTOS/port.o
 .debug_macro   0x0000000000038e04      0x209 Middlewares/Third_Party/FreeRTOS/queue.o
 .debug_macro   0x000000000003900d       0x16 Middlewares/Third_Party/FreeRTOS/queue.o
 .debug_macro   0x0000000000039023       0x87 Middlewares/Third_Party/FreeRTOS/queue.o
 .debug_macro   0x00000000000390aa      0x272 Middlewares/Third_Party/FreeRTOS/tasks.o
 .debug_macro   0x000000000003931c       0x10 Middlewares/Third_Party/FreeRTOS/tasks.o
 .debug_macro   0x000000000003932c      0x1cf Middlewares/Third_Party/FreeRTOS/timers.o
 .debug_macro   0x00000000000394fb       0x97 Middlewares/Third_Party/FreeRTOS/timers.o

.debug_line     0x0000000000000000    0x11676
 .debug_line    0x0000000000000000      0x8cf Common/Src/system_stm32h7xx_dualcore_boot_cm4_cm7.o
 .debug_line    0x00000000000008cf      0xa5a Core/Src/main.o
 .debug_line    0x0000000000001329      0x85d Core/Src/stm32h7xx_hal_msp.o
 .debug_line    0x0000000000001b86      0x899 Core/Src/stm32h7xx_hal_timebase_tim.o
 .debug_line    0x000000000000241f      0x8e3 Core/Src/stm32h7xx_it.o
 .debug_line    0x0000000000002d02       0x87 Core/Startup/startup_stm32h745zitx.o
 .debug_line    0x0000000000002d89      0xd7a Drivers/STM32H7xx_HAL_Driver/stm32h7xx_hal.o
 .debug_line    0x0000000000003b03      0xbc1 Drivers/STM32H7xx_HAL_Driver/stm32h7xx_hal_cortex.o
 .debug_line    0x00000000000046c4      0xa7c Drivers/STM32H7xx_HAL_Driver/stm32h7xx_hal_gpio.o
 .debug_line    0x0000000000005140      0x968 Drivers/STM32H7xx_HAL_Driver/stm32h7xx_hal_hsem.o
 .debug_line    0x0000000000005aa8      0xce5 Drivers/STM32H7xx_HAL_Driver/stm32h7xx_hal_pwr_ex.o
 .debug_line    0x000000000000678d      0xc62 Drivers/STM32H7xx_HAL_Driver/stm32h7xx_hal_rcc.o
 .debug_line    0x00000000000073ef     0x2788 Drivers/STM32H7xx_HAL_Driver/stm32h7xx_hal_tim.o
 .debug_line    0x0000000000009b77     0x15e5 Drivers/STM32H7xx_HAL_Driver/stm32h7xx_hal_tim_ex.o
 .debug_line    0x000000000000b15c     0x1e8b Middlewares/Third_Party/FreeRTOS/cmsis_os2.o
 .debug_line    0x000000000000cfe7      0x7ba Middlewares/Third_Party/FreeRTOS/heap_4.o
 .debug_line    0x000000000000d7a1      0x6d4 Middlewares/Third_Party/FreeRTOS/list.o
 .debug_line    0x000000000000de75      0x740 Middlewares/Third_Party/FreeRTOS/port.o
 .debug_line    0x000000000000e5b5     0x1169 Middlewares/Third_Party/FreeRTOS/queue.o
 .debug_line    0x000000000000f71e     0x1471 Middlewares/Third_Party/FreeRTOS/tasks.o
 .debug_line    0x0000000000010b8f      0xae7 Middlewares/Third_Party/FreeRTOS/timers.o

.debug_str      0x0000000000000000   0x182479
 .debug_str     0x0000000000000000   0x173b29 Common/Src/system_stm32h7xx_dualcore_boot_cm4_cm7.o
                                     0x174052 (size before relaxing)
 .debug_str     0x0000000000173b29     0x53d2 Core/Src/main.o
                                     0x17942e (size before relaxing)
 .debug_str     0x0000000000178efb      0x820 Core/Src/stm32h7xx_hal_msp.o
                                     0x1747f2 (size before relaxing)
 .debug_str     0x000000000017971b      0x162 Core/Src/stm32h7xx_hal_timebase_tim.o
                                     0x174ecd (size before relaxing)
 .debug_str     0x000000000017987d       0xa2 Core/Src/stm32h7xx_it.o
                                     0x1743ec (size before relaxing)
 .debug_str     0x000000000017991f       0x36 Core/Startup/startup_stm32h745zitx.o
                                         0x69 (size before relaxing)
 .debug_str     0x0000000000179955      0xa2f Drivers/STM32H7xx_HAL_Driver/stm32h7xx_hal.o
                                     0x175330 (size before relaxing)
 .debug_str     0x000000000017a384      0x3c3 Drivers/STM32H7xx_HAL_Driver/stm32h7xx_hal_cortex.o
                                     0x174b06 (size before relaxing)
 .debug_str     0x000000000017a747      0x25a Drivers/STM32H7xx_HAL_Driver/stm32h7xx_hal_gpio.o
                                     0x1743a0 (size before relaxing)
 .debug_str     0x000000000017a9a1      0x1e7 Drivers/STM32H7xx_HAL_Driver/stm32h7xx_hal_hsem.o
                                     0x173f56 (size before relaxing)
 .debug_str     0x000000000017ab88      0x6db Drivers/STM32H7xx_HAL_Driver/stm32h7xx_hal_pwr_ex.o
                                     0x1746d5 (size before relaxing)
 .debug_str     0x000000000017b263      0x4b8 Drivers/STM32H7xx_HAL_Driver/stm32h7xx_hal_rcc.o
                                     0x1745cc (size before relaxing)
 .debug_str     0x000000000017b71b      0xe97 Drivers/STM32H7xx_HAL_Driver/stm32h7xx_hal_tim.o
                                     0x1752ef (size before relaxing)
 .debug_str     0x000000000017c5b2      0x6b2 Drivers/STM32H7xx_HAL_Driver/stm32h7xx_hal_tim_ex.o
                                     0x174bfe (size before relaxing)
 .debug_str     0x000000000017cc64     0x2922 Middlewares/Third_Party/FreeRTOS/cmsis_os2.o
                                       0xe379 (size before relaxing)
 .debug_str     0x000000000017f586      0x3d2 Middlewares/Third_Party/FreeRTOS/heap_4.o
                                       0xae8d (size before relaxing)
 .debug_str     0x000000000017f958      0x148 Middlewares/Third_Party/FreeRTOS/list.o
                                       0xa69a (size before relaxing)
 .debug_str     0x000000000017faa0      0x843 Middlewares/Third_Party/FreeRTOS/port.o
                                       0x8463 (size before relaxing)
 .debug_str     0x00000000001802e3      0x8f9 Middlewares/Third_Party/FreeRTOS/queue.o
                                       0xbff9 (size before relaxing)
 .debug_str     0x0000000000180bdc     0x1275 Middlewares/Third_Party/FreeRTOS/tasks.o
                                       0xcb30 (size before relaxing)
 .debug_str     0x0000000000181e51      0x628 Middlewares/Third_Party/FreeRTOS/timers.o
                                       0xc576 (size before relaxing)

.comment        0x0000000000000000       0x7b
 .comment       0x0000000000000000       0x7b Common/Src/system_stm32h7xx_dualcore_boot_cm4_cm7.o
                                         0x7c (size before relaxing)
 .comment       0x000000000000007b       0x7c Core/Src/main.o
 .comment       0x000000000000007b       0x7c Core/Src/stm32h7xx_hal_msp.o
 .comment       0x000000000000007b       0x7c Core/Src/stm32h7xx_hal_timebase_tim.o
 .comment       0x000000000000007b       0x7c Core/Src/stm32h7xx_it.o
 .comment       0x000000000000007b       0x7c Drivers/STM32H7xx_HAL_Driver/stm32h7xx_hal.o
 .comment       0x000000000000007b       0x7c Drivers/STM32H7xx_HAL_Driver/stm32h7xx_hal_cortex.o
 .comment       0x000000000000007b       0x7c Drivers/STM32H7xx_HAL_Driver/stm32h7xx_hal_gpio.o
 .comment       0x000000000000007b       0x7c Drivers/STM32H7xx_HAL_Driver/stm32h7xx_hal_hsem.o
 .comment       0x000000000000007b       0x7c Drivers/STM32H7xx_HAL_Driver/stm32h7xx_hal_pwr_ex.o
 .comment       0x000000000000007b       0x7c Drivers/STM32H7xx_HAL_Driver/stm32h7xx_hal_rcc.o
 .comment       0x000000000000007b       0x7c Drivers/STM32H7xx_HAL_Driver/stm32h7xx_hal_tim.o
 .comment       0x000000000000007b       0x7c Drivers/STM32H7xx_HAL_Driver/stm32h7xx_hal_tim_ex.o
 .comment       0x000000000000007b       0x7c Middlewares/Third_Party/FreeRTOS/cmsis_os2.o
 .comment       0x000000000000007b       0x7c Middlewares/Third_Party/FreeRTOS/heap_4.o
 .comment       0x000000000000007b       0x7c Middlewares/Third_Party/FreeRTOS/list.o
 .comment       0x000000000000007b       0x7c Middlewares/Third_Party/FreeRTOS/port.o
 .comment       0x000000000000007b       0x7c Middlewares/Third_Party/FreeRTOS/queue.o
 .comment       0x000000000000007b       0x7c Middlewares/Third_Party/FreeRTOS/tasks.o
 .comment       0x000000000000007b       0x7c Middlewares/Third_Party/FreeRTOS/timers.o

.debug_frame    0x0000000000000000     0x53d4
 .debug_frame   0x0000000000000000       0x58 Common/Src/system_stm32h7xx_dualcore_boot_cm4_cm7.o
 .debug_frame   0x0000000000000058       0xd0 Core/Src/main.o
 .debug_frame   0x0000000000000128       0x34 Core/Src/stm32h7xx_hal_msp.o
 .debug_frame   0x000000000000015c       0x74 Core/Src/stm32h7xx_hal_timebase_tim.o
 .debug_frame   0x00000000000001d0       0xc4 Core/Src/stm32h7xx_it.o
 .debug_frame   0x0000000000000294      0x8c8 Drivers/STM32H7xx_HAL_Driver/stm32h7xx_hal.o
 .debug_frame   0x0000000000000b5c      0x4b8 Drivers/STM32H7xx_HAL_Driver/stm32h7xx_hal_cortex.o
 .debug_frame   0x0000000000001014      0x14c Drivers/STM32H7xx_HAL_Driver/stm32h7xx_hal_gpio.o
 .debug_frame   0x0000000000001160      0x1bc Drivers/STM32H7xx_HAL_Driver/stm32h7xx_hal_hsem.o
 .debug_frame   0x000000000000131c      0x5ec Drivers/STM32H7xx_HAL_Driver/stm32h7xx_hal_pwr_ex.o
 .debug_frame   0x0000000000001908      0x1f8 Drivers/STM32H7xx_HAL_Driver/stm32h7xx_hal_rcc.o
 .debug_frame   0x0000000000001b00     0x1218 Drivers/STM32H7xx_HAL_Driver/stm32h7xx_hal_tim.o
 .debug_frame   0x0000000000002d18      0x6d8 Drivers/STM32H7xx_HAL_Driver/stm32h7xx_hal_tim_ex.o
 .debug_frame   0x00000000000033f0      0x978 Middlewares/Third_Party/FreeRTOS/cmsis_os2.o
 .debug_frame   0x0000000000003d68      0x108 Middlewares/Third_Party/FreeRTOS/heap_4.o
 .debug_frame   0x0000000000003e70       0xd8 Middlewares/Third_Party/FreeRTOS/list.o
 .debug_frame   0x0000000000003f48      0x1a8 Middlewares/Third_Party/FreeRTOS/port.o
 .debug_frame   0x00000000000040f0      0x5ec Middlewares/Third_Party/FreeRTOS/queue.o
 .debug_frame   0x00000000000046dc      0x8a8 Middlewares/Third_Party/FreeRTOS/tasks.o
 .debug_frame   0x0000000000004f84      0x3dc Middlewares/Third_Party/FreeRTOS/timers.o
 .debug_frame   0x0000000000005360       0x2c /Applications/STM32CubeIDE.app/Contents/Eclipse/plugins/com.st.stm32cube.ide.mcu.externaltools.gnu-tools-for-stm32.7-2018-q2-update.macos64_1.5.0.202011040924/tools/bin/../lib/gcc/arm-none-eabi/7.3.1/../../../../arm-none-eabi/lib/thumb/v7e-m/fpv4-sp/hard/libc_nano.a(lib_a-init.o)
 .debug_frame   0x000000000000538c       0x28 /Applications/STM32CubeIDE.app/Contents/Eclipse/plugins/com.st.stm32cube.ide.mcu.externaltools.gnu-tools-for-stm32.7-2018-q2-update.macos64_1.5.0.202011040924/tools/bin/../lib/gcc/arm-none-eabi/7.3.1/../../../../arm-none-eabi/lib/thumb/v7e-m/fpv4-sp/hard/libc_nano.a(lib_a-memcpy-stub.o)
 .debug_frame   0x00000000000053b4       0x20 /Applications/STM32CubeIDE.app/Contents/Eclipse/plugins/com.st.stm32cube.ide.mcu.externaltools.gnu-tools-for-stm32.7-2018-q2-update.macos64_1.5.0.202011040924/tools/bin/../lib/gcc/arm-none-eabi/7.3.1/../../../../arm-none-eabi/lib/thumb/v7e-m/fpv4-sp/hard/libc_nano.a(lib_a-memset.o)
